Archive member included to satisfy reference by file (symbol)

/usr/lib/gcc/arm-none-eabi/7.3.1/thumb/v6-m/libgcc.a(_dvmd_tls.o)
                              CMakeFiles/tcp_server.dir/home/pi/pico/pico-sdk/src/rp2_common/pico_divider/divider.S.obj (__aeabi_idiv0)
/usr/lib/gcc/arm-none-eabi/7.3.1/../../../arm-none-eabi/lib/thumb/v6-m/libc.a(lib_a-atexit.o)
                              /usr/lib/gcc/arm-none-eabi/7.3.1/../../../arm-none-eabi/lib/thumb/v6-m/crt0.o (atexit)
/usr/lib/gcc/arm-none-eabi/7.3.1/../../../arm-none-eabi/lib/thumb/v6-m/libc.a(lib_a-atoi.o)
                              CMakeFiles/tcp_server.dir/tcp_server.cpp.obj (atoi)
/usr/lib/gcc/arm-none-eabi/7.3.1/../../../arm-none-eabi/lib/thumb/v6-m/libc.a(lib_a-calloc.o)
                              CMakeFiles/tcp_server.dir/home/pi/pico/pico-sdk/src/rp2_common/pico_malloc/pico_malloc.c.obj (calloc)
/usr/lib/gcc/arm-none-eabi/7.3.1/../../../arm-none-eabi/lib/thumb/v6-m/libc.a(lib_a-callocr.o)
                              /usr/lib/gcc/arm-none-eabi/7.3.1/../../../arm-none-eabi/lib/thumb/v6-m/libc.a(lib_a-calloc.o) (_calloc_r)
/usr/lib/gcc/arm-none-eabi/7.3.1/../../../arm-none-eabi/lib/thumb/v6-m/libc.a(lib_a-fini.o)
                              /usr/lib/gcc/arm-none-eabi/7.3.1/../../../arm-none-eabi/lib/thumb/v6-m/crt0.o (__libc_fini_array)
/usr/lib/gcc/arm-none-eabi/7.3.1/../../../arm-none-eabi/lib/thumb/v6-m/libc.a(lib_a-impure.o)
                              /usr/lib/gcc/arm-none-eabi/7.3.1/../../../arm-none-eabi/lib/thumb/v6-m/libc.a(lib_a-calloc.o) (_impure_ptr)
/usr/lib/gcc/arm-none-eabi/7.3.1/../../../arm-none-eabi/lib/thumb/v6-m/libc.a(lib_a-init.o)
                              /usr/lib/gcc/arm-none-eabi/7.3.1/../../../arm-none-eabi/lib/thumb/v6-m/crt0.o (__libc_init_array)
/usr/lib/gcc/arm-none-eabi/7.3.1/../../../arm-none-eabi/lib/thumb/v6-m/libc.a(lib_a-malloc.o)
                              CMakeFiles/tcp_server.dir/home/pi/pico/pico-sdk/src/rp2_common/pico_malloc/pico_malloc.c.obj (malloc)
/usr/lib/gcc/arm-none-eabi/7.3.1/../../../arm-none-eabi/lib/thumb/v6-m/libc.a(lib_a-mallocr.o)
                              /usr/lib/gcc/arm-none-eabi/7.3.1/../../../arm-none-eabi/lib/thumb/v6-m/libc.a(lib_a-callocr.o) (_malloc_r)
/usr/lib/gcc/arm-none-eabi/7.3.1/../../../arm-none-eabi/lib/thumb/v6-m/libc.a(lib_a-mlock.o)
                              /usr/lib/gcc/arm-none-eabi/7.3.1/../../../arm-none-eabi/lib/thumb/v6-m/libc.a(lib_a-mallocr.o) (__malloc_lock)
/usr/lib/gcc/arm-none-eabi/7.3.1/../../../arm-none-eabi/lib/thumb/v6-m/libc.a(lib_a-sbrkr.o)
                              /usr/lib/gcc/arm-none-eabi/7.3.1/../../../arm-none-eabi/lib/thumb/v6-m/libc.a(lib_a-mallocr.o) (_sbrk_r)
/usr/lib/gcc/arm-none-eabi/7.3.1/../../../arm-none-eabi/lib/thumb/v6-m/libc.a(lib_a-strchr.o)
                              CMakeFiles/tcp_server.dir/tcp_server.cpp.obj (strchr)
/usr/lib/gcc/arm-none-eabi/7.3.1/../../../arm-none-eabi/lib/thumb/v6-m/libc.a(lib_a-strcpy.o)
                              CMakeFiles/tcp_server.dir/tcp_server.cpp.obj (strcpy)
/usr/lib/gcc/arm-none-eabi/7.3.1/../../../arm-none-eabi/lib/thumb/v6-m/libc.a(lib_a-strlen-stub.o)
                              CMakeFiles/tcp_server.dir/tcp_server.cpp.obj (strlen)
/usr/lib/gcc/arm-none-eabi/7.3.1/../../../arm-none-eabi/lib/thumb/v6-m/libc.a(lib_a-strstr.o)
                              CMakeFiles/tcp_server.dir/tcp_server.cpp.obj (strstr)
/usr/lib/gcc/arm-none-eabi/7.3.1/../../../arm-none-eabi/lib/thumb/v6-m/libc.a(lib_a-strtol.o)
                              /usr/lib/gcc/arm-none-eabi/7.3.1/../../../arm-none-eabi/lib/thumb/v6-m/libc.a(lib_a-atoi.o) (_strtol_r)
/usr/lib/gcc/arm-none-eabi/7.3.1/../../../arm-none-eabi/lib/thumb/v6-m/libc.a(lib_a-__atexit.o)
                              /usr/lib/gcc/arm-none-eabi/7.3.1/../../../arm-none-eabi/lib/thumb/v6-m/libc.a(lib_a-atexit.o) (__register_exitproc)
/usr/lib/gcc/arm-none-eabi/7.3.1/../../../arm-none-eabi/lib/thumb/v6-m/libc.a(lib_a-ctype_.o)
                              /usr/lib/gcc/arm-none-eabi/7.3.1/../../../arm-none-eabi/lib/thumb/v6-m/libc.a(lib_a-strtol.o) (_ctype_)
/usr/lib/gcc/arm-none-eabi/7.3.1/../../../arm-none-eabi/lib/thumb/v6-m/libc.a(lib_a-freer.o)
                              /usr/lib/gcc/arm-none-eabi/7.3.1/../../../arm-none-eabi/lib/thumb/v6-m/libc.a(lib_a-malloc.o) (_free_r)
/usr/lib/gcc/arm-none-eabi/7.3.1/../../../arm-none-eabi/lib/thumb/v6-m/libc.a(lib_a-memcmp.o)
                              /usr/lib/gcc/arm-none-eabi/7.3.1/../../../arm-none-eabi/lib/thumb/v6-m/libc.a(lib_a-strstr.o) (memcmp)
/usr/lib/gcc/arm-none-eabi/7.3.1/../../../arm-none-eabi/lib/thumb/v6-m/libc.a(lib_a-reent.o)
                              /usr/lib/gcc/arm-none-eabi/7.3.1/../../../arm-none-eabi/lib/thumb/v6-m/libc.a(lib_a-sbrkr.o) (errno)
/usr/lib/gcc/arm-none-eabi/7.3.1/../../../arm-none-eabi/lib/thumb/v6-m/libc.a(lib_a-strnlen.o)
[...]
Memory Configuration

Name             Origin             Length             Attributes
FLASH            0x10000000         0x00200000         xr
RAM              0x20000000         0x00040000         xrw
SCRATCH_X        0x20040000         0x00001000         xrw
SCRATCH_Y        0x20041000         0x00001000         xrw
*default*        0x00000000         0xffffffff

Linker script and memory map

LOAD /usr/lib/gcc/arm-none-eabi/7.3.1/thumb/v6-m/crti.o
LOAD /usr/lib/gcc/arm-none-eabi/7.3.1/thumb/v6-m/crtbegin.o
LOAD /usr/lib/gcc/arm-none-eabi/7.3.1/../../../arm-none-eabi/lib/thumb/v6-m/crt0.o

.flash_begin    0x10000000        0x0
                0x10000000                __flash_binary_start = .

.boot2          0x10000000      0x100
                0x10000000                __boot2_start__ = .
 *(.boot2)
 .boot2         0x10000000      0x100 /tmp/cc2lnZyG.o
                0x10000100                __boot2_end__ = .
                0x00000001                ASSERT (((__boot2_end__ - __boot2_start__) == 0x100), ERROR: Pico second stage bootloader must be 256 bytes in size)

.text           0x10000100     0x8cd0
                0x10000100                __logical_binary_start = .
 *(.vectors)
 .vectors       0x10000100       0xd4 CMakeFiles/tcp_server.dir/home/pi/pico/pico-sdk/src/rp2_common/pico_standard_link/crt0.S.obj
                0x10000100                __vectors
                0x10000100                __VECTOR_TABLE
                0x100001c0                isr_invalid
                0x100001c0                __default_isrs_start
                0x100001c2                isr_nmi
                0x100001c4                isr_hardfault
                0x100001c6                isr_svcall
                0x100001c8                isr_pendsv
                0x100001ca                isr_systick
                0x100001cc                isr_irq30
                0x100001cc                __unhandled_user_irq
                0x100001cc                isr_irq13
                0x100001cc                isr_irq27
                0x100001cc                isr_irq31
                0x100001cc                isr_irq5
                0x100001cc                isr_irq11
                0x100001cc                isr_irq23
                0x100001cc                isr_irq18
                0x100001cc                isr_irq28
                0x100001cc                isr_irq19
                0x100001cc                isr_irq0
                0x100001cc                isr_irq6
                0x100001cc                isr_irq22
                0x100001cc                isr_irq17
                0x100001cc                isr_irq14
                0x100001cc                isr_irq2
                0x100001cc                isr_irq10
                0x100001cc                isr_irq8
                0x100001cc                isr_irq24
                0x100001cc                isr_irq1
                0x100001cc                isr_irq7
                0x100001cc                isr_irq21
                0x100001cc                isr_irq20
                0x100001cc                isr_irq15
                0x100001cc                isr_irq25
                0x100001cc                isr_irq4
                0x100001cc                isr_irq16
                0x100001cc                isr_irq29
                0x100001cc                isr_irq26
                0x100001cc                __default_isrs_end
                0x100001cc                isr_irq3
                0x100001cc                isr_irq12
                0x100001cc                isr_irq9
                0x100001d2                unhandled_user_irq_num_in_r0
 *(.binary_info_header)
 .binary_info_header
                0x100001d4       0x14 CMakeFiles/tcp_server.dir/home/pi/pico/pico-sdk/src/rp2_common/pico_standard_link/crt0.S.obj
                0x100001e8                __binary_info_header_end = .
 *(.reset)
 .reset         0x100001e8       0xa8 CMakeFiles/tcp_server.dir/home/pi/pico/pico-sdk/src/rp2_common/pico_standard_link/crt0.S.obj
                0x100001e8                _entry_point
                0x10000266                __get_current_exception
 .reset         0x10000290       0x30 CMakeFiles/tcp_server.dir/home/pi/pico/pico-sdk/src/rp2_common/pico_standard_link/binary_info.c.obj
 *(.init)
 .init          0x100002c0        0x4 /usr/lib/gcc/arm-none-eabi/7.3.1/thumb/v6-m/crti.o
                0x100002c0                _init
 *(EXCLUDE_FILE(*libm.a: *libc.a:*lib_a-mem*.o *libgcc.a:) .text*)
 .text          0x100002c4       0x98 /usr/lib/gcc/arm-none-eabi/7.3.1/thumb/v6-m/crtbegin.o
 .text._Z7sendCMDPKcS0_i.constprop.1
                0x1000035c      0x13c CMakeFiles/tcp_server.dir/tcp_server.cpp.obj
 .text._Z7sendCMDPKcS0_i
                0x10000498      0x154 CMakeFiles/tcp_server.dir/tcp_server.cpp.obj
                0x10000498                sendCMD(char const*, char const*, int)
 .text._Z11ReceiveDatav
                0x100005ec       0x94 CMakeFiles/tcp_server.dir/tcp_server.cpp.obj
                0x100005ec                ReceiveData()
 .text.startup.main
                0x10000680      0x1f8 CMakeFiles/tcp_server.dir/tcp_server.cpp.obj
                0x10000680                main
 .text.gpio_set_function
                0x10000878       0x30 CMakeFiles/tcp_server.dir/home/pi/pico/pico-sdk/src/rp2_common/hardware_gpio/gpio.c.obj
                0x10000878                gpio_set_function
 .text.hw_claim_or_assert
                0x100008a8       0x44 CMakeFiles/tcp_server.dir/home/pi/pico/pico-sdk/src/rp2_common/hardware_claim/claim.c.obj
                0x100008a8                hw_claim_or_assert
 .text.hw_claim_unused_from_range
                0x100008ec       0x9c CMakeFiles/tcp_server.dir/home/pi/pico/pico-sdk/src/rp2_common/hardware_claim/claim.c.obj
                0x100008ec                hw_claim_unused_from_range
 .text.running_on_fpga
                0x10000988       0x10 CMakeFiles/tcp_server.dir/home/pi/pico/pico-sdk/src/rp2_common/pico_platform/platform.c.obj
                0x10000988                running_on_fpga
 .text.spin_locks_reset
                0x10000998       0x1c CMakeFiles/tcp_server.dir/home/pi/pico/pico-sdk/src/rp2_common/hardware_sync/sync.c.obj
                0x10000998                spin_locks_reset
 .text.next_striped_spin_lock_num
                0x100009b4       0x18 CMakeFiles/tcp_server.dir/home/pi/pico/pico-sdk/src/rp2_common/hardware_sync/sync.c.obj
                0x100009b4                next_striped_spin_lock_num
 .text.spin_lock_claim_unused
                0x100009cc       0x20 CMakeFiles/tcp_server.dir/home/pi/pico/pico-sdk/src/rp2_common/hardware_sync/sync.c.obj
                0x100009cc                spin_lock_claim_unused
 .text.uart_init
                0x100009ec       0xe8 CMakeFiles/tcp_server.dir/home/pi/pico/pico-sdk/src/rp2_common/hardware_uart/uart.c.obj
                0x100009ec                uart_init
 .text.uart_is_readable_within_us
                0x10000ad4       0x24 CMakeFiles/tcp_server.dir/home/pi/pico/pico-sdk/src/rp2_common/hardware_uart/uart.c.obj
                0x10000ad4                uart_is_readable_within_us
 .text.timer_pool_entry_comparator
                0x10000af8       0x34 CMakeFiles/tcp_server.dir/home/pi/pico/pico-sdk/src/common/pico_time/time.c.obj
                0x10000af8                timer_pool_entry_comparator
 .text.sleep_until_callback
                0x10000b2c       0x30 CMakeFiles/tcp_server.dir/home/pi/pico/pico-sdk/src/common/pico_time/time.c.obj
 .text.add_alarm_under_lock
                0x10000b5c      0x120 CMakeFiles/tcp_server.dir/home/pi/pico/pico-sdk/src/common/pico_time/time.c.obj
 .text.alarm_pool_alarm_callback
                0x10000c7c      0x1dc CMakeFiles/tcp_server.dir/home/pi/pico/pico-sdk/src/common/pico_time/time.c.obj
 .text.alarm_pool_init_default
                0x10000e58       0x64 CMakeFiles/tcp_server.dir/home/pi/pico/pico-sdk/src/common/pico_time/time.c.obj
                0x10000e58                alarm_pool_init_default
 .text.alarm_pool_get_default
                0x10000ebc        0x8 CMakeFiles/tcp_server.dir/home/pi/pico/pico-sdk/src/common/pico_time/time.c.obj
                0x10000ebc                alarm_pool_get_default
 .text.alarm_pool_add_alarm_at
                0x10000ec4      0x1ac CMakeFiles/tcp_server.dir/home/pi/pico/pico-sdk/src/common/pico_time/time.c.obj
                0x10000ec4                alarm_pool_add_alarm_at
 .text.sleep_until
                0x10001070      0x1ec CMakeFiles/tcp_server.dir/home/pi/pico/pico-sdk/src/common/pico_time/time.c.obj
                0x10001070                sleep_until
 .text.sleep_ms
                0x1000125c       0x38 CMakeFiles/tcp_server.dir/home/pi/pico/pico-sdk/src/common/pico_time/time.c.obj
                0x1000125c                sleep_ms
 .text.best_effort_wfe_or_timeout
                0x10001294      0x1b4 CMakeFiles/tcp_server.dir/home/pi/pico/pico-sdk/src/common/pico_time/time.c.obj
                0x10001294                best_effort_wfe_or_timeout
 .text.hardware_alarm_irq_handler
                0x10001448       0xb0 CMakeFiles/tcp_server.dir/home/pi/pico/pico-sdk/src/rp2_common/hardware_timer/timer.c.obj
 .text.hardware_alarm_claim
                0x100014f8       0x18 CMakeFiles/tcp_server.dir/home/pi/pico/pico-sdk/src/rp2_common/hardware_timer/timer.c.obj
                0x100014f8                hardware_alarm_claim
 .text.time_us_64
                0x10001510       0x18 CMakeFiles/tcp_server.dir/home/pi/pico/pico-sdk/src/rp2_common/hardware_timer/timer.c.obj
                0x10001510                time_us_64
 .text.busy_wait_until
                0x10001528       0x20 CMakeFiles/tcp_server.dir/home/pi/pico/pico-sdk/src/rp2_common/hardware_timer/timer.c.obj
                0x10001528                busy_wait_until
 .text.hardware_alarm_set_callback
                0x10001548       0x8c CMakeFiles/tcp_server.dir/home/pi/pico/pico-sdk/src/rp2_common/hardware_timer/timer.c.obj
                0x10001548                hardware_alarm_set_callback
 .text.hardware_alarm_set_target
                0x100015d4       0xd8 CMakeFiles/tcp_server.dir/home/pi/pico/pico-sdk/src/rp2_common/hardware_timer/timer.c.obj
                0x100015d4                hardware_alarm_set_target
 .text.hardware_alarm_cancel
                0x100016ac       0x40 CMakeFiles/tcp_server.dir/home/pi/pico/pico-sdk/src/rp2_common/hardware_timer/timer.c.obj
                0x100016ac                hardware_alarm_cancel
 .text.lock_init
                0x100016ec       0x10 CMakeFiles/tcp_server.dir/home/pi/pico/pico-sdk/src/common/pico_sync/lock_core.c.obj
                0x100016ec                lock_init
 .text.mutex_init
                0x100016fc       0x1c CMakeFiles/tcp_server.dir/home/pi/pico/pico-sdk/src/common/pico_sync/mutex.c.obj
                0x100016fc                mutex_init
 .text.recursive_mutex_init
                0x10001718       0x1c CMakeFiles/tcp_server.dir/home/pi/pico/pico-sdk/src/common/pico_sync/mutex.c.obj
                0x10001718                recursive_mutex_init
 .text.critical_section_init
                0x10001734       0x20 CMakeFiles/tcp_server.dir/home/pi/pico/pico-sdk/src/common/pico_sync/critical_section.c.obj
                0x10001734                critical_section_init
 .text.ph_merge_two_pass.part.3
                0x10001754       0xcc CMakeFiles/tcp_server.dir/home/pi/pico/pico-sdk/src/common/pico_util/pheap.c.obj
 .text.ph_post_alloc_init
                0x10001820       0x3c CMakeFiles/tcp_server.dir/home/pi/pico/pico-sdk/src/common/pico_util/pheap.c.obj
                0x10001820                ph_post_alloc_init
 .text.ph_remove_head
                0x1000185c      0x158 CMakeFiles/tcp_server.dir/home/pi/pico/pico-sdk/src/common/pico_util/pheap.c.obj
                0x1000185c                ph_remove_head
 .text.ph_remove_and_free_node
                0x100019b4      0x340 CMakeFiles/tcp_server.dir/home/pi/pico/pico-sdk/src/common/pico_util/pheap.c.obj
                0x100019b4                ph_remove_and_free_node
 .text.runtime_init
                0x10001cf4      0x100 CMakeFiles/tcp_server.dir/home/pi/pico/pico-sdk/src/rp2_common/pico_runtime/runtime.c.obj
                0x10001cf4                runtime_init
 .text.exit     0x10001df4        0x4 CMakeFiles/tcp_server.dir/home/pi/pico/pico-sdk/src/rp2_common/pico_runtime/runtime.c.obj
                0x10001df4                exit
 .text.panic    0x10001df8       0x30 CMakeFiles/tcp_server.dir/home/pi/pico/pico-sdk/src/rp2_common/pico_runtime/runtime.c.obj
                0x10001df8                panic
 .text.hard_assertion_failure
                0x10001e28        0xc CMakeFiles/tcp_server.dir/home/pi/pico/pico-sdk/src/rp2_common/pico_runtime/runtime.c.obj
                0x10001e28                hard_assertion_failure
 .text.clocks_init
                0x10001e34      0x2c8 CMakeFiles/tcp_server.dir/home/pi/pico/pico-sdk/src/rp2_common/hardware_clocks/clocks.c.obj
                0x10001e34                clocks_init
 .text.clock_get_hz
                0x100020fc        0xc CMakeFiles/tcp_server.dir/home/pi/pico/pico-sdk/src/rp2_common/hardware_clocks/clocks.c.obj
                0x100020fc                clock_get_hz
 .text.irq_set_enabled
                0x10002108       0x24 CMakeFiles/tcp_server.dir/home/pi/pico/pico-sdk/src/rp2_common/hardware_irq/irq.c.obj
                0x10002108                irq_set_enabled
 .text.irq_set_pending
                0x1000212c       0x10 CMakeFiles/tcp_server.dir/home/pi/pico/pico-sdk/src/rp2_common/hardware_irq/irq.c.obj
                0x1000212c                irq_set_pending
 .text.irq_get_vtable_handler
                0x1000213c       0x10 CMakeFiles/tcp_server.dir/home/pi/pico/pico-sdk/src/rp2_common/hardware_irq/irq.c.obj
                0x1000213c                irq_get_vtable_handler
 .text.irq_set_exclusive_handler
                0x1000214c       0x54 CMakeFiles/tcp_server.dir/home/pi/pico/pico-sdk/src/rp2_common/hardware_irq/irq.c.obj
                0x1000214c                irq_set_exclusive_handler
 .text.irq_remove_handler
                0x100021a0      0x1bc CMakeFiles/tcp_server.dir/home/pi/pico/pico-sdk/src/rp2_common/hardware_irq/irq.c.obj
                0x100021a0                irq_remove_handler
 .text.irq_add_tail_to_free_list
                0x1000235c       0xb4 CMakeFiles/tcp_server.dir/home/pi/pico/pico-sdk/src/rp2_common/hardware_irq/irq.c.obj
                0x1000235c                irq_add_tail_to_free_list
 .text.irq_init_priorities
                0x10002410       0x38 CMakeFiles/tcp_server.dir/home/pi/pico/pico-sdk/src/rp2_common/hardware_irq/irq.c.obj
                0x10002410                irq_init_priorities
 .text.pll_init
                0x10002448       0xa4 CMakeFiles/tcp_server.dir/home/pi/pico/pico-sdk/src/rp2_common/hardware_pll/pll.c.obj
                0x10002448                pll_init
 .text.watchdog_start_tick
                0x100024ec       0x10 CMakeFiles/tcp_server.dir/home/pi/pico/pico-sdk/src/rp2_common/hardware_watchdog/watchdog.c.obj
                0x100024ec                watchdog_start_tick
 .text.watchdog_reboot
                0x100024fc       0x94 CMakeFiles/tcp_server.dir/home/pi/pico/pico-sdk/src/rp2_common/hardware_watchdog/watchdog.c.obj
                0x100024fc                watchdog_reboot
 .text.xosc_init
                0x10002590       0x28 CMakeFiles/tcp_server.dir/home/pi/pico/pico-sdk/src/rp2_common/hardware_xosc/xosc.c.obj
                0x10002590                xosc_init
 .text._out_buffer
                0x100025b8        0x8 CMakeFiles/tcp_server.dir/home/pi/pico/pico-sdk/src/rp2_common/pico_printf/printf.c.obj
 .text._out_null
                0x100025c0        0x4 CMakeFiles/tcp_server.dir/home/pi/pico/pico-sdk/src/rp2_common/pico_printf/printf.c.obj
 .text._out_fct
                0x100025c4       0x10 CMakeFiles/tcp_server.dir/home/pi/pico/pico-sdk/src/rp2_common/pico_printf/printf.c.obj
 .text._out_char
                0x100025d4        0xc CMakeFiles/tcp_server.dir/home/pi/pico/pico-sdk/src/rp2_common/pico_printf/printf.c.obj
 .text._ntoa_format
                0x100025e0      0x270 CMakeFiles/tcp_server.dir/home/pi/pico/pico-sdk/src/rp2_common/pico_printf/printf.c.obj
 .text._etoa.part.0
                0x10002850      0x56c CMakeFiles/tcp_server.dir/home/pi/pico/pico-sdk/src/rp2_common/pico_printf/printf.c.obj
 .text._ftoa    0x10002dbc      0x6f8 CMakeFiles/tcp_server.dir/home/pi/pico/pico-sdk/src/rp2_common/pico_printf/printf.c.obj
 .text._ftoa.part.1
                0x100034b4      0x54c CMakeFiles/tcp_server.dir/home/pi/pico/pico-sdk/src/rp2_common/pico_printf/printf.c.obj
 .text._vsnprintf
                0x10003a00     0x11e0 CMakeFiles/tcp_server.dir/home/pi/pico/pico-sdk/src/rp2_common/pico_printf/printf.c.obj
 .text.__wrap_sprintf
                0x10004be0       0x28 CMakeFiles/tcp_server.dir/home/pi/pico/pico-sdk/src/rp2_common/pico_printf/printf.c.obj
                0x10004be0                __wrap_sprintf
 .text.vfctprintf
                0x10004c08       0x20 CMakeFiles/tcp_server.dir/home/pi/pico/pico-sdk/src/rp2_common/pico_printf/printf.c.obj
                0x10004c08                vfctprintf
 .text.weak_raw_vprintf
                0x10004c28       0x30 CMakeFiles/tcp_server.dir/home/pi/pico/pico-sdk/src/rp2_common/pico_printf/printf.c.obj
                0x10004c28                weak_raw_vprintf
 .text          0x10004c58       0x10 CMakeFiles/tcp_server.dir/home/pi/pico/pico-sdk/src/rp2_common/pico_bit_ops/bit_ops_aeabi.S.obj
 .text.rom_func_lookup
                0x10004c68       0x10 CMakeFiles/tcp_server.dir/home/pi/pico/pico-sdk/src/rp2_common/pico_bootrom/bootrom.c.obj
                0x10004c68                rom_func_lookup
 .text.rom_data_lookup
                0x10004c78       0x10 CMakeFiles/tcp_server.dir/home/pi/pico/pico-sdk/src/rp2_common/pico_bootrom/bootrom.c.obj
                0x10004c78                rom_data_lookup
 .text.rom_funcs_lookup
                0x10004c88       0x3c CMakeFiles/tcp_server.dir/home/pi/pico/pico-sdk/src/rp2_common/pico_bootrom/bootrom.c.obj
                0x10004c88                rom_funcs_lookup
 .text.__wrap___aeabi_idiv
                0x10004cc4       0x50 CMakeFiles/tcp_server.dir/home/pi/pico/pico-sdk/src/rp2_common/pico_divider/divider.S.obj
                0x10004cc4                __wrap___aeabi_idivmod
                0x10004cc4                divmod_s32s32
                0x10004cc4                div_s32s32
                0x10004cc4                __wrap___aeabi_idiv
                0x10004ccc                divmod_s32s32_unsafe
                0x10004cf8                divmod_s32s32_savestate
 .text.__wrap___aeabi_uidiv
                0x10004d14       0x4c CMakeFiles/tcp_server.dir/home/pi/pico/pico-sdk/src/rp2_common/pico_divider/divider.S.obj
                0x10004d14                __wrap___aeabi_uidiv
                0x10004d14                __wrap___aeabi_uidivmod
                0x10004d14                div_u32u32
                0x10004d14                divmod_u32u32
                0x10004d1c                divmod_u32u32_unsafe
                0x10004d44                divmod_u32u32_savestate
 .text.__wrap___aeabi_ldiv
                0x10004d60      0x430 CMakeFiles/tcp_server.dir/home/pi/pico/pico-sdk/src/rp2_common/pico_divider/divider.S.obj
                0x10004d60                div_s64s64
                0x10004d60                divmod_s64s64
                0x10004d60                __wrap___aeabi_ldivmod
                0x10004d98                div_u64u64
                0x10004d98                divmod_u64u64
                0x10004d98                __wrap___aeabi_uldivmod
                0x10004da8                divmod_u64u64_savestate
                0x10004dd0                divmod_s64s64_unsafe
                0x10004e58                divmod_u64u64_unsafe
 .text.__wrap___aeabi_darithmetic
                0x10005190       0x80 CMakeFiles/tcp_server.dir/home/pi/pico/pico-sdk/src/rp2_common/pico_double/double_aeabi.S.obj
                0x10005190                __wrap___aeabi_drsub
                0x10005196                __wrap___aeabi_dsub
                0x100051a8                __wrap___aeabi_dadd
                0x100051ba                __wrap___aeabi_ddiv
                0x100051f6                __wrap___aeabi_dmul
 .text.__wrap___aeabi_cdcmple
                0x10005210       0x6c CMakeFiles/tcp_server.dir/home/pi/pico/pico-sdk/src/rp2_common/pico_double/double_aeabi.S.obj
                0x10005210                __wrap___aeabi_cdrcmple
                0x10005220                __wrap___aeabi_cdcmple
                0x10005220                __wrap___aeabi_cdcmpeq
 .text.__wrap___aeabi_dcmplt
                0x1000527c        0xc CMakeFiles/tcp_server.dir/home/pi/pico/pico-sdk/src/rp2_common/pico_double/double_aeabi.S.obj
                0x1000527c                __wrap___aeabi_dcmplt
 .text.__wrap___aeabi_dcmpge
                0x10005288       0x10 CMakeFiles/tcp_server.dir/home/pi/pico/pico-sdk/src/rp2_common/pico_double/double_aeabi.S.obj
                0x10005288                __wrap___aeabi_dcmpge
 .text.__wrap___aeabi_dcmpgt
                0x10005298        0xa CMakeFiles/tcp_server.dir/home/pi/pico/pico-sdk/src/rp2_common/pico_double/double_aeabi.S.obj
                0x10005298                __wrap___aeabi_dcmpgt
 .text.__wrap___aeabi_dcmpun
                0x100052a2       0x1c CMakeFiles/tcp_server.dir/home/pi/pico/pico-sdk/src/rp2_common/pico_double/double_aeabi.S.obj
                0x100052a2                __wrap___aeabi_dcmpun
 *fill*         0x100052be        0x2 
 .text.__wrap___aeabi_i2d
                0x100052c0       0x38 CMakeFiles/tcp_server.dir/home/pi/pico/pico-sdk/src/rp2_common/pico_double/double_aeabi.S.obj
                0x100052c0                __wrap___aeabi_ui2d
                0x100052c8                __wrap___aeabi_i2d
 .text.__wrap___aeabi_d2iz
                0x100052f8       0x48 CMakeFiles/tcp_server.dir/home/pi/pico/pico-sdk/src/rp2_common/pico_double/double_aeabi.S.obj
                0x100052f8                __wrap___aeabi_d2iz
                0x100052f8                double2int_z
 .text.__wrap___aeabi_d2uiz
                0x10005340       0x18 CMakeFiles/tcp_server.dir/home/pi/pico/pico-sdk/src/rp2_common/pico_double/double_aeabi.S.obj
                0x10005340                double2uint
                0x10005340                __wrap___aeabi_d2uiz
 .text.__aeabi_double_init
                0x10005358       0x4c CMakeFiles/tcp_server.dir/home/pi/pico/pico-sdk/src/rp2_common/pico_double/double_init_rom.c.obj
                0x10005358                __aeabi_double_init
 .text.double_table_shim_on_use_helper
                0x100053a4       0x2c CMakeFiles/tcp_server.dir/home/pi/pico/pico-sdk/src/rp2_common/pico_double/double_v1_rom_shim.S.obj
                0x100053a4                double_table_shim_on_use_helper
 .text.__wrap___aeabi_dsub
                0x100053d0       0x10 CMakeFiles/tcp_server.dir/home/pi/pico/pico-sdk/src/rp2_common/pico_double/double_v1_rom_shim.S.obj
                0x100053d0                drsub_shim
                0x100053d6                dsub_shim
 .text.dadd_shim
                0x100053e0      0x15c CMakeFiles/tcp_server.dir/home/pi/pico/pico-sdk/src/rp2_common/pico_double/double_v1_rom_shim.S.obj
                0x100053e0                dadd_shim
 .text.dmul_shim
                0x1000553c      0x15c CMakeFiles/tcp_server.dir/home/pi/pico/pico-sdk/src/rp2_common/pico_double/double_v1_rom_shim.S.obj
                0x1000553c                dmul_shim
 .text.ddiv_shim
                0x10005698      0x1b0 CMakeFiles/tcp_server.dir/home/pi/pico/pico-sdk/src/rp2_common/pico_double/double_v1_rom_shim.S.obj
                0x10005698                ddiv_shim
 .text.dcordic_rot_step
                0x10005848       0x7c CMakeFiles/tcp_server.dir/home/pi/pico/pico-sdk/src/rp2_common/pico_double/double_v1_rom_shim.S.obj
                0x10005848                dcordic_rot_step
 .text.double2uint_shim
                0x100058c4        0xe CMakeFiles/tcp_server.dir/home/pi/pico/pico-sdk/src/rp2_common/pico_double/double_v1_rom_shim.S.obj
                0x100058c4                double2uint_shim
                0x100058c6                double2ufix_shim
 *fill*         0x100058d2        0x2 
 .text.double2uint64_shim
                0x100058d4       0x6c CMakeFiles/tcp_server.dir/home/pi/pico/pico-sdk/src/rp2_common/pico_double/double_v1_rom_shim.S.obj
                0x100058d4                double2uint64_shim
                0x100058d6                double2ufix64_shim
                0x100058f0                d2fix_a
 .text.dunpacks
                0x10005940       0x3c CMakeFiles/tcp_server.dir/home/pi/pico/pico-sdk/src/rp2_common/pico_double/double_v1_rom_shim.S.obj
                0x10005940                dunpacks
 .text.__aeabi_lmul
                0x1000597c       0x32 CMakeFiles/tcp_server.dir/home/pi/pico/pico-sdk/src/rp2_common/pico_int64_ops/pico_int64_ops_aeabi.S.obj
                0x1000597c                __wrap___aeabi_lmul
 *fill*         0x100059ae        0x2 
 .text.__aeabi_float_init
                0x100059b0       0x68 CMakeFiles/tcp_server.dir/home/pi/pico/pico-sdk/src/rp2_common/pico_float/float_init_rom.c.obj
                0x100059b0                __aeabi_float_init
 .text.float_table_shim_on_use_helper
                0x10005a18       0x2c CMakeFiles/tcp_server.dir/home/pi/pico/pico-sdk/src/rp2_common/pico_float/float_v1_rom_shim.S.obj
                0x10005a18                float_table_shim_on_use_helper
 .text          0x10005a44       0x10 CMakeFiles/tcp_server.dir/home/pi/pico/pico-sdk/src/rp2_common/pico_mem_ops/mem_ops_aeabi.S.obj
                0x10005a44                __aeabi_mem_init
 .text.memset   0x10005a54        0xc CMakeFiles/tcp_server.dir/home/pi/pico/pico-sdk/src/rp2_common/pico_mem_ops/mem_ops_aeabi.S.obj
                0x10005a54                __wrap_memset
 .text.memcpy   0x10005a60        0xc CMakeFiles/tcp_server.dir/home/pi/pico/pico-sdk/src/rp2_common/pico_mem_ops/mem_ops_aeabi.S.obj
                0x10005a60                __wrap___aeabi_memcpy
                0x10005a60                __wrap_memcpy
 .text.stdio_out_chars_crlf.part.0
                0x10005a6c       0x8c CMakeFiles/tcp_server.dir/home/pi/pico/pico-sdk/src/rp2_common/pico_stdio/stdio.c.obj
 .text.stdio_buffered_printer
                0x10005af8       0x70 CMakeFiles/tcp_server.dir/home/pi/pico/pico-sdk/src/rp2_common/pico_stdio/stdio.c.obj
 .text.__wrap_putchar
                0x10005b68       0xb0 CMakeFiles/tcp_server.dir/home/pi/pico/pico-sdk/src/rp2_common/pico_stdio/stdio.c.obj
                0x10005b68                __wrap_putchar
 .text.__wrap_puts
                0x10005c18      0x120 CMakeFiles/tcp_server.dir/home/pi/pico/pico-sdk/src/rp2_common/pico_stdio/stdio.c.obj
                0x10005c18                __wrap_puts
 .text.stdio_set_driver_enabled
                0x10005d38       0x3c CMakeFiles/tcp_server.dir/home/pi/pico/pico-sdk/src/rp2_common/pico_stdio/stdio.c.obj
                0x10005d38                stdio_set_driver_enabled
 .text.__wrap_vprintf
                0x10005d74       0xe0 CMakeFiles/tcp_server.dir/home/pi/pico/pico-sdk/src/rp2_common/pico_stdio/stdio.c.obj
                0x10005d74                __wrap_vprintf
 .text.__wrap_printf
                0x10005e54       0x18 CMakeFiles/tcp_server.dir/home/pi/pico/pico-sdk/src/rp2_common/pico_stdio/stdio.c.obj
                0x10005e54                __wrap_printf
 .text.stdio_init_all
                0x10005e6c        0x8 CMakeFiles/tcp_server.dir/home/pi/pico/pico-sdk/src/rp2_common/pico_stdio/stdio.c.obj
                0x10005e6c                stdio_init_all
 .text.resetd_init
                0x10005e74        0x4 CMakeFiles/tcp_server.dir/home/pi/pico/pico-sdk/src/rp2_common/pico_stdio_usb/reset_interface.c.obj
 .text.resetd_reset
                0x10005e78        0xc CMakeFiles/tcp_server.dir/home/pi/pico/pico-sdk/src/rp2_common/pico_stdio_usb/reset_interface.c.obj
 .text.resetd_xfer_cb
                0x10005e84        0x4 CMakeFiles/tcp_server.dir/home/pi/pico/pico-sdk/src/rp2_common/pico_stdio_usb/reset_interface.c.obj
 .text.resetd_open
                0x10005e88       0x28 CMakeFiles/tcp_server.dir/home/pi/pico/pico-sdk/src/rp2_common/pico_stdio_usb/reset_interface.c.obj
 .text.resetd_control_xfer_cb
                0x10005eb0       0x64 CMakeFiles/tcp_server.dir/home/pi/pico/pico-sdk/src/rp2_common/pico_stdio_usb/reset_interface.c.obj
 .text.usbd_app_driver_get_cb
                0x10005f14        0xc CMakeFiles/tcp_server.dir/home/pi/pico/pico-sdk/src/rp2_common/pico_stdio_usb/reset_interface.c.obj
                0x10005f14                usbd_app_driver_get_cb
 .text.tud_cdc_line_coding_cb
                0x10005f20       0x34 CMakeFiles/tcp_server.dir/home/pi/pico/pico-sdk/src/rp2_common/pico_stdio_usb/reset_interface.c.obj
                0x10005f20                tud_cdc_line_coding_cb
 .text.stdio_usb_in_chars
                0x10005f54       0x68 CMakeFiles/tcp_server.dir/home/pi/pico/pico-sdk/src/rp2_common/pico_stdio_usb/stdio_usb.c.obj
                0x10005f54                stdio_usb_in_chars
 .text.timer_task
                0x10005fbc       0x10 CMakeFiles/tcp_server.dir/home/pi/pico/pico-sdk/src/rp2_common/pico_stdio_usb/stdio_usb.c.obj
 .text.low_priority_worker_irq
                0x10005fcc       0x20 CMakeFiles/tcp_server.dir/home/pi/pico/pico-sdk/src/rp2_common/pico_stdio_usb/stdio_usb.c.obj
 .text.stdio_usb_out_chars
                0x10005fec       0xf0 CMakeFiles/tcp_server.dir/home/pi/pico/pico-sdk/src/rp2_common/pico_stdio_usb/stdio_usb.c.obj
 .text.stdio_usb_init
                0x100060dc       0x8c CMakeFiles/tcp_server.dir/home/pi/pico/pico-sdk/src/rp2_common/pico_stdio_usb/stdio_usb.c.obj
                0x100060dc                stdio_usb_init
 .text.tud_descriptor_device_cb
                0x10006168        0x8 CMakeFiles/tcp_server.dir/home/pi/pico/pico-sdk/src/rp2_common/pico_stdio_usb/stdio_usb_descriptors.c.obj
                0x10006168                tud_descriptor_device_cb
 .text.tud_descriptor_configuration_cb
                0x10006170        0x8 CMakeFiles/tcp_server.dir/home/pi/pico/pico-sdk/src/rp2_common/pico_stdio_usb/stdio_usb_descriptors.c.obj
                0x10006170                tud_descriptor_configuration_cb
 .text.tud_descriptor_string_cb
                0x10006178       0x70 CMakeFiles/tcp_server.dir/home/pi/pico/pico-sdk/src/rp2_common/pico_stdio_usb/stdio_usb_descriptors.c.obj
                0x10006178                tud_descriptor_string_cb
 .text.dcd_rp2040_irq
                0x100061e8      0x144 CMakeFiles/tcp_server.dir/home/pi/pico/pico-sdk/lib/tinyusb/src/portable/raspberrypi/rp2040/dcd_rp2040.c.obj
 .text.dcd_int_enable
                0x1000632c        0xc CMakeFiles/tcp_server.dir/home/pi/pico/pico-sdk/lib/tinyusb/src/portable/raspberrypi/rp2040/dcd_rp2040.c.obj
                0x1000632c                dcd_int_enable
 .text.dcd_set_address
                0x10006338       0x28 CMakeFiles/tcp_server.dir/home/pi/pico/pico-sdk/lib/tinyusb/src/portable/raspberrypi/rp2040/dcd_rp2040.c.obj
                0x10006338                dcd_set_address
 .text.dcd_connect
                0x10006360       0x10 CMakeFiles/tcp_server.dir/home/pi/pico/pico-sdk/lib/tinyusb/src/portable/raspberrypi/rp2040/dcd_rp2040.c.obj
                0x10006360                dcd_connect
 .text.dcd_init
                0x10006370       0x98 CMakeFiles/tcp_server.dir/home/pi/pico/pico-sdk/lib/tinyusb/src/portable/raspberrypi/rp2040/dcd_rp2040.c.obj
                0x10006370                dcd_init
 .text.dcd_edpt0_status_complete
                0x10006408       0x30 CMakeFiles/tcp_server.dir/home/pi/pico/pico-sdk/lib/tinyusb/src/portable/raspberrypi/rp2040/dcd_rp2040.c.obj
                0x10006408                dcd_edpt0_status_complete
 .text.dcd_edpt_open
                0x10006438      0x140 CMakeFiles/tcp_server.dir/home/pi/pico/pico-sdk/lib/tinyusb/src/portable/raspberrypi/rp2040/dcd_rp2040.c.obj
                0x10006438                dcd_edpt_open
 .text.dcd_edpt_xfer
                0x10006578       0x28 CMakeFiles/tcp_server.dir/home/pi/pico/pico-sdk/lib/tinyusb/src/portable/raspberrypi/rp2040/dcd_rp2040.c.obj
                0x10006578                dcd_edpt_xfer
 .text.dcd_edpt_stall
                0x100065a0       0x48 CMakeFiles/tcp_server.dir/home/pi/pico/pico-sdk/lib/tinyusb/src/portable/raspberrypi/rp2040/dcd_rp2040.c.obj
                0x100065a0                dcd_edpt_stall
 .text.dcd_edpt_clear_stall
                0x100065e8       0x44 CMakeFiles/tcp_server.dir/home/pi/pico/pico-sdk/lib/tinyusb/src/portable/raspberrypi/rp2040/dcd_rp2040.c.obj
                0x100065e8                dcd_edpt_clear_stall
 .text.rp2040_usb_init
                0x1000662c       0x50 CMakeFiles/tcp_server.dir/home/pi/pico/pico-sdk/lib/tinyusb/src/portable/raspberrypi/rp2040/rp2040_usb.c.obj
                0x1000662c                rp2040_usb_init
 .text.hw_endpoint_reset_transfer
                0x1000667c       0x10 CMakeFiles/tcp_server.dir/home/pi/pico/pico-sdk/lib/tinyusb/src/portable/raspberrypi/rp2040/rp2040_usb.c.obj
                0x1000667c                hw_endpoint_reset_transfer
 .text._hw_endpoint_buffer_control_update32
                0x1000668c       0x58 CMakeFiles/tcp_server.dir/home/pi/pico/pico-sdk/lib/tinyusb/src/portable/raspberrypi/rp2040/rp2040_usb.c.obj
                0x1000668c                _hw_endpoint_buffer_control_update32
 .text._hw_endpoint_start_next_buffer
                0x100066e4       0x7c CMakeFiles/tcp_server.dir/home/pi/pico/pico-sdk/lib/tinyusb/src/portable/raspberrypi/rp2040/rp2040_usb.c.obj
                0x100066e4                _hw_endpoint_start_next_buffer
 .text._hw_endpoint_xfer_continue
                0x10006760      0x120 CMakeFiles/tcp_server.dir/home/pi/pico/pico-sdk/lib/tinyusb/src/portable/raspberrypi/rp2040/rp2040_usb.c.obj
                0x10006760                _hw_endpoint_xfer_continue
 .text._hw_endpoint_xfer
                0x10006880      0x160 CMakeFiles/tcp_server.dir/home/pi/pico/pico-sdk/lib/tinyusb/src/portable/raspberrypi/rp2040/rp2040_usb.c.obj
                0x10006880                _hw_endpoint_xfer
 .text.tud_mounted
                0x100069e0       0x10 CMakeFiles/tcp_server.dir/home/pi/pico/pico-sdk/lib/tinyusb/src/device/usbd.c.obj
                0x100069e0                tud_mounted
 .text.tud_suspended
                0x100069f0       0x10 CMakeFiles/tcp_server.dir/home/pi/pico/pico-sdk/lib/tinyusb/src/device/usbd.c.obj
                0x100069f0                tud_suspended
 .text.tud_inited
                0x10006a00        0xc CMakeFiles/tcp_server.dir/home/pi/pico/pico-sdk/lib/tinyusb/src/device/usbd.c.obj
                0x10006a00                tud_inited
 .text.tud_init
                0x10006a0c       0xdc CMakeFiles/tcp_server.dir/home/pi/pico/pico-sdk/lib/tinyusb/src/device/usbd.c.obj
                0x10006a0c                tud_init
 .text.tud_task
                0x10006ae8      0x84c CMakeFiles/tcp_server.dir/home/pi/pico/pico-sdk/lib/tinyusb/src/device/usbd.c.obj
                0x10006ae8                tud_task
 .text.dcd_event_bus_signal
                0x10007334       0xe8 CMakeFiles/tcp_server.dir/home/pi/pico/pico-sdk/lib/tinyusb/src/device/usbd.c.obj
                0x10007334                dcd_event_bus_signal
 .text.dcd_event_bus_reset
                0x1000741c       0x58 CMakeFiles/tcp_server.dir/home/pi/pico/pico-sdk/lib/tinyusb/src/device/usbd.c.obj
                0x1000741c                dcd_event_bus_reset
 .text.dcd_event_setup_received
                0x10007474       0x50 CMakeFiles/tcp_server.dir/home/pi/pico/pico-sdk/lib/tinyusb/src/device/usbd.c.obj
                0x10007474                dcd_event_setup_received
 .text.dcd_event_xfer_complete
                0x100074c4       0x68 CMakeFiles/tcp_server.dir/home/pi/pico/pico-sdk/lib/tinyusb/src/device/usbd.c.obj
                0x100074c4                dcd_event_xfer_complete
 .text.usbd_open_edpt_pair
                0x1000752c       0xf4 CMakeFiles/tcp_server.dir/home/pi/pico/pico-sdk/lib/tinyusb/src/device/usbd.c.obj
                0x1000752c                usbd_open_edpt_pair
 .text.usbd_edpt_open
                0x10007620       0x8c CMakeFiles/tcp_server.dir/home/pi/pico/pico-sdk/lib/tinyusb/src/device/usbd.c.obj
                0x10007620                usbd_edpt_open
 .text.usbd_edpt_claim
                0x100076ac       0x5c CMakeFiles/tcp_server.dir/home/pi/pico/pico-sdk/lib/tinyusb/src/device/usbd.c.obj
                0x100076ac                usbd_edpt_claim
 .text.usbd_edpt_release
                0x10007708       0x4c CMakeFiles/tcp_server.dir/home/pi/pico/pico-sdk/lib/tinyusb/src/device/usbd.c.obj
                0x10007708                usbd_edpt_release
 .text.usbd_edpt_xfer
                0x10007754       0x48 CMakeFiles/tcp_server.dir/home/pi/pico/pico-sdk/lib/tinyusb/src/device/usbd.c.obj
                0x10007754                usbd_edpt_xfer
 .text.tud_control_status
                0x1000779c       0x30 CMakeFiles/tcp_server.dir/home/pi/pico/pico-sdk/lib/tinyusb/src/device/usbd_control.c.obj
                0x1000779c                tud_control_status
 .text.tud_control_xfer
                0x100077cc       0xb4 CMakeFiles/tcp_server.dir/home/pi/pico/pico-sdk/lib/tinyusb/src/device/usbd_control.c.obj
                0x100077cc                tud_control_xfer
 .text.usbd_control_reset
                0x10007880       0x14 CMakeFiles/tcp_server.dir/home/pi/pico/pico-sdk/lib/tinyusb/src/device/usbd_control.c.obj
                0x10007880                usbd_control_reset
 .text.usbd_control_set_complete_callback
                0x10007894        0xc CMakeFiles/tcp_server.dir/home/pi/pico/pico-sdk/lib/tinyusb/src/device/usbd_control.c.obj
                0x10007894                usbd_control_set_complete_callback
 .text.usbd_control_set_request
                0x100078a0       0x1c CMakeFiles/tcp_server.dir/home/pi/pico/pico-sdk/lib/tinyusb/src/device/usbd_control.c.obj
                0x100078a0                usbd_control_set_request
 .text.usbd_control_xfer_cb
                0x100078bc       0xfc CMakeFiles/tcp_server.dir/home/pi/pico/pico-sdk/lib/tinyusb/src/device/usbd_control.c.obj
                0x100078bc                usbd_control_xfer_cb
 .text.tud_cdc_n_connected
                0x100079b8       0x18 CMakeFiles/tcp_server.dir/home/pi/pico/pico-sdk/lib/tinyusb/src/class/cdc/cdc_device.c.obj
                0x100079b8                tud_cdc_n_connected
 .text.tud_cdc_n_available
                0x100079d0       0x1c CMakeFiles/tcp_server.dir/home/pi/pico/pico-sdk/lib/tinyusb/src/class/cdc/cdc_device.c.obj
                0x100079d0                tud_cdc_n_available
 .text.tud_cdc_n_read
                0x100079ec       0x70 CMakeFiles/tcp_server.dir/home/pi/pico/pico-sdk/lib/tinyusb/src/class/cdc/cdc_device.c.obj
                0x100079ec                tud_cdc_n_read
 .text.tud_cdc_n_write
                0x10007a5c       0x90 CMakeFiles/tcp_server.dir/home/pi/pico/pico-sdk/lib/tinyusb/src/class/cdc/cdc_device.c.obj
                0x10007a5c                tud_cdc_n_write
 .text.tud_cdc_n_write_flush
                0x10007aec       0x78 CMakeFiles/tcp_server.dir/home/pi/pico/pico-sdk/lib/tinyusb/src/class/cdc/cdc_device.c.obj
                0x10007aec                tud_cdc_n_write_flush
 .text.tud_cdc_n_write_available
                0x10007b64       0x1c CMakeFiles/tcp_server.dir/home/pi/pico/pico-sdk/lib/tinyusb/src/class/cdc/cdc_device.c.obj
                0x10007b64                tud_cdc_n_write_available
 .text.cdcd_init
                0x10007b80       0x7c CMakeFiles/tcp_server.dir/home/pi/pico/pico-sdk/lib/tinyusb/src/class/cdc/cdc_device.c.obj
                0x10007b80                cdcd_init
 .text.cdcd_reset
                0x10007bfc       0x2c CMakeFiles/tcp_server.dir/home/pi/pico/pico-sdk/lib/tinyusb/src/class/cdc/cdc_device.c.obj
                0x10007bfc                cdcd_reset
 .text.cdcd_open
                0x10007c28       0xec CMakeFiles/tcp_server.dir/home/pi/pico/pico-sdk/lib/tinyusb/src/class/cdc/cdc_device.c.obj
                0x10007c28                cdcd_open
 .text.cdcd_control_xfer_cb
                0x10007d14       0xe4 CMakeFiles/tcp_server.dir/home/pi/pico/pico-sdk/lib/tinyusb/src/class/cdc/cdc_device.c.obj
                0x10007d14                cdcd_control_xfer_cb
 .text.cdcd_xfer_cb
                0x10007df8      0x198 CMakeFiles/tcp_server.dir/home/pi/pico/pico-sdk/lib/tinyusb/src/class/cdc/cdc_device.c.obj
                0x10007df8                cdcd_xfer_cb
 .text.tusb_init
                0x10007f90        0xc CMakeFiles/tcp_server.dir/home/pi/pico/pico-sdk/lib/tinyusb/src/tusb.c.obj
                0x10007f90                tusb_init
 .text.tusb_inited
                0x10007f9c        0x8 CMakeFiles/tcp_server.dir/home/pi/pico/pico-sdk/lib/tinyusb/src/tusb.c.obj
                0x10007f9c                tusb_inited
 .text.tu_fifo_config
                0x10007fa4       0x78 CMakeFiles/tcp_server.dir/home/pi/pico/pico-sdk/lib/tinyusb/src/common/tusb_fifo.c.obj
                0x10007fa4                tu_fifo_config
 .text.tu_fifo_count
                0x1000801c       0x24 CMakeFiles/tcp_server.dir/home/pi/pico/pico-sdk/lib/tinyusb/src/common/tusb_fifo.c.obj
                0x1000801c                tu_fifo_count
 .text.tu_fifo_empty
                0x10008040       0x10 CMakeFiles/tcp_server.dir/home/pi/pico/pico-sdk/lib/tinyusb/src/common/tusb_fifo.c.obj
                0x10008040                tu_fifo_empty
 .text.tu_fifo_remaining
                0x10008050       0x20 CMakeFiles/tcp_server.dir/home/pi/pico/pico-sdk/lib/tinyusb/src/common/tusb_fifo.c.obj
                0x10008050                tu_fifo_remaining
 .text.tu_fifo_read
                0x10008070       0xa0 CMakeFiles/tcp_server.dir/home/pi/pico/pico-sdk/lib/tinyusb/src/common/tusb_fifo.c.obj
                0x10008070                tu_fifo_read
 .text.tu_fifo_read_n
                0x10008110       0xf4 CMakeFiles/tcp_server.dir/home/pi/pico/pico-sdk/lib/tinyusb/src/common/tusb_fifo.c.obj
                0x10008110                tu_fifo_read_n
 .text.tu_fifo_write
                0x10008204       0x7c CMakeFiles/tcp_server.dir/home/pi/pico/pico-sdk/lib/tinyusb/src/common/tusb_fifo.c.obj
                0x10008204                tu_fifo_write
 .text.tu_fifo_write_n
                0x10008280       0xf8 CMakeFiles/tcp_server.dir/home/pi/pico/pico-sdk/lib/tinyusb/src/common/tusb_fifo.c.obj
                0x10008280                tu_fifo_write_n
 .text.tu_fifo_clear
                0x10008378       0x4c CMakeFiles/tcp_server.dir/home/pi/pico/pico-sdk/lib/tinyusb/src/common/tusb_fifo.c.obj
                0x10008378                tu_fifo_clear
 .text.tu_fifo_set_overwritable
                0x100083c4       0x3c CMakeFiles/tcp_server.dir/home/pi/pico/pico-sdk/lib/tinyusb/src/common/tusb_fifo.c.obj
                0x100083c4                tu_fifo_set_overwritable
 .text.startup._retrieve_unique_id_on_boot
                0x10008400       0x10 CMakeFiles/tcp_server.dir/home/pi/pico/pico-sdk/src/rp2_common/pico_unique_id/unique_id.c.obj
 .text.pico_get_unique_board_id_string
                0x10008410      0x1cc CMakeFiles/tcp_server.dir/home/pi/pico/pico-sdk/src/rp2_common/pico_unique_id/unique_id.c.obj
                0x10008410                pico_get_unique_board_id_string
 .text.flash_get_unique_id
                0x100085dc       0x3c CMakeFiles/tcp_server.dir/home/pi/pico/pico-sdk/src/rp2_common/hardware_flash/flash.c.obj
                0x100085dc                flash_get_unique_id
 .text          0x10008618       0x18 /usr/lib/gcc/arm-none-eabi/7.3.1/../../../arm-none-eabi/lib/thumb/v6-m/libc.a(lib_a-atoi.o)
                0x10008618                atoi
                0x10008624                _atoi_r
 .text          0x10008630       0xd4 /usr/lib/gcc/arm-none-eabi/7.3.1/../../../arm-none-eabi/lib/thumb/v6-m/libc.a(lib_a-strchr.o)
                0x10008630                strchr
 .text          0x10008704       0x10 /usr/lib/gcc/arm-none-eabi/7.3.1/../../../arm-none-eabi/lib/thumb/v6-m/libc.a(lib_a-strcpy.o)
                0x10008704                strcpy
 .text          0x10008714       0x64 /usr/lib/gcc/arm-none-eabi/7.3.1/../../../arm-none-eabi/lib/thumb/v6-m/libc.a(lib_a-strlen-stub.o)
                0x10008714                strlen
 .text          0x10008778      0x440 /usr/lib/gcc/arm-none-eabi/7.3.1/../../../arm-none-eabi/lib/thumb/v6-m/libc.a(lib_a-strstr.o)
                0x10008a3c                strstr
 .text          0x10008bb8      0x170 /usr/lib/gcc/arm-none-eabi/7.3.1/../../../arm-none-eabi/lib/thumb/v6-m/libc.a(lib_a-strtol.o)
                0x10008cf0                _strtol_r
                0x10008cf8                strtol_l
                0x10008d10                strtol
 .text          0x10008d28       0x24 /usr/lib/gcc/arm-none-eabi/7.3.1/../../../arm-none-eabi/lib/thumb/v6-m/libc.a(lib_a-strnlen.o)
                0x10008d28                strnlen
 *(.fini)
 .fini          0x10008d4c        0x4 /usr/lib/gcc/arm-none-eabi/7.3.1/thumb/v6-m/crti.o
                0x10008d4c                _fini
 .fini.__stub   0x10008d50       0x80 linker stubs
 *crtbegin.o(.ctors)
 *crtbegin?.o(.ctors)
 *(EXCLUDE_FILE(*crtend.o *crtend?.o) .ctors)
 *(SORT_BY_NAME(.ctors.*))
 *(.ctors)
 *crtbegin.o(.dtors)
 *crtbegin?.o(.dtors)
 *(EXCLUDE_FILE(*crtend.o *crtend?.o) .dtors)
 *(SORT_BY_NAME(.dtors.*))
 *(.dtors)
 *(.eh_frame*)
 .eh_frame      0x10008dd0        0x0 /usr/lib/gcc/arm-none-eabi/7.3.1/thumb/v6-m/crtbegin.o
                0x10008dd0                . = ALIGN (0x4)

.glue_7         0x10008dd0        0x0
 .glue_7        0x10008dd0        0x0 linker stubs

.glue_7t        0x10008dd0        0x0
 .glue_7t       0x10008dd0        0x0 linker stubs

.vfp11_veneer   0x10008dd0        0x0
 .vfp11_veneer  0x10008dd0        0x0 linker stubs

.v4_bx          0x10008dd0        0x0
 .v4_bx         0x10008dd0        0x0 linker stubs

.iplt           0x10008dd0        0x0
 .iplt          0x10008dd0        0x0 /usr/lib/gcc/arm-none-eabi/7.3.1/thumb/v6-m/crtbegin.o

.rodata         0x10008dd0      0x728
 *(EXCLUDE_FILE(*libm.a: *libc.a:*lib_a-mem*.o *libgcc.a:) .rodata*)
 .rodata._Z11ReceiveDatav.str1.4
                0x10008dd0        0x5 CMakeFiles/tcp_server.dir/tcp_server.cpp.obj
 *fill*         0x10008dd5        0x3 
 .rodata._Z7sendCMDPKcS0_i.constprop.1.str1.4
                0x10008dd8        0x9 CMakeFiles/tcp_server.dir/tcp_server.cpp.obj
 *fill*         0x10008de1        0x3 
 .rodata._Z8sendDataiPKc.str1.4
                0x10008de4       0x16 CMakeFiles/tcp_server.dir/tcp_server.cpp.obj
 *fill*         0x10008dfa        0x2 
 .rodata.main.str1.4
                0x10008dfc       0x55 CMakeFiles/tcp_server.dir/tcp_server.cpp.obj
 *fill*         0x10008e51        0x3 
 .rodata.spin_lock_claim_unused.str1.4
                0x10008e54       0x1b CMakeFiles/tcp_server.dir/home/pi/pico/pico-sdk/src/rp2_common/hardware_sync/sync.c.obj
 *fill*         0x10008e6f        0x1 
 .rodata.hardware_alarm_claim.str1.4
                0x10008e70       0x22 CMakeFiles/tcp_server.dir/home/pi/pico/pico-sdk/src/rp2_common/hardware_timer/timer.c.obj
 *fill*         0x10008e92        0x2 
 .rodata.hard_assertion_failure.str1.4
                0x10008e94        0xc CMakeFiles/tcp_server.dir/home/pi/pico/pico-sdk/src/rp2_common/pico_runtime/runtime.c.obj
 .rodata.panic.str1.4
                0x10008ea0       0x12 CMakeFiles/tcp_server.dir/home/pi/pico/pico-sdk/src/rp2_common/pico_runtime/runtime.c.obj
 *fill*         0x10008eb2        0x2 
 .rodata._vsnprintf
                0x10008eb4      0x1e0 CMakeFiles/tcp_server.dir/home/pi/pico/pico-sdk/src/rp2_common/pico_printf/printf.c.obj
 .rodata._etoa.part.0.str1.4
                0x10009094        0x9 CMakeFiles/tcp_server.dir/home/pi/pico/pico-sdk/src/rp2_common/pico_printf/printf.c.obj
 *fill*         0x1000909d        0x3 
 .rodata._ftoa.str1.4
                0x100090a0        0xc CMakeFiles/tcp_server.dir/home/pi/pico/pico-sdk/src/rp2_common/pico_printf/printf.c.obj
 *fill*         0x100090ac        0x4 
 .rodata.pow10.5382
                0x100090b0       0x50 CMakeFiles/tcp_server.dir/home/pi/pico/pico-sdk/src/rp2_common/pico_printf/printf.c.obj
 .rodata.__bi_44
                0x10009100        0xc CMakeFiles/tcp_server.dir/home/pi/pico/pico-sdk/src/rp2_common/pico_standard_link/binary_info.c.obj
 .rodata.__bi_69
                0x1000910c        0xc CMakeFiles/tcp_server.dir/home/pi/pico/pico-sdk/src/rp2_common/pico_standard_link/binary_info.c.obj
 .rodata.__bi_75
                0x10009118        0xc CMakeFiles/tcp_server.dir/home/pi/pico/pico-sdk/src/rp2_common/pico_standard_link/binary_info.c.obj
 .rodata.__bi_81
                0x10009124        0xc CMakeFiles/tcp_server.dir/home/pi/pico/pico-sdk/src/rp2_common/pico_standard_link/binary_info.c.obj
 .rodata.str1.4
                0x10009130       0x84 CMakeFiles/tcp_server.dir/home/pi/pico/pico-sdk/src/rp2_common/pico_standard_link/binary_info.c.obj
 .rodata.crlf_str.5813
                0x100091b4        0x2 CMakeFiles/tcp_server.dir/home/pi/pico/pico-sdk/src/rp2_common/pico_stdio/stdio.c.obj
 *fill*         0x100091b6        0x2 
 .rodata._resetd_driver
                0x100091b8       0x18 CMakeFiles/tcp_server.dir/home/pi/pico/pico-sdk/src/rp2_common/pico_stdio_usb/reset_interface.c.obj
 .rodata.__bi_93.7070
                0x100091d0        0xc CMakeFiles/tcp_server.dir/home/pi/pico/pico-sdk/src/rp2_common/pico_stdio_usb/stdio_usb.c.obj
 .rodata.str1.4
                0x100091dc       0x13 CMakeFiles/tcp_server.dir/home/pi/pico/pico-sdk/src/rp2_common/pico_stdio_usb/stdio_usb.c.obj
 *fill*         0x100091ef        0x1 
 .rodata.str1.4
                0x100091f0       0x2a CMakeFiles/tcp_server.dir/home/pi/pico/pico-sdk/src/rp2_common/pico_stdio_usb/stdio_usb_descriptors.c.obj
 *fill*         0x1000921a        0x2 
 .rodata.usbd_desc_cfg
                0x1000921c       0x54 CMakeFiles/tcp_server.dir/home/pi/pico/pico-sdk/src/rp2_common/pico_stdio_usb/stdio_usb_descriptors.c.obj
 .rodata.usbd_desc_device
                0x10009270       0x12 CMakeFiles/tcp_server.dir/home/pi/pico/pico-sdk/src/rp2_common/pico_stdio_usb/stdio_usb_descriptors.c.obj
 *fill*         0x10009282        0x2 
 .rodata.usbd_desc_str
                0x10009284       0x18 CMakeFiles/tcp_server.dir/home/pi/pico/pico-sdk/src/rp2_common/pico_stdio_usb/stdio_usb_descriptors.c.obj
 .rodata.dcd_edpt_open.str1.4
                0x1000929c       0x28 CMakeFiles/tcp_server.dir/home/pi/pico/pico-sdk/lib/tinyusb/src/portable/raspberrypi/rp2040/dcd_rp2040.c.obj
 .rodata.dcd_rp2040_irq.str1.4
                0x100092c4       0x14 CMakeFiles/tcp_server.dir/home/pi/pico/pico-sdk/lib/tinyusb/src/portable/raspberrypi/rp2040/dcd_rp2040.c.obj
 .rodata._hw_endpoint_buffer_control_update32.str1.4
                0x100092d8       0x1f CMakeFiles/tcp_server.dir/home/pi/pico/pico-sdk/lib/tinyusb/src/portable/raspberrypi/rp2040/rp2040_usb.c.obj
 *fill*         0x100092f7        0x1 
 .rodata._hw_endpoint_xfer_continue.str1.4
                0x100092f8       0x50 CMakeFiles/tcp_server.dir/home/pi/pico/pico-sdk/lib/tinyusb/src/portable/raspberrypi/rp2040/rp2040_usb.c.obj
 .rodata.str1.4
                0x10009348        0x8 CMakeFiles/tcp_server.dir/home/pi/pico/pico-sdk/lib/tinyusb/src/portable/raspberrypi/rp2040/rp2040_usb.c.obj
                                  0x7 (size before relaxing)
 .rodata.tud_task
                0x10009350       0x8c CMakeFiles/tcp_server.dir/home/pi/pico/pico-sdk/lib/tinyusb/src/device/usbd.c.obj
 .rodata._usbd_driver
                0x100093dc       0x18 CMakeFiles/tcp_server.dir/home/pi/pico/pico-sdk/lib/tinyusb/src/device/usbd.c.obj
 .rodata        0x100093f4      0x101 /usr/lib/gcc/arm-none-eabi/7.3.1/../../../arm-none-eabi/lib/thumb/v6-m/libc.a(lib_a-ctype_.o)
                0x100093f4                _ctype_
                0x100094f8                . = ALIGN (0x4)
 *fill*         0x100094f5        0x3 
 *(SORT_BY_ALIGNMENT(SORT_BY_NAME(.flashdata*)))
                0x100094f8                . = ALIGN (0x4)

.rel.dyn        0x100094f8        0x0
 .rel.iplt      0x100094f8        0x0 /usr/lib/gcc/arm-none-eabi/7.3.1/thumb/v6-m/crtbegin.o

.ARM.extab
 *(.ARM.extab* .gnu.linkonce.armextab.*)
                0x100094f8                __exidx_start = .

.ARM.exidx
 *(.ARM.exidx* .gnu.linkonce.armexidx.*)
                0x100094f8                __exidx_end = .
                0x100094f8                . = ALIGN (0x4)
                0x100094f8                __binary_info_start = .

.binary_info    0x100094f8       0x24
 *(.binary_info.keep.*)
 .binary_info.keep.__bi_ptr22
                0x100094f8        0x4 CMakeFiles/tcp_server.dir/home/pi/pico/pico-sdk/src/rp2_common/pico_standard_link/binary_info.c.obj
 .binary_info.keep.__bi_ptr30
                0x100094fc        0x4 CMakeFiles/tcp_server.dir/home/pi/pico/pico-sdk/src/rp2_common/pico_standard_link/binary_info.c.obj
 .binary_info.keep.__bi_ptr38
                0x10009500        0x4 CMakeFiles/tcp_server.dir/home/pi/pico/pico-sdk/src/rp2_common/pico_standard_link/binary_info.c.obj
 .binary_info.keep.__bi_ptr44
                0x10009504        0x4 CMakeFiles/tcp_server.dir/home/pi/pico/pico-sdk/src/rp2_common/pico_standard_link/binary_info.c.obj
 .binary_info.keep.__bi_ptr50
                0x10009508        0x4 CMakeFiles/tcp_server.dir/home/pi/pico/pico-sdk/src/rp2_common/pico_standard_link/binary_info.c.obj
 .binary_info.keep.__bi_ptr69
                0x1000950c        0x4 CMakeFiles/tcp_server.dir/home/pi/pico/pico-sdk/src/rp2_common/pico_standard_link/binary_info.c.obj
 .binary_info.keep.__bi_ptr75
                0x10009510        0x4 CMakeFiles/tcp_server.dir/home/pi/pico/pico-sdk/src/rp2_common/pico_standard_link/binary_info.c.obj
 .binary_info.keep.__bi_ptr81
                0x10009514        0x4 CMakeFiles/tcp_server.dir/home/pi/pico/pico-sdk/src/rp2_common/pico_standard_link/binary_info.c.obj
 *(.binary_info.*)
 .binary_info.__bi_ptr93
                0x10009518        0x4 CMakeFiles/tcp_server.dir/home/pi/pico/pico-sdk/src/rp2_common/pico_stdio_usb/stdio_usb.c.obj
                0x1000951c                __binary_info_end = .
                0x1000951c                . = ALIGN (0x4)
                0x1000951c                __etext = .

.ram_vector_table
                0x20000000       0xc0
 *(.ram_vector_table)
 .ram_vector_table
                0x20000000       0xc0 CMakeFiles/tcp_server.dir/home/pi/pico/pico-sdk/src/rp2_common/pico_runtime/runtime.c.obj
                0x20000000                ram_vector_table

.data           0x200000c0      0x8b0 load address 0x1000951c
                0x200000c0                __data_start__ = .
 *(vtable)
 *(.time_critical*)
 .time_critical.mutex_enter_blocking
                0x200000c0       0x60 CMakeFiles/tcp_server.dir/home/pi/pico/pico-sdk/src/common/pico_sync/mutex.c.obj
                0x200000c0                mutex_enter_blocking
 .time_critical.mutex_try_enter
                0x20000120       0x5c CMakeFiles/tcp_server.dir/home/pi/pico/pico-sdk/src/common/pico_sync/mutex.c.obj
                0x20000120                mutex_try_enter
 .time_critical.mutex_enter_timeout_ms
                0x2000017c       0xb4 CMakeFiles/tcp_server.dir/home/pi/pico/pico-sdk/src/common/pico_sync/mutex.c.obj
                0x2000017c                mutex_enter_timeout_ms
 .time_critical.mutex_exit
                0x20000230       0x58 CMakeFiles/tcp_server.dir/home/pi/pico/pico-sdk/src/common/pico_sync/mutex.c.obj
                0x20000230                mutex_exit
 .time_critical.flash_init_boot2_copyout
                0x20000288       0x34 CMakeFiles/tcp_server.dir/home/pi/pico/pico-sdk/src/rp2_common/hardware_flash/flash.c.obj
 .time_critical.flash_enable_xip_via_boot2
                0x200002bc       0x10 CMakeFiles/tcp_server.dir/home/pi/pico/pico-sdk/src/rp2_common/hardware_flash/flash.c.obj
 .time_critical.flash_cs_force
                0x200002cc       0x38 CMakeFiles/tcp_server.dir/home/pi/pico/pico-sdk/src/rp2_common/hardware_flash/flash.c.obj
 .time_critical.flash_do_cmd
                0x20000304       0x98 CMakeFiles/tcp_server.dir/home/pi/pico/pico-sdk/src/rp2_common/hardware_flash/flash.c.obj
                0x20000304                flash_do_cmd
 *(.text*)
 .text          0x2000039c        0x4 /usr/lib/gcc/arm-none-eabi/7.3.1/thumb/v6-m/libgcc.a(_dvmd_tls.o)
                0x2000039c                __aeabi_ldiv0
                0x2000039c                __aeabi_idiv0
 .text          0x200003a0       0x4c /usr/lib/gcc/arm-none-eabi/7.3.1/../../../arm-none-eabi/lib/thumb/v6-m/libc.a(lib_a-memcmp.o)
                0x200003a0                memcmp
 *fill*         0x200003ec        0x4 
 .text.__stub   0x200003f0       0x40 linker stubs
                0x20000430                . = ALIGN (0x4)
 *(.rodata*)
                0x20000430                . = ALIGN (0x4)
 *(.data*)
 .data.Port     0x20000430        0x5 CMakeFiles/tcp_server.dir/tcp_server.cpp.obj
                0x20000430                Port
 *fill*         0x20000435        0x3 
 .data.SSID     0x20000438        0x8 CMakeFiles/tcp_server.dir/tcp_server.cpp.obj
                0x20000438                SSID
 .data.password
                0x20000440        0xb CMakeFiles/tcp_server.dir/tcp_server.cpp.obj
                0x20000440                password
 .data.striped_spin_lock_num
                0x2000044b        0x1 CMakeFiles/tcp_server.dir/home/pi/pico/pico-sdk/src/rp2_common/hardware_sync/sync.c.obj
 .data.default_alarm_pool
                0x2000044c       0x18 CMakeFiles/tcp_server.dir/home/pi/pico/pico-sdk/src/common/pico_time/time.c.obj
 .data.default_alarm_pool_heap
                0x20000464       0x10 CMakeFiles/tcp_server.dir/home/pi/pico/pico-sdk/src/common/pico_time/time.c.obj
 .data          0x20000474       0x48 CMakeFiles/tcp_server.dir/home/pi/pico/pico-sdk/src/rp2_common/hardware_irq/irq_handler_chain.S.obj
                0x20000474                irq_handler_chain_slots
                0x200004a4                irq_handler_chain_first_slot
                0x200004ae                irq_handler_chain_remove_tail
 *fill*         0x200004bc        0x4 
 .data.aeabi_bits_funcs
                0x200004c0       0x10 CMakeFiles/tcp_server.dir/home/pi/pico/pico-sdk/src/rp2_common/pico_bit_ops/bit_ops_aeabi.S.obj
                0x200004c0                aeabi_bits_funcs
                0x200004d0                aeabi_bits_funcs_end
 .data.aeabi_mem_funcs
                0x200004d0       0x10 CMakeFiles/tcp_server.dir/home/pi/pico/pico-sdk/src/rp2_common/pico_mem_ops/mem_ops_aeabi.S.obj
                0x200004d0                aeabi_mem_funcs
                0x200004e0                aeabi_mem_funcs_end
 .data.stdio_usb
                0x200004e0       0x14 CMakeFiles/tcp_server.dir/home/pi/pico/pico-sdk/src/rp2_common/pico_stdio_usb/stdio_usb.c.obj
                0x200004e0                stdio_usb
 .data.ep_dir_string
                0x200004f4        0x8 CMakeFiles/tcp_server.dir/home/pi/pico/pico-sdk/lib/tinyusb/src/portable/raspberrypi/rp2040/rp2040_usb.c.obj
                0x200004f4                ep_dir_string
 .data._usbd_qdef
                0x200004fc       0x24 CMakeFiles/tcp_server.dir/home/pi/pico/pico-sdk/lib/tinyusb/src/device/usbd.c.obj
                0x200004fc                _usbd_qdef
 .data          0x20000520      0x430 /usr/lib/gcc/arm-none-eabi/7.3.1/../../../arm-none-eabi/lib/thumb/v6-m/libc.a(lib_a-impure.o)
                0x20000520                _impure_ptr
                0x20000950                . = ALIGN (0x4)
 *(.after_data.*)
                0x20000950                . = ALIGN (0x4)
                0x20000950                PROVIDE (__mutex_array_start = .)
 *(SORT_BY_NAME(.mutex_array.*))
 *(.mutex_array)
 .mutex_array   0x20000950        0x8 CMakeFiles/tcp_server.dir/home/pi/pico/pico-sdk/src/rp2_common/pico_stdio/stdio.c.obj
                0x20000958                PROVIDE (__mutex_array_end = .)
                0x20000958                . = ALIGN (0x4)
                0x20000958                PROVIDE (__preinit_array_start = .)
 *(SORT_BY_NAME(.preinit_array.*))
 .preinit_array.00001
                0x20000958        0x4 CMakeFiles/tcp_server.dir/home/pi/pico/pico-sdk/src/rp2_common/pico_mem_ops/mem_ops_aeabi.S.obj
 .preinit_array.00010
                0x2000095c        0x4 CMakeFiles/tcp_server.dir/home/pi/pico/pico-sdk/src/rp2_common/pico_bit_ops/bit_ops_aeabi.S.obj
 .preinit_array.00020
                0x20000960        0x4 CMakeFiles/tcp_server.dir/home/pi/pico/pico-sdk/src/rp2_common/pico_double/double_aeabi.S.obj
 .preinit_array.00020
                0x20000964        0x4 CMakeFiles/tcp_server.dir/home/pi/pico/pico-sdk/src/rp2_common/pico_float/float_aeabi.S.obj
 *(.preinit_array)
                0x20000968                PROVIDE (__preinit_array_end = .)
                0x20000968                . = ALIGN (0x4)
                0x20000968                PROVIDE (__init_array_start = .)
 *(SORT_BY_NAME(.init_array.*))
 *(.init_array)
 .init_array    0x20000968        0x4 /usr/lib/gcc/arm-none-eabi/7.3.1/thumb/v6-m/crtbegin.o
 .init_array    0x2000096c        0x4 CMakeFiles/tcp_server.dir/home/pi/pico/pico-sdk/src/rp2_common/pico_unique_id/unique_id.c.obj
                0x20000970                PROVIDE (__init_array_end = .)
                0x20000970                . = ALIGN (0x4)
                0x20000970                PROVIDE (__fini_array_start = .)
 *(SORT_BY_NAME(.fini_array.*))
 *(.fini_array)
                0x20000970                PROVIDE (__fini_array_end = .)
 *(.jcr)
                0x20000970                . = ALIGN (0x4)
                0x20000970                __data_end__ = .

.tm_clone_table
                0x20000970        0x0 load address 0x10009dcc
 .tm_clone_table
                0x20000970        0x0 /usr/lib/gcc/arm-none-eabi/7.3.1/thumb/v6-m/crtbegin.o
 .tm_clone_table
                0x20000970        0x0 /usr/lib/gcc/arm-none-eabi/7.3.1/thumb/v6-m/crtend.o

.igot.plt       0x20000970        0x0 load address 0x10009dcc
 .igot.plt      0x20000970        0x0 /usr/lib/gcc/arm-none-eabi/7.3.1/thumb/v6-m/crtbegin.o

.uninitialized_data
                0x20000970        0x0 load address 0x10009dcc
                0x20000970                . = ALIGN (0x4)
 *(.uninitialized_data*)

.scratch_x      0x20040000        0x0 load address 0x10009dcc
                0x20040000                __scratch_x_start__ = .
 *(.scratch_x.*)
                0x20040000                . = ALIGN (0x4)
                0x20040000                __scratch_x_end__ = .
                0x10009dcc                __scratch_x_source__ = LOADADDR (.scratch_x)

.scratch_y      0x20041000        0x0 load address 0x10009dcc
                0x20041000                __scratch_y_start__ = .
 *(.scratch_y.*)
                0x20041000                . = ALIGN (0x4)
                0x20041000                __scratch_y_end__ = .
                0x10009dcc                __scratch_y_source__ = LOADADDR (.scratch_y)

.bss            0x20000970      0xe68
                0x20000970                . = ALIGN (0x4)
                0x20000970                __bss_start__ = .
 *(SORT_BY_ALIGNMENT(SORT_BY_NAME(.bss*)))
 .bss.default_alarm_pool_entries
                0x20000970      0x100 CMakeFiles/tcp_server.dir/home/pi/pico/pico-sdk/src/common/pico_time/time.c.obj
 .bss.last_avail_time.7049
                0x20000a70        0x8 CMakeFiles/tcp_server.dir/home/pi/pico/pico-sdk/src/rp2_common/pico_stdio_usb/stdio_usb.c.obj
 .bss           0x20000a78       0x1c /usr/lib/gcc/arm-none-eabi/7.3.1/thumb/v6-m/crtbegin.o
 .bss.ID        0x20000a94        0x4 CMakeFiles/tcp_server.dir/tcp_server.cpp.obj
                0x20000a94                ID
 .bss._app_driver
                0x20000a98        0x4 CMakeFiles/tcp_server.dir/home/pi/pico/pico-sdk/lib/tinyusb/src/device/usbd.c.obj
 .bss._cdcd_itf
                0x20000a9c      0x2d8 CMakeFiles/tcp_server.dir/home/pi/pico/pico-sdk/lib/tinyusb/src/class/cdc/cdc_device.c.obj
 .bss._ctrl_xfer
                0x20000d74       0x14 CMakeFiles/tcp_server.dir/home/pi/pico/pico-sdk/lib/tinyusb/src/device/usbd_control.c.obj
 .bss._ubsd_mutexdef
                0x20000d88        0x8 CMakeFiles/tcp_server.dir/home/pi/pico/pico-sdk/lib/tinyusb/src/device/usbd.c.obj
 .bss._usbd_ctrl_buf
                0x20000d90       0x40 CMakeFiles/tcp_server.dir/home/pi/pico/pico-sdk/lib/tinyusb/src/device/usbd_control.c.obj
 .bss._usbd_dev
                0x20000dd0       0x37 CMakeFiles/tcp_server.dir/home/pi/pico/pico-sdk/lib/tinyusb/src/device/usbd.c.obj
 *fill*         0x20000e07        0x1 
 .bss._usbd_mutex
                0x20000e08        0x4 CMakeFiles/tcp_server.dir/home/pi/pico/pico-sdk/lib/tinyusb/src/device/usbd.c.obj
 .bss._usbd_q   0x20000e0c        0x4 CMakeFiles/tcp_server.dir/home/pi/pico/pico-sdk/lib/tinyusb/src/device/usbd.c.obj
 .bss.alarm_callbacks
                0x20000e10       0x10 CMakeFiles/tcp_server.dir/home/pi/pico/pico-sdk/src/rp2_common/hardware_timer/timer.c.obj
 .bss.boot2_copyout
                0x20000e20      0x100 CMakeFiles/tcp_server.dir/home/pi/pico/pico-sdk/src/rp2_common/hardware_flash/flash.c.obj
 .bss.buf       0x20000f20       0x64 CMakeFiles/tcp_server.dir/tcp_server.cpp.obj
                0x20000f20                buf
 .bss.claimed   0x20000f84        0x4 CMakeFiles/tcp_server.dir/home/pi/pico/pico-sdk/src/rp2_common/hardware_sync/sync.c.obj
 .bss.configured_freq
                0x20000f88       0x28 CMakeFiles/tcp_server.dir/home/pi/pico/pico-sdk/src/rp2_common/hardware_clocks/clocks.c.obj
 .bss.default_alarm_pool_entry_ids_high
                0x20000fb0       0x10 CMakeFiles/tcp_server.dir/home/pi/pico/pico-sdk/src/common/pico_time/time.c.obj
 .bss.default_alarm_pool_heap_nodes
                0x20000fc0       0x30 CMakeFiles/tcp_server.dir/home/pi/pico/pico-sdk/src/common/pico_time/time.c.obj
 .bss.desc_str.6953
                0x20000ff0       0x28 CMakeFiles/tcp_server.dir/home/pi/pico/pico-sdk/src/rp2_common/pico_stdio_usb/stdio_usb_descriptors.c.obj
 .bss.drivers   0x20001018        0x4 CMakeFiles/tcp_server.dir/home/pi/pico/pico-sdk/src/rp2_common/pico_stdio/stdio.c.obj
 .bss.filter    0x2000101c        0x4 CMakeFiles/tcp_server.dir/home/pi/pico/pico-sdk/src/rp2_common/pico_stdio/stdio.c.obj
 .bss.hw_endpoints
                0x20001020      0x400 CMakeFiles/tcp_server.dir/home/pi/pico/pico-sdk/lib/tinyusb/src/portable/raspberrypi/rp2040/dcd_rp2040.c.obj
 .bss.lazy_vsnprintf
                0x20001420        0x4 CMakeFiles/tcp_server.dir/home/pi/pico/pico-sdk/src/rp2_common/pico_printf/printf.c.obj
 .bss.load_value
                0x20001424        0x4 CMakeFiles/tcp_server.dir/home/pi/pico/pico-sdk/src/rp2_common/hardware_watchdog/watchdog.c.obj
 .bss.next_buffer_ptr
                0x20001428        0x4 CMakeFiles/tcp_server.dir/home/pi/pico/pico-sdk/lib/tinyusb/src/portable/raspberrypi/rp2040/dcd_rp2040.c.obj
 .bss.pools     0x2000142c       0x10 CMakeFiles/tcp_server.dir/home/pi/pico/pico-sdk/src/common/pico_time/time.c.obj
 .bss.rbuf      0x2000143c       0x64 CMakeFiles/tcp_server.dir/tcp_server.cpp.obj
                0x2000143c                rbuf
 .bss.retrieved_id
                0x200014a0        0x8 CMakeFiles/tcp_server.dir/home/pi/pico/pico-sdk/src/rp2_common/pico_unique_id/unique_id.c.obj
 .bss.s         0x200014a8       0x32 CMakeFiles/tcp_server.dir/tcp_server.cpp.obj
                0x200014a8                s
 *fill*         0x200014da        0x2 
 .bss.sleep_notifier
                0x200014dc        0x4 CMakeFiles/tcp_server.dir/home/pi/pico/pico-sdk/src/common/pico_time/time.c.obj
 .bss.stdio_usb_mutex
                0x200014e0        0x8 CMakeFiles/tcp_server.dir/home/pi/pico/pico-sdk/src/rp2_common/pico_stdio_usb/stdio_usb.c.obj
 .bss.target_hi
                0x200014e8       0x10 CMakeFiles/tcp_server.dir/home/pi/pico/pico-sdk/src/rp2_common/hardware_timer/timer.c.obj
 .bss.usbd_serial_str
                0x200014f8       0x11 CMakeFiles/tcp_server.dir/home/pi/pico/pico-sdk/src/rp2_common/pico_stdio_usb/stdio_usb_descriptors.c.obj
 .bss._app_driver_count
                0x20001509        0x1 CMakeFiles/tcp_server.dir/home/pi/pico/pico-sdk/lib/tinyusb/src/device/usbd.c.obj
 .bss._usbd_initialized
                0x2000150a        0x1 CMakeFiles/tcp_server.dir/home/pi/pico/pico-sdk/lib/tinyusb/src/device/usbd.c.obj
 .bss.boot2_copyout_valid
                0x2000150b        0x1 CMakeFiles/tcp_server.dir/home/pi/pico/pico-sdk/src/rp2_common/hardware_flash/flash.c.obj
 .bss.claimed   0x2000150c        0x1 CMakeFiles/tcp_server.dir/home/pi/pico/pico-sdk/src/rp2_common/hardware_timer/timer.c.obj
 .bss.irq_hander_chain_free_slot_head
                0x2000150d        0x1 CMakeFiles/tcp_server.dir/home/pi/pico/pico-sdk/src/rp2_common/hardware_irq/irq.c.obj
 .bss.itf_num   0x2000150e        0x1 CMakeFiles/tcp_server.dir/home/pi/pico/pico-sdk/src/rp2_common/pico_stdio_usb/reset_interface.c.obj
 .bss.timer_callbacks_pending
                0x2000150f        0x1 CMakeFiles/tcp_server.dir/home/pi/pico/pico-sdk/src/rp2_common/hardware_timer/timer.c.obj
 *(COMMON)
 COMMON         0x20001510        0x4 CMakeFiles/tcp_server.dir/home/pi/pico/pico-sdk/src/rp2_common/hardware_uart/uart.c.obj
                0x20001510                uart_char_to_line_feed
 COMMON         0x20001514      0x100 CMakeFiles/tcp_server.dir/home/pi/pico/pico-sdk/src/rp2_common/pico_double/double_init_rom.c.obj
                0x20001514                sd_table
 COMMON         0x20001614      0x104 CMakeFiles/tcp_server.dir/home/pi/pico/pico-sdk/src/rp2_common/pico_float/float_init_rom.c.obj
                0x20001614                sf_table
                0x20001714                sf_clz_func
 COMMON         0x20001718       0xc0 CMakeFiles/tcp_server.dir/home/pi/pico/pico-sdk/lib/tinyusb/src/device/usbd.c.obj
                0x20001718                _usbd_qdef_buf
                0x200017d8                . = ALIGN (0x4)
                0x200017d8                __bss_end__ = .

.heap           0x200017d8      0x800
                0x200017d8                __end__ = .
                0x200017d8                end = __end__
 *(.heap*)
 .heap          0x200017d8      0x800 CMakeFiles/tcp_server.dir/home/pi/pico/pico-sdk/src/rp2_common/pico_standard_link/crt0.S.obj
                0x20001fd8                __HeapLimit = .

.stack1_dummy   0x20040000        0x0
 *(.stack1*)

.stack_dummy    0x20041000      0x800
 *(.stack*)
 .stack         0x20041000      0x800 CMakeFiles/tcp_server.dir/home/pi/pico/pico-sdk/src/rp2_common/pico_standard_link/crt0.S.obj

.flash_end      0x10009dcc        0x0
                0x10009dcc                __flash_binary_end = .
                0x20040000                __StackLimit = (ORIGIN (RAM) + LENGTH (RAM))
                0x20041000                __StackOneTop = (ORIGIN (SCRATCH_X) + LENGTH (SCRATCH_X))
                0x20042000                __StackTop = (ORIGIN (SCRATCH_Y) + LENGTH (SCRATCH_Y))
                0x20041000                __StackOneBottom = (__StackOneTop - SIZEOF (.stack1_dummy))
                0x20041800                __StackBottom = (__StackTop - SIZEOF (.stack_dummy))
                0x20042000                PROVIDE (__stack = __StackTop)
                0x00000001                ASSERT ((__StackLimit >= __HeapLimit), region RAM overflowed)
                0x00000001                ASSERT (((__binary_info_header_end - __logical_binary_start) <= 0x100), Binary info must be in first 256 bytes of the binary)
LOAD CMakeFiles/tcp_server.dir/tcp_server.cpp.obj
LOAD CMakeFiles/tcp_server.dir/home/pi/pico/pico-sdk/src/rp2_common/pico_stdlib/stdlib.c.obj
LOAD CMakeFiles/tcp_server.dir/home/pi/pico/pico-sdk/src/rp2_common/hardware_gpio/gpio.c.obj
LOAD CMakeFiles/tcp_server.dir/home/pi/pico/pico-sdk/src/rp2_common/hardware_claim/claim.c.obj
LOAD CMakeFiles/tcp_server.dir/home/pi/pico/pico-sdk/src/rp2_common/pico_platform/platform.c.obj
LOAD CMakeFiles/tcp_server.dir/home/pi/pico/pico-sdk/src/rp2_common/hardware_sync/sync.c.obj
LOAD CMakeFiles/tcp_server.dir/home/pi/pico/pico-sdk/src/rp2_common/hardware_uart/uart.c.obj
LOAD CMakeFiles/tcp_server.dir/home/pi/pico/pico-sdk/src/rp2_common/hardware_divider/divider.S.obj
LOAD CMakeFiles/tcp_server.dir/home/pi/pico/pico-sdk/src/common/pico_time/time.c.obj
LOAD CMakeFiles/tcp_server.dir/home/pi/pico/pico-sdk/src/common/pico_time/timeout_helper.c.obj
LOAD CMakeFiles/tcp_server.dir/home/pi/pico/pico-sdk/src/rp2_common/hardware_timer/timer.c.obj
LOAD CMakeFiles/tcp_server.dir/home/pi/pico/pico-sdk/src/common/pico_sync/sem.c.obj
LOAD CMakeFiles/tcp_server.dir/home/pi/pico/pico-sdk/src/common/pico_sync/lock_core.c.obj
LOAD CMakeFiles/tcp_server.dir/home/pi/pico/pico-sdk/src/common/pico_sync/mutex.c.obj
LOAD CMakeFiles/tcp_server.dir/home/pi/pico/pico-sdk/src/common/pico_sync/critical_section.c.obj
LOAD CMakeFiles/tcp_server.dir/home/pi/pico/pico-sdk/src/common/pico_util/datetime.c.obj
LOAD CMakeFiles/tcp_server.dir/home/pi/pico/pico-sdk/src/common/pico_util/pheap.c.obj
LOAD CMakeFiles/tcp_server.dir/home/pi/pico/pico-sdk/src/common/pico_util/queue.c.obj
LOAD CMakeFiles/tcp_server.dir/home/pi/pico/pico-sdk/src/rp2_common/pico_runtime/runtime.c.obj
LOAD CMakeFiles/tcp_server.dir/home/pi/pico/pico-sdk/src/rp2_common/hardware_clocks/clocks.c.obj
LOAD CMakeFiles/tcp_server.dir/home/pi/pico/pico-sdk/src/rp2_common/hardware_irq/irq.c.obj
LOAD CMakeFiles/tcp_server.dir/home/pi/pico/pico-sdk/src/rp2_common/hardware_irq/irq_handler_chain.S.obj
LOAD CMakeFiles/tcp_server.dir/home/pi/pico/pico-sdk/src/rp2_common/hardware_pll/pll.c.obj
LOAD CMakeFiles/tcp_server.dir/home/pi/pico/pico-sdk/src/rp2_common/hardware_vreg/vreg.c.obj
LOAD CMakeFiles/tcp_server.dir/home/pi/pico/pico-sdk/src/rp2_common/hardware_watchdog/watchdog.c.obj
LOAD CMakeFiles/tcp_server.dir/home/pi/pico/pico-sdk/src/rp2_common/hardware_xosc/xosc.c.obj
LOAD CMakeFiles/tcp_server.dir/home/pi/pico/pico-sdk/src/rp2_common/pico_printf/printf.c.obj
LOAD CMakeFiles/tcp_server.dir/home/pi/pico/pico-sdk/src/rp2_common/pico_bit_ops/bit_ops_aeabi.S.obj
LOAD CMakeFiles/tcp_server.dir/home/pi/pico/pico-sdk/src/rp2_common/pico_bootrom/bootrom.c.obj
LOAD CMakeFiles/tcp_server.dir/home/pi/pico/pico-sdk/src/rp2_common/pico_divider/divider.S.obj
LOAD CMakeFiles/tcp_server.dir/home/pi/pico/pico-sdk/src/rp2_common/pico_double/double_aeabi.S.obj
LOAD CMakeFiles/tcp_server.dir/home/pi/pico/pico-sdk/src/rp2_common/pico_double/double_init_rom.c.obj
LOAD CMakeFiles/tcp_server.dir/home/pi/pico/pico-sdk/src/rp2_common/pico_double/double_math.c.obj
LOAD CMakeFiles/tcp_server.dir/home/pi/pico/pico-sdk/src/rp2_common/pico_double/double_v1_rom_shim.S.obj
LOAD CMakeFiles/tcp_server.dir/home/pi/pico/pico-sdk/src/rp2_common/pico_int64_ops/pico_int64_ops_aeabi.S.obj
LOAD CMakeFiles/tcp_server.dir/home/pi/pico/pico-sdk/src/rp2_common/pico_float/float_aeabi.S.obj
LOAD CMakeFiles/tcp_server.dir/home/pi/pico/pico-sdk/src/rp2_common/pico_float/float_init_rom.c.obj
LOAD CMakeFiles/tcp_server.dir/home/pi/pico/pico-sdk/src/rp2_common/pico_float/float_math.c.obj
LOAD CMakeFiles/tcp_server.dir/home/pi/pico/pico-sdk/src/rp2_common/pico_float/float_v1_rom_shim.S.obj
LOAD CMakeFiles/tcp_server.dir/home/pi/pico/pico-sdk/src/rp2_common/pico_malloc/pico_malloc.c.obj
LOAD CMakeFiles/tcp_server.dir/home/pi/pico/pico-sdk/src/rp2_common/pico_mem_ops/mem_ops_aeabi.S.obj
LOAD CMakeFiles/tcp_server.dir/home/pi/pico/pico-sdk/src/rp2_common/pico_standard_link/crt0.S.obj
LOAD CMakeFiles/tcp_server.dir/home/pi/pico/pico-sdk/src/rp2_common/pico_standard_link/new_delete.cpp.obj
LOAD CMakeFiles/tcp_server.dir/home/pi/pico/pico-sdk/src/rp2_common/pico_standard_link/binary_info.c.obj
LOAD CMakeFiles/tcp_server.dir/home/pi/pico/pico-sdk/src/rp2_common/pico_stdio/stdio.c.obj
LOAD CMakeFiles/tcp_server.dir/home/pi/pico/pico-sdk/src/rp2_common/pico_stdio_usb/reset_interface.c.obj
LOAD CMakeFiles/tcp_server.dir/home/pi/pico/pico-sdk/src/rp2_common/pico_stdio_usb/stdio_usb.c.obj
LOAD CMakeFiles/tcp_server.dir/home/pi/pico/pico-sdk/src/rp2_common/pico_stdio_usb/stdio_usb_descriptors.c.obj
LOAD CMakeFiles/tcp_server.dir/home/pi/pico/pico-sdk/lib/tinyusb/src/portable/raspberrypi/rp2040/dcd_rp2040.c.obj
LOAD CMakeFiles/tcp_server.dir/home/pi/pico/pico-sdk/lib/tinyusb/src/portable/raspberrypi/rp2040/rp2040_usb.c.obj
LOAD CMakeFiles/tcp_server.dir/home/pi/pico/pico-sdk/lib/tinyusb/src/device/usbd.c.obj
LOAD CMakeFiles/tcp_server.dir/home/pi/pico/pico-sdk/lib/tinyusb/src/device/usbd_control.c.obj
LOAD CMakeFiles/tcp_server.dir/home/pi/pico/pico-sdk/lib/tinyusb/src/class/audio/audio_device.c.obj
LOAD CMakeFiles/tcp_server.dir/home/pi/pico/pico-sdk/lib/tinyusb/src/class/cdc/cdc_device.c.obj
LOAD CMakeFiles/tcp_server.dir/home/pi/pico/pico-sdk/lib/tinyusb/src/class/dfu/dfu_device.c.obj
LOAD CMakeFiles/tcp_server.dir/home/pi/pico/pico-sdk/lib/tinyusb/src/class/dfu/dfu_rt_device.c.obj
LOAD CMakeFiles/tcp_server.dir/home/pi/pico/pico-sdk/lib/tinyusb/src/class/hid/hid_device.c.obj
LOAD CMakeFiles/tcp_server.dir/home/pi/pico/pico-sdk/lib/tinyusb/src/class/midi/midi_device.c.obj
LOAD CMakeFiles/tcp_server.dir/home/pi/pico/pico-sdk/lib/tinyusb/src/class/msc/msc_device.c.obj
LOAD CMakeFiles/tcp_server.dir/home/pi/pico/pico-sdk/lib/tinyusb/src/class/net/net_device.c.obj
LOAD CMakeFiles/tcp_server.dir/home/pi/pico/pico-sdk/lib/tinyusb/src/class/usbtmc/usbtmc_device.c.obj
LOAD CMakeFiles/tcp_server.dir/home/pi/pico/pico-sdk/lib/tinyusb/src/class/vendor/vendor_device.c.obj
LOAD CMakeFiles/tcp_server.dir/home/pi/pico/pico-sdk/lib/tinyusb/src/tusb.c.obj
LOAD CMakeFiles/tcp_server.dir/home/pi/pico/pico-sdk/lib/tinyusb/src/common/tusb_fifo.c.obj
LOAD CMakeFiles/tcp_server.dir/home/pi/pico/pico-sdk/src/rp2_common/pico_fix/rp2040_usb_device_enumeration/rp2040_usb_device_enumeration.c.obj
LOAD CMakeFiles/tcp_server.dir/home/pi/pico/pico-sdk/src/rp2_common/pico_unique_id/unique_id.c.obj
LOAD CMakeFiles/tcp_server.dir/home/pi/pico/pico-sdk/src/rp2_common/hardware_flash/flash.c.obj
LOAD /tmp/cc2lnZyG.o
LOAD /usr/lib/gcc/arm-none-eabi/7.3.1/../../../arm-none-eabi/lib/thumb/v6-m/libstdc++.a
LOAD /usr/lib/gcc/arm-none-eabi/7.3.1/../../../arm-none-eabi/lib/thumb/v6-m/libm.a
START GROUP
LOAD /usr/lib/gcc/arm-none-eabi/7.3.1/thumb/v6-m/libgcc.a
LOAD /usr/lib/gcc/arm-none-eabi/7.3.1/../../../arm-none-eabi/lib/thumb/v6-m/libc.a
END GROUP
START GROUP
LOAD /usr/lib/gcc/arm-none-eabi/7.3.1/thumb/v6-m/libgcc.a
LOAD /usr/lib/gcc/arm-none-eabi/7.3.1/../../../arm-none-eabi/lib/thumb/v6-m/libc.a
LOAD /usr/lib/gcc/arm-none-eabi/7.3.1/../../../arm-none-eabi/lib/thumb/v6-m/libnosys.a
END GROUP
LOAD /usr/lib/gcc/arm-none-eabi/7.3.1/thumb/v6-m/crtend.o
LOAD /usr/lib/gcc/arm-none-eabi/7.3.1/thumb/v6-m/crtn.o
OUTPUT(tcp_server.elf elf32-littlearm)

.ARM.attributes
                0x00000000       0x28
 .ARM.attributes
                0x00000000       0x1e /usr/lib/gcc/arm-none-eabi/7.3.1/thumb/v6-m/crti.o
 .ARM.attributes
                0x0000001e       0x2c /usr/lib/gcc/arm-none-eabi/7.3.1/thumb/v6-m/crtbegin.o
 .ARM.attributes
                0x0000004a       0x32 CMakeFiles/tcp_server.dir/tcp_server.cpp.obj
 .ARM.attributes
                0x0000007c       0x32 CMakeFiles/tcp_server.dir/home/pi/pico/pico-sdk/src/rp2_common/hardware_gpio/gpio.c.obj
 .ARM.attributes
                0x000000ae       0x32 CMakeFiles/tcp_server.dir/home/pi/pico/pico-sdk/src/rp2_common/hardware_claim/claim.c.obj
 .ARM.attributes
                0x000000e0       0x32 CMakeFiles/tcp_server.dir/home/pi/pico/pico-sdk/src/rp2_common/pico_platform/platform.c.obj
 .ARM.attributes
                0x00000112       0x32 CMakeFiles/tcp_server.dir/home/pi/pico/pico-sdk/src/rp2_common/hardware_sync/sync.c.obj
 .ARM.attributes
                0x00000144       0x32 CMakeFiles/tcp_server.dir/home/pi/pico/pico-sdk/src/rp2_common/hardware_uart/uart.c.obj
 .ARM.attributes
                0x00000176       0x32 CMakeFiles/tcp_server.dir/home/pi/pico/pico-sdk/src/common/pico_time/time.c.obj
 .ARM.attributes
                0x000001a8       0x32 CMakeFiles/tcp_server.dir/home/pi/pico/pico-sdk/src/rp2_common/hardware_timer/timer.c.obj
 .ARM.attributes
                0x000001da       0x32 CMakeFiles/tcp_server.dir/home/pi/pico/pico-sdk/src/common/pico_sync/lock_core.c.obj
 .ARM.attributes
                0x0000020c       0x32 CMakeFiles/tcp_server.dir/home/pi/pico/pico-sdk/src/common/pico_sync/mutex.c.obj
 .ARM.attributes
                0x0000023e       0x32 CMakeFiles/tcp_server.dir/home/pi/pico/pico-sdk/src/common/pico_sync/critical_section.c.obj
 .ARM.attributes
                0x00000270       0x32 CMakeFiles/tcp_server.dir/home/pi/pico/pico-sdk/src/common/pico_util/pheap.c.obj
 .ARM.attributes
                0x000002a2       0x32 CMakeFiles/tcp_server.dir/home/pi/pico/pico-sdk/src/rp2_common/pico_runtime/runtime.c.obj
 .ARM.attributes
                0x000002d4       0x32 CMakeFiles/tcp_server.dir/home/pi/pico/pico-sdk/src/rp2_common/hardware_clocks/clocks.c.obj
 .ARM.attributes
                0x00000306       0x32 CMakeFiles/tcp_server.dir/home/pi/pico/pico-sdk/src/rp2_common/hardware_irq/irq.c.obj
 .ARM.attributes
                0x00000338       0x22 CMakeFiles/tcp_server.dir/home/pi/pico/pico-sdk/src/rp2_common/hardware_irq/irq_handler_chain.S.obj
 .ARM.attributes
                0x0000035a       0x32 CMakeFiles/tcp_server.dir/home/pi/pico/pico-sdk/src/rp2_common/hardware_pll/pll.c.obj
 .ARM.attributes
                0x0000038c       0x32 CMakeFiles/tcp_server.dir/home/pi/pico/pico-sdk/src/rp2_common/hardware_watchdog/watchdog.c.obj
 .ARM.attributes
                0x000003be       0x32 CMakeFiles/tcp_server.dir/home/pi/pico/pico-sdk/src/rp2_common/hardware_xosc/xosc.c.obj
 .ARM.attributes
                0x000003f0       0x32 CMakeFiles/tcp_server.dir/home/pi/pico/pico-sdk/src/rp2_common/pico_printf/printf.c.obj
 .ARM.attributes
                0x00000422       0x22 CMakeFiles/tcp_server.dir/home/pi/pico/pico-sdk/src/rp2_common/pico_bit_ops/bit_ops_aeabi.S.obj
 .ARM.attributes
                0x00000444       0x32 CMakeFiles/tcp_server.dir/home/pi/pico/pico-sdk/src/rp2_common/pico_bootrom/bootrom.c.obj
 .ARM.attributes
                0x00000476       0x22 CMakeFiles/tcp_server.dir/home/pi/pico/pico-sdk/src/rp2_common/pico_divider/divider.S.obj
 .ARM.attributes
                0x00000498       0x22 CMakeFiles/tcp_server.dir/home/pi/pico/pico-sdk/src/rp2_common/pico_double/double_aeabi.S.obj
 .ARM.attributes
                0x000004ba       0x32 CMakeFiles/tcp_server.dir/home/pi/pico/pico-sdk/src/rp2_common/pico_double/double_init_rom.c.obj
 .ARM.attributes
                0x000004ec       0x22 CMakeFiles/tcp_server.dir/home/pi/pico/pico-sdk/src/rp2_common/pico_double/double_v1_rom_shim.S.obj
 .ARM.attributes
                0x0000050e       0x22 CMakeFiles/tcp_server.dir/home/pi/pico/pico-sdk/src/rp2_common/pico_int64_ops/pico_int64_ops_aeabi.S.obj
 .ARM.attributes
                0x00000530       0x22 CMakeFiles/tcp_server.dir/home/pi/pico/pico-sdk/src/rp2_common/pico_float/float_aeabi.S.obj
 .ARM.attributes
                0x00000552       0x32 CMakeFiles/tcp_server.dir/home/pi/pico/pico-sdk/src/rp2_common/pico_float/float_init_rom.c.obj
 .ARM.attributes
                0x00000584       0x22 CMakeFiles/tcp_server.dir/home/pi/pico/pico-sdk/src/rp2_common/pico_float/float_v1_rom_shim.S.obj
 .ARM.attributes
                0x000005a6       0x22 CMakeFiles/tcp_server.dir/home/pi/pico/pico-sdk/src/rp2_common/pico_mem_ops/mem_ops_aeabi.S.obj
 .ARM.attributes
                0x000005c8       0x22 CMakeFiles/tcp_server.dir/home/pi/pico/pico-sdk/src/rp2_common/pico_standard_link/crt0.S.obj
 .ARM.attributes
                0x000005ea       0x32 CMakeFiles/tcp_server.dir/home/pi/pico/pico-sdk/src/rp2_common/pico_standard_link/binary_info.c.obj
 .ARM.attributes
                0x0000061c       0x32 CMakeFiles/tcp_server.dir/home/pi/pico/pico-sdk/src/rp2_common/pico_stdio/stdio.c.obj
 .ARM.attributes
                0x0000064e       0x32 CMakeFiles/tcp_server.dir/home/pi/pico/pico-sdk/src/rp2_common/pico_stdio_usb/reset_interface.c.obj
 .ARM.attributes
                0x00000680       0x32 CMakeFiles/tcp_server.dir/home/pi/pico/pico-sdk/src/rp2_common/pico_stdio_usb/stdio_usb.c.obj
 .ARM.attributes
                0x000006b2       0x32 CMakeFiles/tcp_server.dir/home/pi/pico/pico-sdk/src/rp2_common/pico_stdio_usb/stdio_usb_descriptors.c.obj
 .ARM.attributes
                0x000006e4       0x32 CMakeFiles/tcp_server.dir/home/pi/pico/pico-sdk/lib/tinyusb/src/portable/raspberrypi/rp2040/dcd_rp2040.c.obj
 .ARM.attributes
                0x00000716       0x32 CMakeFiles/tcp_server.dir/home/pi/pico/pico-sdk/lib/tinyusb/src/portable/raspberrypi/rp2040/rp2040_usb.c.obj
 .ARM.attributes
                0x00000748       0x32 CMakeFiles/tcp_server.dir/home/pi/pico/pico-sdk/lib/tinyusb/src/device/usbd.c.obj
 .ARM.attributes
                0x0000077a       0x32 CMakeFiles/tcp_server.dir/home/pi/pico/pico-sdk/lib/tinyusb/src/device/usbd_control.c.obj
 .ARM.attributes
                0x000007ac       0x32 CMakeFiles/tcp_server.dir/home/pi/pico/pico-sdk/lib/tinyusb/src/class/cdc/cdc_device.c.obj
 .ARM.attributes
                0x000007de       0x32 CMakeFiles/tcp_server.dir/home/pi/pico/pico-sdk/lib/tinyusb/src/tusb.c.obj
 .ARM.attributes
                0x00000810       0x32 CMakeFiles/tcp_server.dir/home/pi/pico/pico-sdk/lib/tinyusb/src/common/tusb_fifo.c.obj
 .ARM.attributes
                0x00000842       0x32 CMakeFiles/tcp_server.dir/home/pi/pico/pico-sdk/src/rp2_common/pico_unique_id/unique_id.c.obj
 .ARM.attributes
                0x00000874       0x32 CMakeFiles/tcp_server.dir/home/pi/pico/pico-sdk/src/rp2_common/hardware_flash/flash.c.obj
 .ARM.attributes
                0x000008a6       0x22 /tmp/cc2lnZyG.o
 .ARM.attributes
                0x000008c8       0x1e /usr/lib/gcc/arm-none-eabi/7.3.1/thumb/v6-m/libgcc.a(_dvmd_tls.o)
 .ARM.attributes
                0x000008e6       0x2c /usr/lib/gcc/arm-none-eabi/7.3.1/../../../arm-none-eabi/lib/thumb/v6-m/libc.a(lib_a-atoi.o)
 .ARM.attributes
                0x00000912       0x2c /usr/lib/gcc/arm-none-eabi/7.3.1/../../../arm-none-eabi/lib/thumb/v6-m/libc.a(lib_a-impure.o)
 .ARM.attributes
                0x0000093e       0x2c /usr/lib/gcc/arm-none-eabi/7.3.1/../../../arm-none-eabi/lib/thumb/v6-m/libc.a(lib_a-strchr.o)
 .ARM.attributes
                0x0000096a       0x2c /usr/lib/gcc/arm-none-eabi/7.3.1/../../../arm-none-eabi/lib/thumb/v6-m/libc.a(lib_a-strcpy.o)
 .ARM.attributes
                0x00000996       0x2c /usr/lib/gcc/arm-none-eabi/7.3.1/../../../arm-none-eabi/lib/thumb/v6-m/libc.a(lib_a-strlen-stub.o)
 .ARM.attributes
                0x000009c2       0x2c /usr/lib/gcc/arm-none-eabi/7.3.1/../../../arm-none-eabi/lib/thumb/v6-m/libc.a(lib_a-strstr.o)
 .ARM.attributes
                0x000009ee       0x2c /usr/lib/gcc/arm-none-eabi/7.3.1/../../../arm-none-eabi/lib/thumb/v6-m/libc.a(lib_a-strtol.o)
 .ARM.attributes
                0x00000a1a       0x2c /usr/lib/gcc/arm-none-eabi/7.3.1/../../../arm-none-eabi/lib/thumb/v6-m/libc.a(lib_a-ctype_.o)
 .ARM.attributes
                0x00000a46       0x2c /usr/lib/gcc/arm-none-eabi/7.3.1/../../../arm-none-eabi/lib/thumb/v6-m/libc.a(lib_a-memcmp.o)
 .ARM.attributes
                0x00000a72       0x2c /usr/lib/gcc/arm-none-eabi/7.3.1/../../../arm-none-eabi/lib/thumb/v6-m/libc.a(lib_a-strnlen.o)
 .ARM.attributes
                0x00000a9e       0x2c /usr/lib/gcc/arm-none-eabi/7.3.1/thumb/v6-m/crtend.o

.comment        0x00000000       0xae
 .comment       0x00000000       0x57 /usr/lib/gcc/arm-none-eabi/7.3.1/thumb/v6-m/crtbegin.o
                                 0x58 (size before relaxing)
 .comment       0x00000057       0x58 CMakeFiles/tcp_server.dir/tcp_server.cpp.obj
 .comment       0x00000057       0x58 CMakeFiles/tcp_server.dir/home/pi/pico/pico-sdk/src/rp2_common/hardware_gpio/gpio.c.obj
 .comment       0x00000057       0x58 CMakeFiles/tcp_server.dir/home/pi/pico/pico-sdk/src/rp2_common/hardware_claim/claim.c.obj
 .comment       0x00000057       0x58 CMakeFiles/tcp_server.dir/home/pi/pico/pico-sdk/src/rp2_common/pico_platform/platform.c.obj
 .comment       0x00000057       0x58 CMakeFiles/tcp_server.dir/home/pi/pico/pico-sdk/src/rp2_common/hardware_sync/sync.c.obj
 .comment       0x00000057       0x58 CMakeFiles/tcp_server.dir/home/pi/pico/pico-sdk/src/rp2_common/hardware_uart/uart.c.obj
 .comment       0x00000057       0x58 CMakeFiles/tcp_server.dir/home/pi/pico/pico-sdk/src/common/pico_time/time.c.obj
 .comment       0x00000057       0x58 CMakeFiles/tcp_server.dir/home/pi/pico/pico-sdk/src/rp2_common/hardware_timer/timer.c.obj
 .comment       0x00000057       0x58 CMakeFiles/tcp_server.dir/home/pi/pico/pico-sdk/src/common/pico_sync/lock_core.c.obj
 .comment       0x00000057       0x58 CMakeFiles/tcp_server.dir/home/pi/pico/pico-sdk/src/common/pico_sync/mutex.c.obj
 .comment       0x00000057       0x58 CMakeFiles/tcp_server.dir/home/pi/pico/pico-sdk/src/common/pico_sync/critical_section.c.obj
 .comment       0x00000057       0x58 CMakeFiles/tcp_server.dir/home/pi/pico/pico-sdk/src/common/pico_util/pheap.c.obj
 .comment       0x00000057       0x58 CMakeFiles/tcp_server.dir/home/pi/pico/pico-sdk/src/rp2_common/pico_runtime/runtime.c.obj
 .comment       0x00000057       0x58 CMakeFiles/tcp_server.dir/home/pi/pico/pico-sdk/src/rp2_common/hardware_clocks/clocks.c.obj
 .comment       0x00000057       0x58 CMakeFiles/tcp_server.dir/home/pi/pico/pico-sdk/src/rp2_common/hardware_irq/irq.c.obj
 .comment       0x00000057       0x58 CMakeFiles/tcp_server.dir/home/pi/pico/pico-sdk/src/rp2_common/hardware_pll/pll.c.obj
 .comment       0x00000057       0x58 CMakeFiles/tcp_server.dir/home/pi/pico/pico-sdk/src/rp2_common/hardware_watchdog/watchdog.c.obj
 .comment       0x00000057       0x58 CMakeFiles/tcp_server.dir/home/pi/pico/pico-sdk/src/rp2_common/hardware_xosc/xosc.c.obj
 .comment       0x00000057       0x58 CMakeFiles/tcp_server.dir/home/pi/pico/pico-sdk/src/rp2_common/pico_printf/printf.c.obj
 .comment       0x00000057       0x58 CMakeFiles/tcp_server.dir/home/pi/pico/pico-sdk/src/rp2_common/pico_bootrom/bootrom.c.obj
 .comment       0x00000057       0x58 CMakeFiles/tcp_server.dir/home/pi/pico/pico-sdk/src/rp2_common/pico_double/double_init_rom.c.obj
 .comment       0x00000057       0x58 CMakeFiles/tcp_server.dir/home/pi/pico/pico-sdk/src/rp2_common/pico_float/float_init_rom.c.obj
 .comment       0x00000057       0x58 CMakeFiles/tcp_server.dir/home/pi/pico/pico-sdk/src/rp2_common/pico_standard_link/binary_info.c.obj
 .comment       0x00000057       0x58 CMakeFiles/tcp_server.dir/home/pi/pico/pico-sdk/src/rp2_common/pico_stdio/stdio.c.obj
 .comment       0x00000057       0x58 CMakeFiles/tcp_server.dir/home/pi/pico/pico-sdk/src/rp2_common/pico_stdio_usb/reset_interface.c.obj
 .comment       0x00000057       0x58 CMakeFiles/tcp_server.dir/home/pi/pico/pico-sdk/src/rp2_common/pico_stdio_usb/stdio_usb.c.obj
 .comment       0x00000057       0x58 CMakeFiles/tcp_server.dir/home/pi/pico/pico-sdk/src/rp2_common/pico_stdio_usb/stdio_usb_descriptors.c.obj
 .comment       0x00000057       0x58 CMakeFiles/tcp_server.dir/home/pi/pico/pico-sdk/lib/tinyusb/src/portable/raspberrypi/rp2040/dcd_rp2040.c.obj
 .comment       0x00000057       0x58 CMakeFiles/tcp_server.dir/home/pi/pico/pico-sdk/lib/tinyusb/src/portable/raspberrypi/rp2040/rp2040_usb.c.obj
 .comment       0x00000057       0x58 CMakeFiles/tcp_server.dir/home/pi/pico/pico-sdk/lib/tinyusb/src/device/usbd.c.obj
 .comment       0x00000057       0x58 CMakeFiles/tcp_server.dir/home/pi/pico/pico-sdk/lib/tinyusb/src/device/usbd_control.c.obj
 .comment       0x00000057       0x58 CMakeFiles/tcp_server.dir/home/pi/pico/pico-sdk/lib/tinyusb/src/class/cdc/cdc_device.c.obj
 .comment       0x00000057       0x58 CMakeFiles/tcp_server.dir/home/pi/pico/pico-sdk/lib/tinyusb/src/tusb.c.obj
 .comment       0x00000057       0x58 CMakeFiles/tcp_server.dir/home/pi/pico/pico-sdk/lib/tinyusb/src/common/tusb_fifo.c.obj
 .comment       0x00000057       0x58 CMakeFiles/tcp_server.dir/home/pi/pico/pico-sdk/src/rp2_common/pico_unique_id/unique_id.c.obj
 .comment       0x00000057       0x58 CMakeFiles/tcp_server.dir/home/pi/pico/pico-sdk/src/rp2_common/hardware_flash/flash.c.obj
 .comment       0x00000057       0x57 /usr/lib/gcc/arm-none-eabi/7.3.1/../../../arm-none-eabi/lib/thumb/v6-m/libc.a(lib_a-atoi.o)
                                 0x58 (size before relaxing)
 .comment       0x000000ae       0x58 /usr/lib/gcc/arm-none-eabi/7.3.1/../../../arm-none-eabi/lib/thumb/v6-m/libc.a(lib_a-impure.o)
 .comment       0x000000ae       0x58 /usr/lib/gcc/arm-none-eabi/7.3.1/../../../arm-none-eabi/lib/thumb/v6-m/libc.a(lib_a-strchr.o)
 .comment       0x000000ae       0x58 /usr/lib/gcc/arm-none-eabi/7.3.1/../../../arm-none-eabi/lib/thumb/v6-m/libc.a(lib_a-strcpy.o)
 .comment       0x000000ae       0x58 /usr/lib/gcc/arm-none-eabi/7.3.1/../../../arm-none-eabi/lib/thumb/v6-m/libc.a(lib_a-strlen-stub.o)
 .comment       0x000000ae       0x58 /usr/lib/gcc/arm-none-eabi/7.3.1/../../../arm-none-eabi/lib/thumb/v6-m/libc.a(lib_a-strstr.o)
 .comment       0x000000ae       0x58 /usr/lib/gcc/arm-none-eabi/7.3.1/../../../arm-none-eabi/lib/thumb/v6-m/libc.a(lib_a-strtol.o)
 .comment       0x000000ae       0x58 /usr/lib/gcc/arm-none-eabi/7.3.1/../../../arm-none-eabi/lib/thumb/v6-m/libc.a(lib_a-ctype_.o)
 .comment       0x000000ae       0x58 /usr/lib/gcc/arm-none-eabi/7.3.1/../../../arm-none-eabi/lib/thumb/v6-m/libc.a(lib_a-memcmp.o)
 .comment       0x000000ae       0x58 /usr/lib/gcc/arm-none-eabi/7.3.1/../../../arm-none-eabi/lib/thumb/v6-m/libc.a(lib_a-strnlen.o)
 .comment       0x000000ae       0x58 /usr/lib/gcc/arm-none-eabi/7.3.1/thumb/v6-m/crtend.o

.debug_line     0x00000000      0xe6e
 .debug_line    0x00000000       0x5d /usr/lib/gcc/arm-none-eabi/7.3.1/thumb/v6-m/libgcc.a(_dvmd_tls.o)
 .debug_line    0x0000005d      0x11d /usr/lib/gcc/arm-none-eabi/7.3.1/../../../arm-none-eabi/lib/thumb/v6-m/libc.a(lib_a-atoi.o)