Archive member included to satisfy reference by file (symbol)

/usr/lib/gcc/arm-none-eabi/7.3.1/thumb/v6-m/libgcc.a(_dvmd_tls.o)
                              CMakeFiles/tcp_client.dir/home/pi/pico/pico-sdk/src/rp2_common/pico_divider/divider.S.obj (__aeabi_idiv0)
/usr/lib/gcc/arm-none-eabi/7.3.1/../../../arm-none-eabi/lib/thumb/v6-m/libc.a(lib_a-atexit.o)
                              /usr/lib/gcc/arm-none-eabi/7.3.1/../../../arm-none-eabi/lib/thumb/v6-m/crt0.o (atexit)
/usr/lib/gcc/arm-none-eabi/7.3.1/../../../arm-none-eabi/lib/thumb/v6-m/libc.a(lib_a-calloc.o)
                              CMakeFiles/tcp_client.dir/home/pi/pico/pico-sdk/src/rp2_common/pico_malloc/pico_malloc.c.obj (calloc)
/usr/lib/gcc/arm-none-eabi/7.3.1/../../../arm-none-eabi/lib/thumb/v6-m/libc.a(lib_a-callocr.o)
                              /usr/lib/gcc/arm-none-eabi/7.3.1/../../../arm-none-eabi/lib/thumb/v6-m/libc.a(lib_a-calloc.o) (_calloc_r)
/usr/lib/gcc/arm-none-eabi/7.3.1/../../../arm-none-eabi/lib/thumb/v6-m/libc.a(lib_a-fini.o)
                              /usr/lib/gcc/arm-none-eabi/7.3.1/../../../arm-none-eabi/lib/thumb/v6-m/crt0.o (__libc_fini_array)
/usr/lib/gcc/arm-none-eabi/7.3.1/../../../arm-none-eabi/lib/thumb/v6-m/libc.a(lib_a-impure.o)
                              /usr/lib/gcc/arm-none-eabi/7.3.1/../../../arm-none-eabi/lib/thumb/v6-m/libc.a(lib_a-calloc.o) (_impure_ptr)
/usr/lib/gcc/arm-none-eabi/7.3.1/../../../arm-none-eabi/lib/thumb/v6-m/libc.a(lib_a-init.o)
                              /usr/lib/gcc/arm-none-eabi/7.3.1/../../../arm-none-eabi/lib/thumb/v6-m/crt0.o (__libc_init_array)
/usr/lib/gcc/arm-none-eabi/7.3.1/../../../arm-none-eabi/lib/thumb/v6-m/libc.a(lib_a-malloc.o)
                              CMakeFiles/tcp_client.dir/home/pi/pico/pico-sdk/src/rp2_common/pico_malloc/pico_malloc.c.obj (malloc)
/usr/lib/gcc/arm-none-eabi/7.3.1/../../../arm-none-eabi/lib/thumb/v6-m/libc.a(lib_a-mallocr.o)
                              /usr/lib/gcc/arm-none-eabi/7.3.1/../../../arm-none-eabi/lib/thumb/v6-m/libc.a(lib_a-callocr.o) (_malloc_r)
/usr/lib/gcc/arm-none-eabi/7.3.1/../../../arm-none-eabi/lib/thumb/v6-m/libc.a(lib_a-mlock.o)
                              /usr/lib/gcc/arm-none-eabi/7.3.1/../../../arm-none-eabi/lib/thumb/v6-m/libc.a(lib_a-mallocr.o) (__malloc_lock)
/usr/lib/gcc/arm-none-eabi/7.3.1/../../../arm-none-eabi/lib/thumb/v6-m/libc.a(lib_a-sbrkr.o)
                              /usr/lib/gcc/arm-none-eabi/7.3.1/../../../arm-none-eabi/lib/thumb/v6-m/libc.a(lib_a-mallocr.o) (_sbrk_r)
/usr/lib/gcc/arm-none-eabi/7.3.1/../../../arm-none-eabi/lib/thumb/v6-m/libc.a(lib_a-strlen-stub.o)
                              CMakeFiles/tcp_client.dir/home/pi/pico/pico-sdk/src/rp2_common/pico_stdio/stdio.c.obj (strlen)
/usr/lib/gcc/arm-none-eabi/7.3.1/../../../arm-none-eabi/lib/thumb/v6-m/libc.a(lib_a-strstr.o)
                              CMakeFiles/tcp_client.dir/tcp_client.cpp.obj (strstr)
/usr/lib/gcc/arm-none-eabi/7.3.1/../../../arm-none-eabi/lib/thumb/v6-m/libc.a(lib_a-__atexit.o)
                              /usr/lib/gcc/arm-none-eabi/7.3.1/../../../arm-none-eabi/lib/thumb/v6-m/libc.a(lib_a-atexit.o) (__register_exitproc)
/usr/lib/gcc/arm-none-eabi/7.3.1/../../../arm-none-eabi/lib/thumb/v6-m/libc.a(lib_a-freer.o)
                              /usr/lib/gcc/arm-none-eabi/7.3.1/../../../arm-none-eabi/lib/thumb/v6-m/libc.a(lib_a-malloc.o) (_free_r)
/usr/lib/gcc/arm-none-eabi/7.3.1/../../../arm-none-eabi/lib/thumb/v6-m/libc.a(lib_a-memcmp.o)
                              /usr/lib/gcc/arm-none-eabi/7.3.1/../../../arm-none-eabi/lib/thumb/v6-m/libc.a(lib_a-strstr.o) (memcmp)
/usr/lib/gcc/arm-none-eabi/7.3.1/../../../arm-none-eabi/lib/thumb/v6-m/libc.a(lib_a-reent.o)
                              /usr/lib/gcc/arm-none-eabi/7.3.1/../../../arm-none-eabi/lib/thumb/v6-m/libc.a(lib_a-sbrkr.o) (errno)
/usr/lib/gcc/arm-none-eabi/7.3.1/../../../arm-none-eabi/lib/thumb/v6-m/libc.a(lib_a-strchr.o)
                              /usr/lib/gcc/arm-none-eabi/7.3.1/../../../arm-none-eabi/lib/thumb/v6-m/libc.a(lib_a-strstr.o) (strchr)
/usr/lib/gcc/arm-none-eabi/7.3.1/../../../arm-none-eabi/lib/thumb/v6-m/libc.a(lib_a-strnlen.o)
                              /usr/lib/gcc/arm-none-eabi/7.3.1/../../../arm-none-eabi/lib/thumb/v6-m/libc.a(lib_a-strstr.o) (strnlen)

Allocating common symbols
Common symbol       size              file

sf_table            0x100             CMakeFiles/tcp_client.dir/home/pi/pico/pico-sdk/src/rp2_common/pico_float/float_init_rom.c.obj
errno               0x4               /usr/lib/gcc/arm-none-eabi/7.3.1/../../../arm-none-eabi/lib/thumb/v6-m/libc.a(lib_a-reent.o)
_usbd_qdef_buf      0xc0              CMakeFiles/tcp_client.dir/home/pi/pico/pico-sdk/lib/tinyusb/src/device/usbd.c.obj
sf_clz_func         0x4               CMakeFiles/tcp_client.dir/home/pi/pico/pico-sdk/src/rp2_common/pico_float/float_init_rom.c.obj
[...]
Memory Configuration

Name             Origin             Length             Attributes
FLASH            0x10000000         0x00200000         xr
RAM              0x20000000         0x00040000         xrw
SCRATCH_X        0x20040000         0x00001000         xrw
SCRATCH_Y        0x20041000         0x00001000         xrw
*default*        0x00000000         0xffffffff

Linker script and memory map

LOAD /usr/lib/gcc/arm-none-eabi/7.3.1/thumb/v6-m/crti.o
LOAD /usr/lib/gcc/arm-none-eabi/7.3.1/thumb/v6-m/crtbegin.o
LOAD /usr/lib/gcc/arm-none-eabi/7.3.1/../../../arm-none-eabi/lib/thumb/v6-m/crt0.o

.flash_begin    0x10000000        0x0
                0x10000000                __flash_binary_start = .

.boot2          0x10000000      0x100
                0x10000000                __boot2_start__ = .
 *(.boot2)
 .boot2         0x10000000      0x100 /tmp/cc4xmRou.o
                0x10000100                __boot2_end__ = .
                0x00000001                ASSERT (((__boot2_end__ - __boot2_start__) == 0x100), ERROR: Pico second stage bootloader must be 256 bytes in size)

.text           0x10000100     0x89d0
                0x10000100                __logical_binary_start = .
 *(.vectors)
 .vectors       0x10000100       0xd4 CMakeFiles/tcp_client.dir/home/pi/pico/pico-sdk/src/rp2_common/pico_standard_link/crt0.S.obj
                0x10000100                __vectors
                0x10000100                __VECTOR_TABLE
                0x100001c0                isr_invalid
                0x100001c0                __default_isrs_start
                0x100001c2                isr_nmi
                0x100001c4                isr_hardfault
                0x100001c6                isr_svcall
                0x100001c8                isr_pendsv
                0x100001ca                isr_systick
                0x100001cc                isr_irq30
                0x100001cc                __unhandled_user_irq
                0x100001cc                isr_irq13
                0x100001cc                isr_irq27
                0x100001cc                isr_irq31
                0x100001cc                isr_irq5
                0x100001cc                isr_irq11
                0x100001cc                isr_irq23
                0x100001cc                isr_irq18
                0x100001cc                isr_irq28
                0x100001cc                isr_irq19
                0x100001cc                isr_irq0
                0x100001cc                isr_irq6
                0x100001cc                isr_irq22
                0x100001cc                isr_irq17
                0x100001cc                isr_irq14
                0x100001cc                isr_irq2
                0x100001cc                isr_irq10
                0x100001cc                isr_irq8
                0x100001cc                isr_irq24
                0x100001cc                isr_irq1
                0x100001cc                isr_irq7
                0x100001cc                isr_irq21
                0x100001cc                isr_irq20
                0x100001cc                isr_irq15
                0x100001cc                isr_irq25
                0x100001cc                isr_irq4
                0x100001cc                isr_irq16
                0x100001cc                isr_irq29
                0x100001cc                isr_irq26
                0x100001cc                __default_isrs_end
                0x100001cc                isr_irq3
                0x100001cc                isr_irq12
                0x100001cc                isr_irq9
                0x100001d2                unhandled_user_irq_num_in_r0
 *(.binary_info_header)
 .binary_info_header
                0x100001d4       0x14 CMakeFiles/tcp_client.dir/home/pi/pico/pico-sdk/src/rp2_common/pico_standard_link/crt0.S.obj
                0x100001e8                __binary_info_header_end = .
 *(.reset)
 .reset         0x100001e8       0xa8 CMakeFiles/tcp_client.dir/home/pi/pico/pico-sdk/src/rp2_common/pico_standard_link/crt0.S.obj
                0x100001e8                _entry_point
                0x10000266                __get_current_exception
 .reset         0x10000290       0x30 CMakeFiles/tcp_client.dir/home/pi/pico/pico-sdk/src/rp2_common/pico_standard_link/binary_info.c.obj
 *(.init)
 .init          0x100002c0        0x4 /usr/lib/gcc/arm-none-eabi/7.3.1/thumb/v6-m/crti.o
                0x100002c0                _init
 *(EXCLUDE_FILE(*libm.a: *libc.a:*lib_a-mem*.o *libgcc.a:) .text*)
 .text          0x100002c4       0x98 /usr/lib/gcc/arm-none-eabi/7.3.1/thumb/v6-m/crtbegin.o
 .text.uart_puts.constprop.1
                0x1000035c       0x5c CMakeFiles/tcp_client.dir/tcp_client.cpp.obj
 .text._Z7sendCMDPKcS0_i
                0x100003b8      0x154 CMakeFiles/tcp_client.dir/tcp_client.cpp.obj
                0x100003b8                sendCMD(char const*, char const*, int)
 .text.startup.main
                0x1000050c      0x204 CMakeFiles/tcp_client.dir/tcp_client.cpp.obj
                0x1000050c                main
 .text.gpio_set_function
                0x10000710       0x30 CMakeFiles/tcp_client.dir/home/pi/pico/pico-sdk/src/rp2_common/hardware_gpio/gpio.c.obj
                0x10000710                gpio_set_function
 .text.hw_claim_or_assert
                0x10000740       0x44 CMakeFiles/tcp_client.dir/home/pi/pico/pico-sdk/src/rp2_common/hardware_claim/claim.c.obj
                0x10000740                hw_claim_or_assert
 .text.hw_claim_unused_from_range
                0x10000784       0x9c CMakeFiles/tcp_client.dir/home/pi/pico/pico-sdk/src/rp2_common/hardware_claim/claim.c.obj
                0x10000784                hw_claim_unused_from_range
 .text.running_on_fpga
                0x10000820       0x10 CMakeFiles/tcp_client.dir/home/pi/pico/pico-sdk/src/rp2_common/pico_platform/platform.c.obj
                0x10000820                running_on_fpga
 .text.spin_locks_reset
                0x10000830       0x1c CMakeFiles/tcp_client.dir/home/pi/pico/pico-sdk/src/rp2_common/hardware_sync/sync.c.obj
                0x10000830                spin_locks_reset
 .text.next_striped_spin_lock_num
                0x1000084c       0x18 CMakeFiles/tcp_client.dir/home/pi/pico/pico-sdk/src/rp2_common/hardware_sync/sync.c.obj
                0x1000084c                next_striped_spin_lock_num
 .text.spin_lock_claim_unused
                0x10000864       0x20 CMakeFiles/tcp_client.dir/home/pi/pico/pico-sdk/src/rp2_common/hardware_sync/sync.c.obj
                0x10000864                spin_lock_claim_unused
 .text.uart_init
                0x10000884       0xe8 CMakeFiles/tcp_client.dir/home/pi/pico/pico-sdk/src/rp2_common/hardware_uart/uart.c.obj
                0x10000884                uart_init
 .text.uart_is_readable_within_us
                0x1000096c       0x24 CMakeFiles/tcp_client.dir/home/pi/pico/pico-sdk/src/rp2_common/hardware_uart/uart.c.obj
                0x1000096c                uart_is_readable_within_us
 .text.timer_pool_entry_comparator
                0x10000990       0x34 CMakeFiles/tcp_client.dir/home/pi/pico/pico-sdk/src/common/pico_time/time.c.obj
                0x10000990                timer_pool_entry_comparator
 .text.sleep_until_callback
                0x100009c4       0x30 CMakeFiles/tcp_client.dir/home/pi/pico/pico-sdk/src/common/pico_time/time.c.obj
 .text.add_alarm_under_lock
                0x100009f4      0x120 CMakeFiles/tcp_client.dir/home/pi/pico/pico-sdk/src/common/pico_time/time.c.obj
 .text.alarm_pool_alarm_callback
                0x10000b14      0x1dc CMakeFiles/tcp_client.dir/home/pi/pico/pico-sdk/src/common/pico_time/time.c.obj
 .text.alarm_pool_init_default
                0x10000cf0       0x64 CMakeFiles/tcp_client.dir/home/pi/pico/pico-sdk/src/common/pico_time/time.c.obj
                0x10000cf0                alarm_pool_init_default
 .text.alarm_pool_get_default
                0x10000d54        0x8 CMakeFiles/tcp_client.dir/home/pi/pico/pico-sdk/src/common/pico_time/time.c.obj
                0x10000d54                alarm_pool_get_default
 .text.alarm_pool_add_alarm_at
                0x10000d5c      0x1ac CMakeFiles/tcp_client.dir/home/pi/pico/pico-sdk/src/common/pico_time/time.c.obj
                0x10000d5c                alarm_pool_add_alarm_at
 .text.sleep_until
                0x10000f08      0x1ec CMakeFiles/tcp_client.dir/home/pi/pico/pico-sdk/src/common/pico_time/time.c.obj
                0x10000f08                sleep_until
 .text.sleep_ms
                0x100010f4       0x38 CMakeFiles/tcp_client.dir/home/pi/pico/pico-sdk/src/common/pico_time/time.c.obj
                0x100010f4                sleep_ms
 .text.best_effort_wfe_or_timeout
                0x1000112c      0x1b4 CMakeFiles/tcp_client.dir/home/pi/pico/pico-sdk/src/common/pico_time/time.c.obj
                0x1000112c                best_effort_wfe_or_timeout
 .text.hardware_alarm_irq_handler
                0x100012e0       0xb0 CMakeFiles/tcp_client.dir/home/pi/pico/pico-sdk/src/rp2_common/hardware_timer/timer.c.obj
 .text.hardware_alarm_claim
                0x10001390       0x18 CMakeFiles/tcp_client.dir/home/pi/pico/pico-sdk/src/rp2_common/hardware_timer/timer.c.obj
                0x10001390                hardware_alarm_claim
 .text.time_us_64
                0x100013a8       0x18 CMakeFiles/tcp_client.dir/home/pi/pico/pico-sdk/src/rp2_common/hardware_timer/timer.c.obj
                0x100013a8                time_us_64
 .text.busy_wait_until
                0x100013c0       0x20 CMakeFiles/tcp_client.dir/home/pi/pico/pico-sdk/src/rp2_common/hardware_timer/timer.c.obj
                0x100013c0                busy_wait_until
 .text.hardware_alarm_set_callback
                0x100013e0       0x8c CMakeFiles/tcp_client.dir/home/pi/pico/pico-sdk/src/rp2_common/hardware_timer/timer.c.obj
                0x100013e0                hardware_alarm_set_callback
 .text.hardware_alarm_set_target
                0x1000146c       0xd8 CMakeFiles/tcp_client.dir/home/pi/pico/pico-sdk/src/rp2_common/hardware_timer/timer.c.obj
                0x1000146c                hardware_alarm_set_target
 .text.hardware_alarm_cancel
                0x10001544       0x40 CMakeFiles/tcp_client.dir/home/pi/pico/pico-sdk/src/rp2_common/hardware_timer/timer.c.obj
                0x10001544                hardware_alarm_cancel
 .text.lock_init
                0x10001584       0x10 CMakeFiles/tcp_client.dir/home/pi/pico/pico-sdk/src/common/pico_sync/lock_core.c.obj
                0x10001584                lock_init
 .text.mutex_init
                0x10001594       0x1c CMakeFiles/tcp_client.dir/home/pi/pico/pico-sdk/src/common/pico_sync/mutex.c.obj
                0x10001594                mutex_init
 .text.recursive_mutex_init
                0x100015b0       0x1c CMakeFiles/tcp_client.dir/home/pi/pico/pico-sdk/src/common/pico_sync/mutex.c.obj
                0x100015b0                recursive_mutex_init
 .text.critical_section_init
                0x100015cc       0x20 CMakeFiles/tcp_client.dir/home/pi/pico/pico-sdk/src/common/pico_sync/critical_section.c.obj
                0x100015cc                critical_section_init
 .text.ph_merge_two_pass.part.3
                0x100015ec       0xcc CMakeFiles/tcp_client.dir/home/pi/pico/pico-sdk/src/common/pico_util/pheap.c.obj
 .text.ph_post_alloc_init
                0x100016b8       0x3c CMakeFiles/tcp_client.dir/home/pi/pico/pico-sdk/src/common/pico_util/pheap.c.obj
                0x100016b8                ph_post_alloc_init
 .text.ph_remove_head
                0x100016f4      0x158 CMakeFiles/tcp_client.dir/home/pi/pico/pico-sdk/src/common/pico_util/pheap.c.obj
                0x100016f4                ph_remove_head
 .text.ph_remove_and_free_node
                0x1000184c      0x340 CMakeFiles/tcp_client.dir/home/pi/pico/pico-sdk/src/common/pico_util/pheap.c.obj
                0x1000184c                ph_remove_and_free_node
 .text.runtime_init
                0x10001b8c      0x100 CMakeFiles/tcp_client.dir/home/pi/pico/pico-sdk/src/rp2_common/pico_runtime/runtime.c.obj
                0x10001b8c                runtime_init
 .text.exit     0x10001c8c        0x4 CMakeFiles/tcp_client.dir/home/pi/pico/pico-sdk/src/rp2_common/pico_runtime/runtime.c.obj
                0x10001c8c                exit
 .text.panic    0x10001c90       0x30 CMakeFiles/tcp_client.dir/home/pi/pico/pico-sdk/src/rp2_common/pico_runtime/runtime.c.obj
                0x10001c90                panic
 .text.hard_assertion_failure
                0x10001cc0        0xc CMakeFiles/tcp_client.dir/home/pi/pico/pico-sdk/src/rp2_common/pico_runtime/runtime.c.obj
                0x10001cc0                hard_assertion_failure
 .text.clocks_init
                0x10001ccc      0x2c8 CMakeFiles/tcp_client.dir/home/pi/pico/pico-sdk/src/rp2_common/hardware_clocks/clocks.c.obj
                0x10001ccc                clocks_init
 .text.clock_get_hz
                0x10001f94        0xc CMakeFiles/tcp_client.dir/home/pi/pico/pico-sdk/src/rp2_common/hardware_clocks/clocks.c.obj
                0x10001f94                clock_get_hz
 .text.irq_set_enabled
                0x10001fa0       0x24 CMakeFiles/tcp_client.dir/home/pi/pico/pico-sdk/src/rp2_common/hardware_irq/irq.c.obj
                0x10001fa0                irq_set_enabled
 .text.irq_set_pending
                0x10001fc4       0x10 CMakeFiles/tcp_client.dir/home/pi/pico/pico-sdk/src/rp2_common/hardware_irq/irq.c.obj
                0x10001fc4                irq_set_pending
 .text.irq_get_vtable_handler
                0x10001fd4       0x10 CMakeFiles/tcp_client.dir/home/pi/pico/pico-sdk/src/rp2_common/hardware_irq/irq.c.obj
                0x10001fd4                irq_get_vtable_handler
 .text.irq_set_exclusive_handler
                0x10001fe4       0x54 CMakeFiles/tcp_client.dir/home/pi/pico/pico-sdk/src/rp2_common/hardware_irq/irq.c.obj
                0x10001fe4                irq_set_exclusive_handler
 .text.irq_remove_handler
                0x10002038      0x1bc CMakeFiles/tcp_client.dir/home/pi/pico/pico-sdk/src/rp2_common/hardware_irq/irq.c.obj
                0x10002038                irq_remove_handler
 .text.irq_add_tail_to_free_list
                0x100021f4       0xb4 CMakeFiles/tcp_client.dir/home/pi/pico/pico-sdk/src/rp2_common/hardware_irq/irq.c.obj
                0x100021f4                irq_add_tail_to_free_list
 .text.irq_init_priorities
                0x100022a8       0x38 CMakeFiles/tcp_client.dir/home/pi/pico/pico-sdk/src/rp2_common/hardware_irq/irq.c.obj
                0x100022a8                irq_init_priorities
 .text.pll_init
                0x100022e0       0xa4 CMakeFiles/tcp_client.dir/home/pi/pico/pico-sdk/src/rp2_common/hardware_pll/pll.c.obj
                0x100022e0                pll_init
 .text.watchdog_start_tick
                0x10002384       0x10 CMakeFiles/tcp_client.dir/home/pi/pico/pico-sdk/src/rp2_common/hardware_watchdog/watchdog.c.obj
                0x10002384                watchdog_start_tick
 .text.watchdog_reboot
                0x10002394       0x94 CMakeFiles/tcp_client.dir/home/pi/pico/pico-sdk/src/rp2_common/hardware_watchdog/watchdog.c.obj
                0x10002394                watchdog_reboot
 .text.xosc_init
                0x10002428       0x28 CMakeFiles/tcp_client.dir/home/pi/pico/pico-sdk/src/rp2_common/hardware_xosc/xosc.c.obj
                0x10002428                xosc_init
 .text._out_buffer
                0x10002450        0x8 CMakeFiles/tcp_client.dir/home/pi/pico/pico-sdk/src/rp2_common/pico_printf/printf.c.obj
 .text._out_null
                0x10002458        0x4 CMakeFiles/tcp_client.dir/home/pi/pico/pico-sdk/src/rp2_common/pico_printf/printf.c.obj
 .text._out_fct
                0x1000245c       0x10 CMakeFiles/tcp_client.dir/home/pi/pico/pico-sdk/src/rp2_common/pico_printf/printf.c.obj
 .text._out_char
                0x1000246c        0xc CMakeFiles/tcp_client.dir/home/pi/pico/pico-sdk/src/rp2_common/pico_printf/printf.c.obj
 .text._ntoa_format
                0x10002478      0x270 CMakeFiles/tcp_client.dir/home/pi/pico/pico-sdk/src/rp2_common/pico_printf/printf.c.obj
 .text._etoa.part.0
                0x100026e8      0x56c CMakeFiles/tcp_client.dir/home/pi/pico/pico-sdk/src/rp2_common/pico_printf/printf.c.obj
 .text._ftoa    0x10002c54      0x6f8 CMakeFiles/tcp_client.dir/home/pi/pico/pico-sdk/src/rp2_common/pico_printf/printf.c.obj
 .text._ftoa.part.1
                0x1000334c      0x54c CMakeFiles/tcp_client.dir/home/pi/pico/pico-sdk/src/rp2_common/pico_printf/printf.c.obj
 .text._vsnprintf
                0x10003898     0x11e0 CMakeFiles/tcp_client.dir/home/pi/pico/pico-sdk/src/rp2_common/pico_printf/printf.c.obj
 .text.__wrap_sprintf
                0x10004a78       0x28 CMakeFiles/tcp_client.dir/home/pi/pico/pico-sdk/src/rp2_common/pico_printf/printf.c.obj
                0x10004a78                __wrap_sprintf
 .text.vfctprintf
                0x10004aa0       0x20 CMakeFiles/tcp_client.dir/home/pi/pico/pico-sdk/src/rp2_common/pico_printf/printf.c.obj
                0x10004aa0                vfctprintf
 .text.weak_raw_vprintf
                0x10004ac0       0x30 CMakeFiles/tcp_client.dir/home/pi/pico/pico-sdk/src/rp2_common/pico_printf/printf.c.obj
                0x10004ac0                weak_raw_vprintf
 .text          0x10004af0       0x10 CMakeFiles/tcp_client.dir/home/pi/pico/pico-sdk/src/rp2_common/pico_bit_ops/bit_ops_aeabi.S.obj
 .text.rom_func_lookup
                0x10004b00       0x10 CMakeFiles/tcp_client.dir/home/pi/pico/pico-sdk/src/rp2_common/pico_bootrom/bootrom.c.obj
                0x10004b00                rom_func_lookup
 .text.rom_data_lookup
                0x10004b10       0x10 CMakeFiles/tcp_client.dir/home/pi/pico/pico-sdk/src/rp2_common/pico_bootrom/bootrom.c.obj
                0x10004b10                rom_data_lookup
 .text.rom_funcs_lookup
                0x10004b20       0x3c CMakeFiles/tcp_client.dir/home/pi/pico/pico-sdk/src/rp2_common/pico_bootrom/bootrom.c.obj
                0x10004b20                rom_funcs_lookup
 .text.__wrap___aeabi_idiv
                0x10004b5c       0x50 CMakeFiles/tcp_client.dir/home/pi/pico/pico-sdk/src/rp2_common/pico_divider/divider.S.obj
                0x10004b5c                __wrap___aeabi_idivmod
                0x10004b5c                divmod_s32s32
                0x10004b5c                div_s32s32
                0x10004b5c                __wrap___aeabi_idiv
                0x10004b64                divmod_s32s32_unsafe
                0x10004b90                divmod_s32s32_savestate
 .text.__wrap___aeabi_uidiv
                0x10004bac       0x4c CMakeFiles/tcp_client.dir/home/pi/pico/pico-sdk/src/rp2_common/pico_divider/divider.S.obj
                0x10004bac                __wrap___aeabi_uidiv
                0x10004bac                __wrap___aeabi_uidivmod
                0x10004bac                div_u32u32
                0x10004bac                divmod_u32u32
                0x10004bb4                divmod_u32u32_unsafe
                0x10004bdc                divmod_u32u32_savestate
 .text.__wrap___aeabi_ldiv
                0x10004bf8      0x430 CMakeFiles/tcp_client.dir/home/pi/pico/pico-sdk/src/rp2_common/pico_divider/divider.S.obj
                0x10004bf8                div_s64s64
                0x10004bf8                divmod_s64s64
                0x10004bf8                __wrap___aeabi_ldivmod
                0x10004c30                div_u64u64
                0x10004c30                divmod_u64u64
                0x10004c30                __wrap___aeabi_uldivmod
                0x10004c40                divmod_u64u64_savestate
                0x10004c68                divmod_s64s64_unsafe
                0x10004cf0                divmod_u64u64_unsafe
 .text.__wrap___aeabi_darithmetic
                0x10005028       0x80 CMakeFiles/tcp_client.dir/home/pi/pico/pico-sdk/src/rp2_common/pico_double/double_aeabi.S.obj
                0x10005028                __wrap___aeabi_drsub
                0x1000502e                __wrap___aeabi_dsub
                0x10005040                __wrap___aeabi_dadd
                0x10005052                __wrap___aeabi_ddiv
                0x1000508e                __wrap___aeabi_dmul
 .text.__wrap___aeabi_cdcmple
                0x100050a8       0x6c CMakeFiles/tcp_client.dir/home/pi/pico/pico-sdk/src/rp2_common/pico_double/double_aeabi.S.obj
                0x100050a8                __wrap___aeabi_cdrcmple
                0x100050b8                __wrap___aeabi_cdcmple
                0x100050b8                __wrap___aeabi_cdcmpeq
 .text.__wrap___aeabi_dcmplt
                0x10005114        0xc CMakeFiles/tcp_client.dir/home/pi/pico/pico-sdk/src/rp2_common/pico_double/double_aeabi.S.obj
                0x10005114                __wrap___aeabi_dcmplt
 .text.__wrap___aeabi_dcmpge
                0x10005120       0x10 CMakeFiles/tcp_client.dir/home/pi/pico/pico-sdk/src/rp2_common/pico_double/double_aeabi.S.obj
                0x10005120                __wrap___aeabi_dcmpge
 .text.__wrap___aeabi_dcmpgt
                0x10005130        0xa CMakeFiles/tcp_client.dir/home/pi/pico/pico-sdk/src/rp2_common/pico_double/double_aeabi.S.obj
                0x10005130                __wrap___aeabi_dcmpgt
 .text.__wrap___aeabi_dcmpun
                0x1000513a       0x1c CMakeFiles/tcp_client.dir/home/pi/pico/pico-sdk/src/rp2_common/pico_double/double_aeabi.S.obj
                0x1000513a                __wrap___aeabi_dcmpun
 *fill*         0x10005156        0x2 
 .text.__wrap___aeabi_i2d
                0x10005158       0x38 CMakeFiles/tcp_client.dir/home/pi/pico/pico-sdk/src/rp2_common/pico_double/double_aeabi.S.obj
                0x10005158                __wrap___aeabi_ui2d
                0x10005160                __wrap___aeabi_i2d
 .text.__wrap___aeabi_d2iz
                0x10005190       0x48 CMakeFiles/tcp_client.dir/home/pi/pico/pico-sdk/src/rp2_common/pico_double/double_aeabi.S.obj
                0x10005190                __wrap___aeabi_d2iz
                0x10005190                double2int_z
 .text.__wrap___aeabi_d2uiz
                0x100051d8       0x18 CMakeFiles/tcp_client.dir/home/pi/pico/pico-sdk/src/rp2_common/pico_double/double_aeabi.S.obj
                0x100051d8                double2uint
                0x100051d8                __wrap___aeabi_d2uiz
 .text.__aeabi_double_init
                0x100051f0       0x4c CMakeFiles/tcp_client.dir/home/pi/pico/pico-sdk/src/rp2_common/pico_double/double_init_rom.c.obj
                0x100051f0                __aeabi_double_init
 .text.double_table_shim_on_use_helper
                0x1000523c       0x2c CMakeFiles/tcp_client.dir/home/pi/pico/pico-sdk/src/rp2_common/pico_double/double_v1_rom_shim.S.obj
                0x1000523c                double_table_shim_on_use_helper
 .text.__wrap___aeabi_dsub
                0x10005268       0x10 CMakeFiles/tcp_client.dir/home/pi/pico/pico-sdk/src/rp2_common/pico_double/double_v1_rom_shim.S.obj
                0x10005268                drsub_shim
                0x1000526e                dsub_shim
 .text.dadd_shim
                0x10005278      0x15c CMakeFiles/tcp_client.dir/home/pi/pico/pico-sdk/src/rp2_common/pico_double/double_v1_rom_shim.S.obj
                0x10005278                dadd_shim
 .text.dmul_shim
                0x100053d4      0x15c CMakeFiles/tcp_client.dir/home/pi/pico/pico-sdk/src/rp2_common/pico_double/double_v1_rom_shim.S.obj
                0x100053d4                dmul_shim
 .text.ddiv_shim
                0x10005530      0x1b0 CMakeFiles/tcp_client.dir/home/pi/pico/pico-sdk/src/rp2_common/pico_double/double_v1_rom_shim.S.obj
                0x10005530                ddiv_shim
 .text.dcordic_rot_step
                0x100056e0       0x7c CMakeFiles/tcp_client.dir/home/pi/pico/pico-sdk/src/rp2_common/pico_double/double_v1_rom_shim.S.obj
                0x100056e0                dcordic_rot_step
 .text.double2uint_shim
                0x1000575c        0xe CMakeFiles/tcp_client.dir/home/pi/pico/pico-sdk/src/rp2_common/pico_double/double_v1_rom_shim.S.obj
                0x1000575c                double2uint_shim
                0x1000575e                double2ufix_shim
 *fill*         0x1000576a        0x2 
 .text.double2uint64_shim
                0x1000576c       0x6c CMakeFiles/tcp_client.dir/home/pi/pico/pico-sdk/src/rp2_common/pico_double/double_v1_rom_shim.S.obj
                0x1000576c                double2uint64_shim
                0x1000576e                double2ufix64_shim
                0x10005788                d2fix_a
 .text.dunpacks
                0x100057d8       0x3c CMakeFiles/tcp_client.dir/home/pi/pico/pico-sdk/src/rp2_common/pico_double/double_v1_rom_shim.S.obj
                0x100057d8                dunpacks
 .text.__aeabi_lmul
                0x10005814       0x32 CMakeFiles/tcp_client.dir/home/pi/pico/pico-sdk/src/rp2_common/pico_int64_ops/pico_int64_ops_aeabi.S.obj
                0x10005814                __wrap___aeabi_lmul
 *fill*         0x10005846        0x2 
 .text.__aeabi_float_init
                0x10005848       0x68 CMakeFiles/tcp_client.dir/home/pi/pico/pico-sdk/src/rp2_common/pico_float/float_init_rom.c.obj
                0x10005848                __aeabi_float_init
 .text.float_table_shim_on_use_helper
                0x100058b0       0x2c CMakeFiles/tcp_client.dir/home/pi/pico/pico-sdk/src/rp2_common/pico_float/float_v1_rom_shim.S.obj
                0x100058b0                float_table_shim_on_use_helper
 .text          0x100058dc       0x10 CMakeFiles/tcp_client.dir/home/pi/pico/pico-sdk/src/rp2_common/pico_mem_ops/mem_ops_aeabi.S.obj
                0x100058dc                __aeabi_mem_init
 .text.memset   0x100058ec        0xc CMakeFiles/tcp_client.dir/home/pi/pico/pico-sdk/src/rp2_common/pico_mem_ops/mem_ops_aeabi.S.obj
                0x100058ec                __wrap_memset
 .text.memcpy   0x100058f8        0xc CMakeFiles/tcp_client.dir/home/pi/pico/pico-sdk/src/rp2_common/pico_mem_ops/mem_ops_aeabi.S.obj
                0x100058f8                __wrap___aeabi_memcpy
                0x100058f8                __wrap_memcpy
 .text.stdio_out_chars_crlf.part.0
                0x10005904       0x8c CMakeFiles/tcp_client.dir/home/pi/pico/pico-sdk/src/rp2_common/pico_stdio/stdio.c.obj
 .text.stdio_buffered_printer
                0x10005990       0x70 CMakeFiles/tcp_client.dir/home/pi/pico/pico-sdk/src/rp2_common/pico_stdio/stdio.c.obj
 .text.__wrap_putchar
                0x10005a00       0xb0 CMakeFiles/tcp_client.dir/home/pi/pico/pico-sdk/src/rp2_common/pico_stdio/stdio.c.obj
                0x10005a00                __wrap_putchar
 .text.__wrap_puts
                0x10005ab0      0x120 CMakeFiles/tcp_client.dir/home/pi/pico/pico-sdk/src/rp2_common/pico_stdio/stdio.c.obj
                0x10005ab0                __wrap_puts
 .text.stdio_set_driver_enabled
                0x10005bd0       0x3c CMakeFiles/tcp_client.dir/home/pi/pico/pico-sdk/src/rp2_common/pico_stdio/stdio.c.obj
                0x10005bd0                stdio_set_driver_enabled
 .text.__wrap_vprintf
                0x10005c0c       0xe0 CMakeFiles/tcp_client.dir/home/pi/pico/pico-sdk/src/rp2_common/pico_stdio/stdio.c.obj
                0x10005c0c                __wrap_vprintf
 .text.__wrap_printf
                0x10005cec       0x18 CMakeFiles/tcp_client.dir/home/pi/pico/pico-sdk/src/rp2_common/pico_stdio/stdio.c.obj
                0x10005cec                __wrap_printf
 .text.stdio_init_all
                0x10005d04        0x8 CMakeFiles/tcp_client.dir/home/pi/pico/pico-sdk/src/rp2_common/pico_stdio/stdio.c.obj
                0x10005d04                stdio_init_all
 .text.resetd_init
                0x10005d0c        0x4 CMakeFiles/tcp_client.dir/home/pi/pico/pico-sdk/src/rp2_common/pico_stdio_usb/reset_interface.c.obj
 .text.resetd_reset
                0x10005d10        0xc CMakeFiles/tcp_client.dir/home/pi/pico/pico-sdk/src/rp2_common/pico_stdio_usb/reset_interface.c.obj
 .text.resetd_xfer_cb
                0x10005d1c        0x4 CMakeFiles/tcp_client.dir/home/pi/pico/pico-sdk/src/rp2_common/pico_stdio_usb/reset_interface.c.obj
 .text.resetd_open
                0x10005d20       0x28 CMakeFiles/tcp_client.dir/home/pi/pico/pico-sdk/src/rp2_common/pico_stdio_usb/reset_interface.c.obj
 .text.resetd_control_xfer_cb
                0x10005d48       0x64 CMakeFiles/tcp_client.dir/home/pi/pico/pico-sdk/src/rp2_common/pico_stdio_usb/reset_interface.c.obj
 .text.usbd_app_driver_get_cb
                0x10005dac        0xc CMakeFiles/tcp_client.dir/home/pi/pico/pico-sdk/src/rp2_common/pico_stdio_usb/reset_interface.c.obj
                0x10005dac                usbd_app_driver_get_cb
 .text.tud_cdc_line_coding_cb
                0x10005db8       0x34 CMakeFiles/tcp_client.dir/home/pi/pico/pico-sdk/src/rp2_common/pico_stdio_usb/reset_interface.c.obj
                0x10005db8                tud_cdc_line_coding_cb
 .text.stdio_usb_in_chars
                0x10005dec       0x68 CMakeFiles/tcp_client.dir/home/pi/pico/pico-sdk/src/rp2_common/pico_stdio_usb/stdio_usb.c.obj
                0x10005dec                stdio_usb_in_chars
 .text.timer_task
                0x10005e54       0x10 CMakeFiles/tcp_client.dir/home/pi/pico/pico-sdk/src/rp2_common/pico_stdio_usb/stdio_usb.c.obj
 .text.low_priority_worker_irq
                0x10005e64       0x20 CMakeFiles/tcp_client.dir/home/pi/pico/pico-sdk/src/rp2_common/pico_stdio_usb/stdio_usb.c.obj
 .text.stdio_usb_out_chars
                0x10005e84       0xf0 CMakeFiles/tcp_client.dir/home/pi/pico/pico-sdk/src/rp2_common/pico_stdio_usb/stdio_usb.c.obj
 .text.stdio_usb_init
                0x10005f74       0x8c CMakeFiles/tcp_client.dir/home/pi/pico/pico-sdk/src/rp2_common/pico_stdio_usb/stdio_usb.c.obj
                0x10005f74                stdio_usb_init
 .text.tud_descriptor_device_cb
                0x10006000        0x8 CMakeFiles/tcp_client.dir/home/pi/pico/pico-sdk/src/rp2_common/pico_stdio_usb/stdio_usb_descriptors.c.obj
                0x10006000                tud_descriptor_device_cb
 .text.tud_descriptor_configuration_cb
                0x10006008        0x8 CMakeFiles/tcp_client.dir/home/pi/pico/pico-sdk/src/rp2_common/pico_stdio_usb/stdio_usb_descriptors.c.obj
                0x10006008                tud_descriptor_configuration_cb
 .text.tud_descriptor_string_cb
                0x10006010       0x70 CMakeFiles/tcp_client.dir/home/pi/pico/pico-sdk/src/rp2_common/pico_stdio_usb/stdio_usb_descriptors.c.obj
                0x10006010                tud_descriptor_string_cb
 .text.dcd_rp2040_irq
                0x10006080      0x144 CMakeFiles/tcp_client.dir/home/pi/pico/pico-sdk/lib/tinyusb/src/portable/raspberrypi/rp2040/dcd_rp2040.c.obj
 .text.dcd_int_enable
                0x100061c4        0xc CMakeFiles/tcp_client.dir/home/pi/pico/pico-sdk/lib/tinyusb/src/portable/raspberrypi/rp2040/dcd_rp2040.c.obj
                0x100061c4                dcd_int_enable
 .text.dcd_set_address
                0x100061d0       0x28 CMakeFiles/tcp_client.dir/home/pi/pico/pico-sdk/lib/tinyusb/src/portable/raspberrypi/rp2040/dcd_rp2040.c.obj
                0x100061d0                dcd_set_address
 .text.dcd_connect
                0x100061f8       0x10 CMakeFiles/tcp_client.dir/home/pi/pico/pico-sdk/lib/tinyusb/src/portable/raspberrypi/rp2040/dcd_rp2040.c.obj
                0x100061f8                dcd_connect
 .text.dcd_init
                0x10006208       0x98 CMakeFiles/tcp_client.dir/home/pi/pico/pico-sdk/lib/tinyusb/src/portable/raspberrypi/rp2040/dcd_rp2040.c.obj
                0x10006208                dcd_init
 .text.dcd_edpt0_status_complete
                0x100062a0       0x30 CMakeFiles/tcp_client.dir/home/pi/pico/pico-sdk/lib/tinyusb/src/portable/raspberrypi/rp2040/dcd_rp2040.c.obj
                0x100062a0                dcd_edpt0_status_complete
 .text.dcd_edpt_open
                0x100062d0      0x140 CMakeFiles/tcp_client.dir/home/pi/pico/pico-sdk/lib/tinyusb/src/portable/raspberrypi/rp2040/dcd_rp2040.c.obj
                0x100062d0                dcd_edpt_open
 .text.dcd_edpt_xfer
                0x10006410       0x28 CMakeFiles/tcp_client.dir/home/pi/pico/pico-sdk/lib/tinyusb/src/portable/raspberrypi/rp2040/dcd_rp2040.c.obj
                0x10006410                dcd_edpt_xfer
 .text.dcd_edpt_stall
                0x10006438       0x48 CMakeFiles/tcp_client.dir/home/pi/pico/pico-sdk/lib/tinyusb/src/portable/raspberrypi/rp2040/dcd_rp2040.c.obj
                0x10006438                dcd_edpt_stall
 .text.dcd_edpt_clear_stall
                0x10006480       0x44 CMakeFiles/tcp_client.dir/home/pi/pico/pico-sdk/lib/tinyusb/src/portable/raspberrypi/rp2040/dcd_rp2040.c.obj
                0x10006480                dcd_edpt_clear_stall
 .text.rp2040_usb_init
                0x100064c4       0x50 CMakeFiles/tcp_client.dir/home/pi/pico/pico-sdk/lib/tinyusb/src/portable/raspberrypi/rp2040/rp2040_usb.c.obj
                0x100064c4                rp2040_usb_init
 .text.hw_endpoint_reset_transfer
                0x10006514       0x10 CMakeFiles/tcp_client.dir/home/pi/pico/pico-sdk/lib/tinyusb/src/portable/raspberrypi/rp2040/rp2040_usb.c.obj
                0x10006514                hw_endpoint_reset_transfer
 .text._hw_endpoint_buffer_control_update32
                0x10006524       0x58 CMakeFiles/tcp_client.dir/home/pi/pico/pico-sdk/lib/tinyusb/src/portable/raspberrypi/rp2040/rp2040_usb.c.obj
                0x10006524                _hw_endpoint_buffer_control_update32
 .text._hw_endpoint_start_next_buffer
                0x1000657c       0x7c CMakeFiles/tcp_client.dir/home/pi/pico/pico-sdk/lib/tinyusb/src/portable/raspberrypi/rp2040/rp2040_usb.c.obj
                0x1000657c                _hw_endpoint_start_next_buffer
 .text._hw_endpoint_xfer_continue
                0x100065f8      0x120 CMakeFiles/tcp_client.dir/home/pi/pico/pico-sdk/lib/tinyusb/src/portable/raspberrypi/rp2040/rp2040_usb.c.obj
                0x100065f8                _hw_endpoint_xfer_continue
 .text._hw_endpoint_xfer
                0x10006718      0x160 CMakeFiles/tcp_client.dir/home/pi/pico/pico-sdk/lib/tinyusb/src/portable/raspberrypi/rp2040/rp2040_usb.c.obj
                0x10006718                _hw_endpoint_xfer
 .text.tud_mounted
                0x10006878       0x10 CMakeFiles/tcp_client.dir/home/pi/pico/pico-sdk/lib/tinyusb/src/device/usbd.c.obj
                0x10006878                tud_mounted
 .text.tud_suspended
                0x10006888       0x10 CMakeFiles/tcp_client.dir/home/pi/pico/pico-sdk/lib/tinyusb/src/device/usbd.c.obj
                0x10006888                tud_suspended
 .text.tud_inited
                0x10006898        0xc CMakeFiles/tcp_client.dir/home/pi/pico/pico-sdk/lib/tinyusb/src/device/usbd.c.obj
                0x10006898                tud_inited
 .text.tud_init
                0x100068a4       0xdc CMakeFiles/tcp_client.dir/home/pi/pico/pico-sdk/lib/tinyusb/src/device/usbd.c.obj
                0x100068a4                tud_init
 .text.tud_task
                0x10006980      0x84c CMakeFiles/tcp_client.dir/home/pi/pico/pico-sdk/lib/tinyusb/src/device/usbd.c.obj
                0x10006980                tud_task
 .text.dcd_event_bus_signal
                0x100071cc       0xe8 CMakeFiles/tcp_client.dir/home/pi/pico/pico-sdk/lib/tinyusb/src/device/usbd.c.obj
                0x100071cc                dcd_event_bus_signal
 .text.dcd_event_bus_reset
                0x100072b4       0x58 CMakeFiles/tcp_client.dir/home/pi/pico/pico-sdk/lib/tinyusb/src/device/usbd.c.obj
                0x100072b4                dcd_event_bus_reset
 .text.dcd_event_setup_received
                0x1000730c       0x50 CMakeFiles/tcp_client.dir/home/pi/pico/pico-sdk/lib/tinyusb/src/device/usbd.c.obj
                0x1000730c                dcd_event_setup_received
 .text.dcd_event_xfer_complete
                0x1000735c       0x68 CMakeFiles/tcp_client.dir/home/pi/pico/pico-sdk/lib/tinyusb/src/device/usbd.c.obj
                0x1000735c                dcd_event_xfer_complete
 .text.usbd_open_edpt_pair
                0x100073c4       0xf4 CMakeFiles/tcp_client.dir/home/pi/pico/pico-sdk/lib/tinyusb/src/device/usbd.c.obj
                0x100073c4                usbd_open_edpt_pair
 .text.usbd_edpt_open
                0x100074b8       0x8c CMakeFiles/tcp_client.dir/home/pi/pico/pico-sdk/lib/tinyusb/src/device/usbd.c.obj
                0x100074b8                usbd_edpt_open
 .text.usbd_edpt_claim
                0x10007544       0x5c CMakeFiles/tcp_client.dir/home/pi/pico/pico-sdk/lib/tinyusb/src/device/usbd.c.obj
                0x10007544                usbd_edpt_claim
 .text.usbd_edpt_release
                0x100075a0       0x4c CMakeFiles/tcp_client.dir/home/pi/pico/pico-sdk/lib/tinyusb/src/device/usbd.c.obj
                0x100075a0                usbd_edpt_release
 .text.usbd_edpt_xfer
                0x100075ec       0x48 CMakeFiles/tcp_client.dir/home/pi/pico/pico-sdk/lib/tinyusb/src/device/usbd.c.obj
                0x100075ec                usbd_edpt_xfer
 .text.tud_control_status
                0x10007634       0x30 CMakeFiles/tcp_client.dir/home/pi/pico/pico-sdk/lib/tinyusb/src/device/usbd_control.c.obj
                0x10007634                tud_control_status
 .text.tud_control_xfer
                0x10007664       0xb4 CMakeFiles/tcp_client.dir/home/pi/pico/pico-sdk/lib/tinyusb/src/device/usbd_control.c.obj
                0x10007664                tud_control_xfer
 .text.usbd_control_reset
                0x10007718       0x14 CMakeFiles/tcp_client.dir/home/pi/pico/pico-sdk/lib/tinyusb/src/device/usbd_control.c.obj
                0x10007718                usbd_control_reset
 .text.usbd_control_set_complete_callback
                0x1000772c        0xc CMakeFiles/tcp_client.dir/home/pi/pico/pico-sdk/lib/tinyusb/src/device/usbd_control.c.obj
                0x1000772c                usbd_control_set_complete_callback
 .text.usbd_control_set_request
                0x10007738       0x1c CMakeFiles/tcp_client.dir/home/pi/pico/pico-sdk/lib/tinyusb/src/device/usbd_control.c.obj
                0x10007738                usbd_control_set_request
 .text.usbd_control_xfer_cb
                0x10007754       0xfc CMakeFiles/tcp_client.dir/home/pi/pico/pico-sdk/lib/tinyusb/src/device/usbd_control.c.obj
                0x10007754                usbd_control_xfer_cb
 .text.tud_cdc_n_connected
                0x10007850       0x18 CMakeFiles/tcp_client.dir/home/pi/pico/pico-sdk/lib/tinyusb/src/class/cdc/cdc_device.c.obj
                0x10007850                tud_cdc_n_connected
 .text.tud_cdc_n_available
                0x10007868       0x1c CMakeFiles/tcp_client.dir/home/pi/pico/pico-sdk/lib/tinyusb/src/class/cdc/cdc_device.c.obj
                0x10007868                tud_cdc_n_available
 .text.tud_cdc_n_read
                0x10007884       0x70 CMakeFiles/tcp_client.dir/home/pi/pico/pico-sdk/lib/tinyusb/src/class/cdc/cdc_device.c.obj
                0x10007884                tud_cdc_n_read
 .text.tud_cdc_n_write
                0x100078f4       0x90 CMakeFiles/tcp_client.dir/home/pi/pico/pico-sdk/lib/tinyusb/src/class/cdc/cdc_device.c.obj
                0x100078f4                tud_cdc_n_write
 .text.tud_cdc_n_write_flush
                0x10007984       0x78 CMakeFiles/tcp_client.dir/home/pi/pico/pico-sdk/lib/tinyusb/src/class/cdc/cdc_device.c.obj
                0x10007984                tud_cdc_n_write_flush
 .text.tud_cdc_n_write_available
                0x100079fc       0x1c CMakeFiles/tcp_client.dir/home/pi/pico/pico-sdk/lib/tinyusb/src/class/cdc/cdc_device.c.obj
                0x100079fc                tud_cdc_n_write_available
 .text.cdcd_init
                0x10007a18       0x7c CMakeFiles/tcp_client.dir/home/pi/pico/pico-sdk/lib/tinyusb/src/class/cdc/cdc_device.c.obj
                0x10007a18                cdcd_init
 .text.cdcd_reset
                0x10007a94       0x2c CMakeFiles/tcp_client.dir/home/pi/pico/pico-sdk/lib/tinyusb/src/class/cdc/cdc_device.c.obj
                0x10007a94                cdcd_reset
 .text.cdcd_open
                0x10007ac0       0xec CMakeFiles/tcp_client.dir/home/pi/pico/pico-sdk/lib/tinyusb/src/class/cdc/cdc_device.c.obj
                0x10007ac0                cdcd_open
 .text.cdcd_control_xfer_cb
                0x10007bac       0xe4 CMakeFiles/tcp_client.dir/home/pi/pico/pico-sdk/lib/tinyusb/src/class/cdc/cdc_device.c.obj
                0x10007bac                cdcd_control_xfer_cb
 .text.cdcd_xfer_cb
                0x10007c90      0x198 CMakeFiles/tcp_client.dir/home/pi/pico/pico-sdk/lib/tinyusb/src/class/cdc/cdc_device.c.obj
                0x10007c90                cdcd_xfer_cb
 .text.tusb_init
                0x10007e28        0xc CMakeFiles/tcp_client.dir/home/pi/pico/pico-sdk/lib/tinyusb/src/tusb.c.obj
                0x10007e28                tusb_init
 .text.tusb_inited
                0x10007e34        0x8 CMakeFiles/tcp_client.dir/home/pi/pico/pico-sdk/lib/tinyusb/src/tusb.c.obj
                0x10007e34                tusb_inited
 .text.tu_fifo_config
                0x10007e3c       0x78 CMakeFiles/tcp_client.dir/home/pi/pico/pico-sdk/lib/tinyusb/src/common/tusb_fifo.c.obj
                0x10007e3c                tu_fifo_config
 .text.tu_fifo_count
                0x10007eb4       0x24 CMakeFiles/tcp_client.dir/home/pi/pico/pico-sdk/lib/tinyusb/src/common/tusb_fifo.c.obj
                0x10007eb4                tu_fifo_count
 .text.tu_fifo_empty
                0x10007ed8       0x10 CMakeFiles/tcp_client.dir/home/pi/pico/pico-sdk/lib/tinyusb/src/common/tusb_fifo.c.obj
                0x10007ed8                tu_fifo_empty
 .text.tu_fifo_remaining
                0x10007ee8       0x20 CMakeFiles/tcp_client.dir/home/pi/pico/pico-sdk/lib/tinyusb/src/common/tusb_fifo.c.obj
                0x10007ee8                tu_fifo_remaining
 .text.tu_fifo_read
                0x10007f08       0xa0 CMakeFiles/tcp_client.dir/home/pi/pico/pico-sdk/lib/tinyusb/src/common/tusb_fifo.c.obj
                0x10007f08                tu_fifo_read
 .text.tu_fifo_read_n
                0x10007fa8       0xf4 CMakeFiles/tcp_client.dir/home/pi/pico/pico-sdk/lib/tinyusb/src/common/tusb_fifo.c.obj
                0x10007fa8                tu_fifo_read_n
 .text.tu_fifo_write
                0x1000809c       0x7c CMakeFiles/tcp_client.dir/home/pi/pico/pico-sdk/lib/tinyusb/src/common/tusb_fifo.c.obj
                0x1000809c                tu_fifo_write
 .text.tu_fifo_write_n
                0x10008118       0xf8 CMakeFiles/tcp_client.dir/home/pi/pico/pico-sdk/lib/tinyusb/src/common/tusb_fifo.c.obj
                0x10008118                tu_fifo_write_n
 .text.tu_fifo_clear
                0x10008210       0x4c CMakeFiles/tcp_client.dir/home/pi/pico/pico-sdk/lib/tinyusb/src/common/tusb_fifo.c.obj
                0x10008210                tu_fifo_clear
 .text.tu_fifo_set_overwritable
                0x1000825c       0x3c CMakeFiles/tcp_client.dir/home/pi/pico/pico-sdk/lib/tinyusb/src/common/tusb_fifo.c.obj
                0x1000825c                tu_fifo_set_overwritable
 .text.startup._retrieve_unique_id_on_boot
                0x10008298       0x10 CMakeFiles/tcp_client.dir/home/pi/pico/pico-sdk/src/rp2_common/pico_unique_id/unique_id.c.obj
 .text.pico_get_unique_board_id_string
                0x100082a8      0x1cc CMakeFiles/tcp_client.dir/home/pi/pico/pico-sdk/src/rp2_common/pico_unique_id/unique_id.c.obj
                0x100082a8                pico_get_unique_board_id_string
 .text.flash_get_unique_id
                0x10008474       0x3c CMakeFiles/tcp_client.dir/home/pi/pico/pico-sdk/src/rp2_common/hardware_flash/flash.c.obj
                0x10008474                flash_get_unique_id
 .text          0x100084b0       0x64 /usr/lib/gcc/arm-none-eabi/7.3.1/../../../arm-none-eabi/lib/thumb/v6-m/libc.a(lib_a-strlen-stub.o)
                0x100084b0                strlen
 .text          0x10008514      0x440 /usr/lib/gcc/arm-none-eabi/7.3.1/../../../arm-none-eabi/lib/thumb/v6-m/libc.a(lib_a-strstr.o)
                0x100087d8                strstr
 .text          0x10008954       0xd4 /usr/lib/gcc/arm-none-eabi/7.3.1/../../../arm-none-eabi/lib/thumb/v6-m/libc.a(lib_a-strchr.o)
                0x10008954                strchr
 .text          0x10008a28       0x24 /usr/lib/gcc/arm-none-eabi/7.3.1/../../../arm-none-eabi/lib/thumb/v6-m/libc.a(lib_a-strnlen.o)
                0x10008a28                strnlen
 *(.fini)
 .fini          0x10008a4c        0x4 /usr/lib/gcc/arm-none-eabi/7.3.1/thumb/v6-m/crti.o
                0x10008a4c                _fini
 .fini.__stub   0x10008a50       0x80 linker stubs
 *crtbegin.o(.ctors)
 *crtbegin?.o(.ctors)
 *(EXCLUDE_FILE(*crtend.o *crtend?.o) .ctors)
 *(SORT_BY_NAME(.ctors.*))
 *(.ctors)
 *crtbegin.o(.dtors)
 *crtbegin?.o(.dtors)
 *(EXCLUDE_FILE(*crtend.o *crtend?.o) .dtors)
 *(SORT_BY_NAME(.dtors.*))
 *(.dtors)
 *(.eh_frame*)
 .eh_frame      0x10008ad0        0x0 /usr/lib/gcc/arm-none-eabi/7.3.1/thumb/v6-m/crtbegin.o
                0x10008ad0                . = ALIGN (0x4)

.glue_7         0x10008ad0        0x0
 .glue_7        0x10008ad0        0x0 linker stubs

.glue_7t        0x10008ad0        0x0
 .glue_7t       0x10008ad0        0x0 linker stubs

.vfp11_veneer   0x10008ad0        0x0
 .vfp11_veneer  0x10008ad0        0x0 linker stubs

.v4_bx          0x10008ad0        0x0
 .v4_bx         0x10008ad0        0x0 linker stubs

.iplt           0x10008ad0        0x0
 .iplt          0x10008ad0        0x0 /usr/lib/gcc/arm-none-eabi/7.3.1/thumb/v6-m/crtbegin.o

.rodata         0x10008ad0      0x644
 *(EXCLUDE_FILE(*libm.a: *libc.a:*lib_a-mem*.o *libgcc.a:) .rodata*)
 .rodata._Z7sendCMDPKcS0_i.str1.4
                0x10008ad0        0x9 CMakeFiles/tcp_client.dir/tcp_client.cpp.obj
 *fill*         0x10008ad9        0x3 
 .rodata.main.str1.4
                0x10008adc       0x9d CMakeFiles/tcp_client.dir/tcp_client.cpp.obj
 *fill*         0x10008b79        0x3 
 .rodata.spin_lock_claim_unused.str1.4
                0x10008b7c       0x1b CMakeFiles/tcp_client.dir/home/pi/pico/pico-sdk/src/rp2_common/hardware_sync/sync.c.obj
 *fill*         0x10008b97        0x1 
 .rodata.hardware_alarm_claim.str1.4
                0x10008b98       0x22 CMakeFiles/tcp_client.dir/home/pi/pico/pico-sdk/src/rp2_common/hardware_timer/timer.c.obj
 *fill*         0x10008bba        0x2 
 .rodata.hard_assertion_failure.str1.4
                0x10008bbc        0xc CMakeFiles/tcp_client.dir/home/pi/pico/pico-sdk/src/rp2_common/pico_runtime/runtime.c.obj
 .rodata.panic.str1.4
                0x10008bc8       0x10 CMakeFiles/tcp_client.dir/home/pi/pico/pico-sdk/src/rp2_common/pico_runtime/runtime.c.obj
                                 0x12 (size before relaxing)
 .rodata._vsnprintf
                0x10008bd8      0x1e0 CMakeFiles/tcp_client.dir/home/pi/pico/pico-sdk/src/rp2_common/pico_printf/printf.c.obj
 .rodata._etoa.part.0.str1.4
                0x10008db8        0x9 CMakeFiles/tcp_client.dir/home/pi/pico/pico-sdk/src/rp2_common/pico_printf/printf.c.obj
 *fill*         0x10008dc1        0x3 
 .rodata._ftoa.str1.4
                0x10008dc4        0xc CMakeFiles/tcp_client.dir/home/pi/pico/pico-sdk/src/rp2_common/pico_printf/printf.c.obj
 .rodata.pow10.5382
                0x10008dd0       0x50 CMakeFiles/tcp_client.dir/home/pi/pico/pico-sdk/src/rp2_common/pico_printf/printf.c.obj
 .rodata.__bi_44
                0x10008e20        0xc CMakeFiles/tcp_client.dir/home/pi/pico/pico-sdk/src/rp2_common/pico_standard_link/binary_info.c.obj
 .rodata.__bi_69
                0x10008e2c        0xc CMakeFiles/tcp_client.dir/home/pi/pico/pico-sdk/src/rp2_common/pico_standard_link/binary_info.c.obj
 .rodata.__bi_75
                0x10008e38        0xc CMakeFiles/tcp_client.dir/home/pi/pico/pico-sdk/src/rp2_common/pico_standard_link/binary_info.c.obj
 .rodata.__bi_81
                0x10008e44        0xc CMakeFiles/tcp_client.dir/home/pi/pico/pico-sdk/src/rp2_common/pico_standard_link/binary_info.c.obj
 .rodata.str1.4
                0x10008e50       0x84 CMakeFiles/tcp_client.dir/home/pi/pico/pico-sdk/src/rp2_common/pico_standard_link/binary_info.c.obj
 .rodata.crlf_str.5813
                0x10008ed4        0x2 CMakeFiles/tcp_client.dir/home/pi/pico/pico-sdk/src/rp2_common/pico_stdio/stdio.c.obj
 *fill*         0x10008ed6        0x2 
 .rodata._resetd_driver
                0x10008ed8       0x18 CMakeFiles/tcp_client.dir/home/pi/pico/pico-sdk/src/rp2_common/pico_stdio_usb/reset_interface.c.obj
 .rodata.__bi_93.7070
                0x10008ef0        0xc CMakeFiles/tcp_client.dir/home/pi/pico/pico-sdk/src/rp2_common/pico_stdio_usb/stdio_usb.c.obj
 .rodata.str1.4
                0x10008efc       0x13 CMakeFiles/tcp_client.dir/home/pi/pico/pico-sdk/src/rp2_common/pico_stdio_usb/stdio_usb.c.obj
 *fill*         0x10008f0f        0x1 
 .rodata.str1.4
                0x10008f10       0x2a CMakeFiles/tcp_client.dir/home/pi/pico/pico-sdk/src/rp2_common/pico_stdio_usb/stdio_usb_descriptors.c.obj
 *fill*         0x10008f3a        0x2 
 .rodata.usbd_desc_cfg
                0x10008f3c       0x54 CMakeFiles/tcp_client.dir/home/pi/pico/pico-sdk/src/rp2_common/pico_stdio_usb/stdio_usb_descriptors.c.obj
 .rodata.usbd_desc_device
                0x10008f90       0x12 CMakeFiles/tcp_client.dir/home/pi/pico/pico-sdk/src/rp2_common/pico_stdio_usb/stdio_usb_descriptors.c.obj
 *fill*         0x10008fa2        0x2 
 .rodata.usbd_desc_str
                0x10008fa4       0x18 CMakeFiles/tcp_client.dir/home/pi/pico/pico-sdk/src/rp2_common/pico_stdio_usb/stdio_usb_descriptors.c.obj
 .rodata.dcd_edpt_open.str1.4
                0x10008fbc       0x28 CMakeFiles/tcp_client.dir/home/pi/pico/pico-sdk/lib/tinyusb/src/portable/raspberrypi/rp2040/dcd_rp2040.c.obj
 .rodata.dcd_rp2040_irq.str1.4
                0x10008fe4       0x14 CMakeFiles/tcp_client.dir/home/pi/pico/pico-sdk/lib/tinyusb/src/portable/raspberrypi/rp2040/dcd_rp2040.c.obj
 .rodata._hw_endpoint_buffer_control_update32.str1.4
                0x10008ff8       0x1f CMakeFiles/tcp_client.dir/home/pi/pico/pico-sdk/lib/tinyusb/src/portable/raspberrypi/rp2040/rp2040_usb.c.obj
 *fill*         0x10009017        0x1 
 .rodata._hw_endpoint_xfer_continue.str1.4
                0x10009018       0x50 CMakeFiles/tcp_client.dir/home/pi/pico/pico-sdk/lib/tinyusb/src/portable/raspberrypi/rp2040/rp2040_usb.c.obj
 .rodata.str1.4
                0x10009068        0x8 CMakeFiles/tcp_client.dir/home/pi/pico/pico-sdk/lib/tinyusb/src/portable/raspberrypi/rp2040/rp2040_usb.c.obj
                                  0x7 (size before relaxing)
 .rodata.tud_task
                0x10009070       0x8c CMakeFiles/tcp_client.dir/home/pi/pico/pico-sdk/lib/tinyusb/src/device/usbd.c.obj
 .rodata._usbd_driver
                0x100090fc       0x18 CMakeFiles/tcp_client.dir/home/pi/pico/pico-sdk/lib/tinyusb/src/device/usbd.c.obj
                0x10009114                . = ALIGN (0x4)
 *(SORT_BY_ALIGNMENT(SORT_BY_NAME(.flashdata*)))
                0x10009114                . = ALIGN (0x4)

.rel.dyn        0x10009114        0x0
 .rel.iplt      0x10009114        0x0 /usr/lib/gcc/arm-none-eabi/7.3.1/thumb/v6-m/crtbegin.o

.ARM.extab
 *(.ARM.extab* .gnu.linkonce.armextab.*)
                0x10009114                __exidx_start = .

.ARM.exidx
 *(.ARM.exidx* .gnu.linkonce.armexidx.*)
                0x10009114                __exidx_end = .
                0x10009114                . = ALIGN (0x4)
                0x10009114                __binary_info_start = .

.binary_info    0x10009114       0x24
 *(.binary_info.keep.*)
 .binary_info.keep.__bi_ptr22
                0x10009114        0x4 CMakeFiles/tcp_client.dir/home/pi/pico/pico-sdk/src/rp2_common/pico_standard_link/binary_info.c.obj
 .binary_info.keep.__bi_ptr30
                0x10009118        0x4 CMakeFiles/tcp_client.dir/home/pi/pico/pico-sdk/src/rp2_common/pico_standard_link/binary_info.c.obj
 .binary_info.keep.__bi_ptr38
                0x1000911c        0x4 CMakeFiles/tcp_client.dir/home/pi/pico/pico-sdk/src/rp2_common/pico_standard_link/binary_info.c.obj
 .binary_info.keep.__bi_ptr44
                0x10009120        0x4 CMakeFiles/tcp_client.dir/home/pi/pico/pico-sdk/src/rp2_common/pico_standard_link/binary_info.c.obj
 .binary_info.keep.__bi_ptr50
                0x10009124        0x4 CMakeFiles/tcp_client.dir/home/pi/pico/pico-sdk/src/rp2_common/pico_standard_link/binary_info.c.obj
 .binary_info.keep.__bi_ptr69
                0x10009128        0x4 CMakeFiles/tcp_client.dir/home/pi/pico/pico-sdk/src/rp2_common/pico_standard_link/binary_info.c.obj
 .binary_info.keep.__bi_ptr75
                0x1000912c        0x4 CMakeFiles/tcp_client.dir/home/pi/pico/pico-sdk/src/rp2_common/pico_standard_link/binary_info.c.obj
 .binary_info.keep.__bi_ptr81
                0x10009130        0x4 CMakeFiles/tcp_client.dir/home/pi/pico/pico-sdk/src/rp2_common/pico_standard_link/binary_info.c.obj
 *(.binary_info.*)
 .binary_info.__bi_ptr93
                0x10009134        0x4 CMakeFiles/tcp_client.dir/home/pi/pico/pico-sdk/src/rp2_common/pico_stdio_usb/stdio_usb.c.obj
                0x10009138                __binary_info_end = .
                0x10009138                . = ALIGN (0x4)
                0x10009138                __etext = .

.ram_vector_table
                0x20000000       0xc0
 *(.ram_vector_table)
 .ram_vector_table
                0x20000000       0xc0 CMakeFiles/tcp_client.dir/home/pi/pico/pico-sdk/src/rp2_common/pico_runtime/runtime.c.obj
                0x20000000                ram_vector_table

.data           0x200000c0      0x490 load address 0x10009138
                0x200000c0                __data_start__ = .
 *(vtable)
 *(.time_critical*)
 .time_critical.mutex_enter_blocking
                0x200000c0       0x60 CMakeFiles/tcp_client.dir/home/pi/pico/pico-sdk/src/common/pico_sync/mutex.c.obj
                0x200000c0                mutex_enter_blocking
 .time_critical.mutex_try_enter
                0x20000120       0x5c CMakeFiles/tcp_client.dir/home/pi/pico/pico-sdk/src/common/pico_sync/mutex.c.obj
                0x20000120                mutex_try_enter
 .time_critical.mutex_enter_timeout_ms
                0x2000017c       0xb4 CMakeFiles/tcp_client.dir/home/pi/pico/pico-sdk/src/common/pico_sync/mutex.c.obj
                0x2000017c                mutex_enter_timeout_ms
 .time_critical.mutex_exit
                0x20000230       0x58 CMakeFiles/tcp_client.dir/home/pi/pico/pico-sdk/src/common/pico_sync/mutex.c.obj
                0x20000230                mutex_exit
 .time_critical.flash_init_boot2_copyout
                0x20000288       0x34 CMakeFiles/tcp_client.dir/home/pi/pico/pico-sdk/src/rp2_common/hardware_flash/flash.c.obj
 .time_critical.flash_enable_xip_via_boot2
                0x200002bc       0x10 CMakeFiles/tcp_client.dir/home/pi/pico/pico-sdk/src/rp2_common/hardware_flash/flash.c.obj
 .time_critical.flash_cs_force
                0x200002cc       0x38 CMakeFiles/tcp_client.dir/home/pi/pico/pico-sdk/src/rp2_common/hardware_flash/flash.c.obj
 .time_critical.flash_do_cmd
                0x20000304       0x98 CMakeFiles/tcp_client.dir/home/pi/pico/pico-sdk/src/rp2_common/hardware_flash/flash.c.obj
                0x20000304                flash_do_cmd
 *(.text*)
 .text          0x2000039c        0x4 /usr/lib/gcc/arm-none-eabi/7.3.1/thumb/v6-m/libgcc.a(_dvmd_tls.o)
                0x2000039c                __aeabi_ldiv0
                0x2000039c                __aeabi_idiv0
 .text          0x200003a0       0x4c /usr/lib/gcc/arm-none-eabi/7.3.1/../../../arm-none-eabi/lib/thumb/v6-m/libc.a(lib_a-memcmp.o)
                0x200003a0                memcmp
 *fill*         0x200003ec        0x4 
 .text.__stub   0x200003f0       0x40 linker stubs
                0x20000430                . = ALIGN (0x4)
 *(.rodata*)
                0x20000430                . = ALIGN (0x4)
 *(.data*)
 .data.Port     0x20000430        0x5 CMakeFiles/tcp_client.dir/tcp_client.cpp.obj
                0x20000430                Port
 *fill*         0x20000435        0x3 
 .data.SSID     0x20000438        0x8 CMakeFiles/tcp_client.dir/tcp_client.cpp.obj
                0x20000438                SSID
 .data.ServerIP
                0x20000440        0xe CMakeFiles/tcp_client.dir/tcp_client.cpp.obj
                0x20000440                ServerIP
 *fill*         0x2000044e        0x2 
 .data.password
                0x20000450        0xb CMakeFiles/tcp_client.dir/tcp_client.cpp.obj
                0x20000450                password
 .data.striped_spin_lock_num
                0x2000045b        0x1 CMakeFiles/tcp_client.dir/home/pi/pico/pico-sdk/src/rp2_common/hardware_sync/sync.c.obj
 .data.default_alarm_pool
                0x2000045c       0x18 CMakeFiles/tcp_client.dir/home/pi/pico/pico-sdk/src/common/pico_time/time.c.obj
 .data.default_alarm_pool_heap
                0x20000474       0x10 CMakeFiles/tcp_client.dir/home/pi/pico/pico-sdk/src/common/pico_time/time.c.obj
 .data          0x20000484       0x48 CMakeFiles/tcp_client.dir/home/pi/pico/pico-sdk/src/rp2_common/hardware_irq/irq_handler_chain.S.obj
                0x20000484                irq_handler_chain_slots
                0x200004b4                irq_handler_chain_first_slot
                0x200004be                irq_handler_chain_remove_tail
 *fill*         0x200004cc        0x4 
 .data.aeabi_bits_funcs
                0x200004d0       0x10 CMakeFiles/tcp_client.dir/home/pi/pico/pico-sdk/src/rp2_common/pico_bit_ops/bit_ops_aeabi.S.obj
                0x200004d0                aeabi_bits_funcs
                0x200004e0                aeabi_bits_funcs_end
 .data.aeabi_mem_funcs
                0x200004e0       0x10 CMakeFiles/tcp_client.dir/home/pi/pico/pico-sdk/src/rp2_common/pico_mem_ops/mem_ops_aeabi.S.obj
                0x200004e0                aeabi_mem_funcs
                0x200004f0                aeabi_mem_funcs_end
 .data.stdio_usb
                0x200004f0       0x14 CMakeFiles/tcp_client.dir/home/pi/pico/pico-sdk/src/rp2_common/pico_stdio_usb/stdio_usb.c.obj
                0x200004f0                stdio_usb
 .data.ep_dir_string
                0x20000504        0x8 CMakeFiles/tcp_client.dir/home/pi/pico/pico-sdk/lib/tinyusb/src/portable/raspberrypi/rp2040/rp2040_usb.c.obj
                0x20000504                ep_dir_string
 .data._usbd_qdef
                0x2000050c       0x24 CMakeFiles/tcp_client.dir/home/pi/pico/pico-sdk/lib/tinyusb/src/device/usbd.c.obj
                0x2000050c                _usbd_qdef
                0x20000530                . = ALIGN (0x4)
 *(.after_data.*)
                0x20000530                . = ALIGN (0x4)
                0x20000530                PROVIDE (__mutex_array_start = .)
 *(SORT_BY_NAME(.mutex_array.*))
 *(.mutex_array)
 .mutex_array   0x20000530        0x8 CMakeFiles/tcp_client.dir/home/pi/pico/pico-sdk/src/rp2_common/pico_stdio/stdio.c.obj
                0x20000538                PROVIDE (__mutex_array_end = .)
                0x20000538                . = ALIGN (0x4)
                0x20000538                PROVIDE (__preinit_array_start = .)
 *(SORT_BY_NAME(.preinit_array.*))
 .preinit_array.00001
                0x20000538        0x4 CMakeFiles/tcp_client.dir/home/pi/pico/pico-sdk/src/rp2_common/pico_mem_ops/mem_ops_aeabi.S.obj
 .preinit_array.00010
                0x2000053c        0x4 CMakeFiles/tcp_client.dir/home/pi/pico/pico-sdk/src/rp2_common/pico_bit_ops/bit_ops_aeabi.S.obj
 .preinit_array.00020
                0x20000540        0x4 CMakeFiles/tcp_client.dir/home/pi/pico/pico-sdk/src/rp2_common/pico_double/double_aeabi.S.obj
 .preinit_array.00020
                0x20000544        0x4 CMakeFiles/tcp_client.dir/home/pi/pico/pico-sdk/src/rp2_common/pico_float/float_aeabi.S.obj
 *(.preinit_array)
                0x20000548                PROVIDE (__preinit_array_end = .)
                0x20000548                . = ALIGN (0x4)
                0x20000548                PROVIDE (__init_array_start = .)
 *(SORT_BY_NAME(.init_array.*))
 *(.init_array)
 .init_array    0x20000548        0x4 /usr/lib/gcc/arm-none-eabi/7.3.1/thumb/v6-m/crtbegin.o
 .init_array    0x2000054c        0x4 CMakeFiles/tcp_client.dir/home/pi/pico/pico-sdk/src/rp2_common/pico_unique_id/unique_id.c.obj
                0x20000550                PROVIDE (__init_array_end = .)
                0x20000550                . = ALIGN (0x4)
                0x20000550                PROVIDE (__fini_array_start = .)
 *(SORT_BY_NAME(.fini_array.*))
 *(.fini_array)
                0x20000550                PROVIDE (__fini_array_end = .)
 *(.jcr)
                0x20000550                . = ALIGN (0x4)
                0x20000550                __data_end__ = .

.tm_clone_table
                0x20000550        0x0 load address 0x100095c8
 .tm_clone_table
                0x20000550        0x0 /usr/lib/gcc/arm-none-eabi/7.3.1/thumb/v6-m/crtbegin.o
 .tm_clone_table
                0x20000550        0x0 /usr/lib/gcc/arm-none-eabi/7.3.1/thumb/v6-m/crtend.o

.igot.plt       0x20000550        0x0 load address 0x100095c8
 .igot.plt      0x20000550        0x0 /usr/lib/gcc/arm-none-eabi/7.3.1/thumb/v6-m/crtbegin.o

.uninitialized_data
                0x20000550        0x0 load address 0x100095c8
                0x20000550                . = ALIGN (0x4)
 *(.uninitialized_data*)

.scratch_x      0x20040000        0x0 load address 0x100095c8
                0x20040000                __scratch_x_start__ = .
 *(.scratch_x.*)
                0x20040000                . = ALIGN (0x4)
                0x20040000                __scratch_x_end__ = .
                0x100095c8                __scratch_x_source__ = LOADADDR (.scratch_x)

.scratch_y      0x20041000        0x0 load address 0x100095c8
                0x20041000                __scratch_y_start__ = .
 *(.scratch_y.*)
                0x20041000                . = ALIGN (0x4)
                0x20041000                __scratch_y_end__ = .
                0x100095c8                __scratch_y_source__ = LOADADDR (.scratch_y)

.bss            0x20000550      0xe00
                0x20000550                . = ALIGN (0x4)
                0x20000550                __bss_start__ = .
 *(SORT_BY_ALIGNMENT(SORT_BY_NAME(.bss*)))
 .bss.default_alarm_pool_entries
                0x20000550      0x100 CMakeFiles/tcp_client.dir/home/pi/pico/pico-sdk/src/common/pico_time/time.c.obj
 .bss.last_avail_time.7049
                0x20000650        0x8 CMakeFiles/tcp_client.dir/home/pi/pico/pico-sdk/src/rp2_common/pico_stdio_usb/stdio_usb.c.obj
 .bss           0x20000658       0x1c /usr/lib/gcc/arm-none-eabi/7.3.1/thumb/v6-m/crtbegin.o
 .bss._app_driver
                0x20000674        0x4 CMakeFiles/tcp_client.dir/home/pi/pico/pico-sdk/lib/tinyusb/src/device/usbd.c.obj
 .bss._cdcd_itf
                0x20000678      0x2d8 CMakeFiles/tcp_client.dir/home/pi/pico/pico-sdk/lib/tinyusb/src/class/cdc/cdc_device.c.obj
 .bss._ctrl_xfer
                0x20000950       0x14 CMakeFiles/tcp_client.dir/home/pi/pico/pico-sdk/lib/tinyusb/src/device/usbd_control.c.obj
 .bss._ubsd_mutexdef
                0x20000964        0x8 CMakeFiles/tcp_client.dir/home/pi/pico/pico-sdk/lib/tinyusb/src/device/usbd.c.obj
 .bss._usbd_ctrl_buf
                0x2000096c       0x40 CMakeFiles/tcp_client.dir/home/pi/pico/pico-sdk/lib/tinyusb/src/device/usbd_control.c.obj
 .bss._usbd_dev
                0x200009ac       0x37 CMakeFiles/tcp_client.dir/home/pi/pico/pico-sdk/lib/tinyusb/src/device/usbd.c.obj
 *fill*         0x200009e3        0x1 
 .bss._usbd_mutex
                0x200009e4        0x4 CMakeFiles/tcp_client.dir/home/pi/pico/pico-sdk/lib/tinyusb/src/device/usbd.c.obj
 .bss._usbd_q   0x200009e8        0x4 CMakeFiles/tcp_client.dir/home/pi/pico/pico-sdk/lib/tinyusb/src/device/usbd.c.obj
 .bss.alarm_callbacks
                0x200009ec       0x10 CMakeFiles/tcp_client.dir/home/pi/pico/pico-sdk/src/rp2_common/hardware_timer/timer.c.obj
 .bss.boot2_copyout
                0x200009fc      0x100 CMakeFiles/tcp_client.dir/home/pi/pico/pico-sdk/src/rp2_common/hardware_flash/flash.c.obj
 .bss.buf       0x20000afc       0x64 CMakeFiles/tcp_client.dir/tcp_client.cpp.obj
                0x20000afc                buf
 .bss.claimed   0x20000b60        0x4 CMakeFiles/tcp_client.dir/home/pi/pico/pico-sdk/src/rp2_common/hardware_sync/sync.c.obj
 .bss.configured_freq
                0x20000b64       0x28 CMakeFiles/tcp_client.dir/home/pi/pico/pico-sdk/src/rp2_common/hardware_clocks/clocks.c.obj
 .bss.default_alarm_pool_entry_ids_high
                0x20000b8c       0x10 CMakeFiles/tcp_client.dir/home/pi/pico/pico-sdk/src/common/pico_time/time.c.obj
 .bss.default_alarm_pool_heap_nodes
                0x20000b9c       0x30 CMakeFiles/tcp_client.dir/home/pi/pico/pico-sdk/src/common/pico_time/time.c.obj
 .bss.desc_str.6953
                0x20000bcc       0x28 CMakeFiles/tcp_client.dir/home/pi/pico/pico-sdk/src/rp2_common/pico_stdio_usb/stdio_usb_descriptors.c.obj
 .bss.drivers   0x20000bf4        0x4 CMakeFiles/tcp_client.dir/home/pi/pico/pico-sdk/src/rp2_common/pico_stdio/stdio.c.obj
 .bss.filter    0x20000bf8        0x4 CMakeFiles/tcp_client.dir/home/pi/pico/pico-sdk/src/rp2_common/pico_stdio/stdio.c.obj
 .bss.hw_endpoints
                0x20000bfc      0x400 CMakeFiles/tcp_client.dir/home/pi/pico/pico-sdk/lib/tinyusb/src/portable/raspberrypi/rp2040/dcd_rp2040.c.obj
 .bss.lazy_vsnprintf
                0x20000ffc        0x4 CMakeFiles/tcp_client.dir/home/pi/pico/pico-sdk/src/rp2_common/pico_printf/printf.c.obj
 .bss.load_value
                0x20001000        0x4 CMakeFiles/tcp_client.dir/home/pi/pico/pico-sdk/src/rp2_common/hardware_watchdog/watchdog.c.obj
 .bss.next_buffer_ptr
                0x20001004        0x4 CMakeFiles/tcp_client.dir/home/pi/pico/pico-sdk/lib/tinyusb/src/portable/raspberrypi/rp2040/dcd_rp2040.c.obj
 .bss.pools     0x20001008       0x10 CMakeFiles/tcp_client.dir/home/pi/pico/pico-sdk/src/common/pico_time/time.c.obj
 .bss.retrieved_id
                0x20001018        0x8 CMakeFiles/tcp_client.dir/home/pi/pico/pico-sdk/src/rp2_common/pico_unique_id/unique_id.c.obj
 .bss.s         0x20001020       0x32 CMakeFiles/tcp_client.dir/tcp_client.cpp.obj
                0x20001020                s
 *fill*         0x20001052        0x2 
 .bss.sleep_notifier
                0x20001054        0x4 CMakeFiles/tcp_client.dir/home/pi/pico/pico-sdk/src/common/pico_time/time.c.obj
 .bss.stdio_usb_mutex
                0x20001058        0x8 CMakeFiles/tcp_client.dir/home/pi/pico/pico-sdk/src/rp2_common/pico_stdio_usb/stdio_usb.c.obj
 .bss.target_hi
                0x20001060       0x10 CMakeFiles/tcp_client.dir/home/pi/pico/pico-sdk/src/rp2_common/hardware_timer/timer.c.obj
 .bss.usbd_serial_str
                0x20001070       0x11 CMakeFiles/tcp_client.dir/home/pi/pico/pico-sdk/src/rp2_common/pico_stdio_usb/stdio_usb_descriptors.c.obj
 .bss._app_driver_count
                0x20001081        0x1 CMakeFiles/tcp_client.dir/home/pi/pico/pico-sdk/lib/tinyusb/src/device/usbd.c.obj
 .bss._usbd_initialized
                0x20001082        0x1 CMakeFiles/tcp_client.dir/home/pi/pico/pico-sdk/lib/tinyusb/src/device/usbd.c.obj
 .bss.boot2_copyout_valid
                0x20001083        0x1 CMakeFiles/tcp_client.dir/home/pi/pico/pico-sdk/src/rp2_common/hardware_flash/flash.c.obj
 .bss.claimed   0x20001084        0x1 CMakeFiles/tcp_client.dir/home/pi/pico/pico-sdk/src/rp2_common/hardware_timer/timer.c.obj
 .bss.irq_hander_chain_free_slot_head
                0x20001085        0x1 CMakeFiles/tcp_client.dir/home/pi/pico/pico-sdk/src/rp2_common/hardware_irq/irq.c.obj
 .bss.itf_num   0x20001086        0x1 CMakeFiles/tcp_client.dir/home/pi/pico/pico-sdk/src/rp2_common/pico_stdio_usb/reset_interface.c.obj
 .bss.timer_callbacks_pending
                0x20001087        0x1 CMakeFiles/tcp_client.dir/home/pi/pico/pico-sdk/src/rp2_common/hardware_timer/timer.c.obj
 *(COMMON)
 COMMON         0x20001088        0x4 CMakeFiles/tcp_client.dir/home/pi/pico/pico-sdk/src/rp2_common/hardware_uart/uart.c.obj
                0x20001088                uart_char_to_line_feed
 COMMON         0x2000108c      0x100 CMakeFiles/tcp_client.dir/home/pi/pico/pico-sdk/src/rp2_common/pico_double/double_init_rom.c.obj
                0x2000108c                sd_table
 COMMON         0x2000118c      0x104 CMakeFiles/tcp_client.dir/home/pi/pico/pico-sdk/src/rp2_common/pico_float/float_init_rom.c.obj
                0x2000118c                sf_table
                0x2000128c                sf_clz_func
 COMMON         0x20001290       0xc0 CMakeFiles/tcp_client.dir/home/pi/pico/pico-sdk/lib/tinyusb/src/device/usbd.c.obj
                0x20001290                _usbd_qdef_buf
                0x20001350                . = ALIGN (0x4)
                0x20001350                __bss_end__ = .

.heap           0x20001350      0x800
                0x20001350                __end__ = .
                0x20001350                end = __end__
 *(.heap*)
 .heap          0x20001350      0x800 CMakeFiles/tcp_client.dir/home/pi/pico/pico-sdk/src/rp2_common/pico_standard_link/crt0.S.obj
                0x20001b50                __HeapLimit = .

.stack1_dummy   0x20040000        0x0
 *(.stack1*)

.stack_dummy    0x20041000      0x800
 *(.stack*)
 .stack         0x20041000      0x800 CMakeFiles/tcp_client.dir/home/pi/pico/pico-sdk/src/rp2_common/pico_standard_link/crt0.S.obj

.flash_end      0x100095c8        0x0
                0x100095c8                __flash_binary_end = .
                0x20040000                __StackLimit = (ORIGIN (RAM) + LENGTH (RAM))
                0x20041000                __StackOneTop = (ORIGIN (SCRATCH_X) + LENGTH (SCRATCH_X))
                0x20042000                __StackTop = (ORIGIN (SCRATCH_Y) + LENGTH (SCRATCH_Y))
                0x20041000                __StackOneBottom = (__StackOneTop - SIZEOF (.stack1_dummy))
                0x20041800                __StackBottom = (__StackTop - SIZEOF (.stack_dummy))
                0x20042000                PROVIDE (__stack = __StackTop)
                0x00000001                ASSERT ((__StackLimit >= __HeapLimit), region RAM overflowed)
                0x00000001                ASSERT (((__binary_info_header_end - __logical_binary_start) <= 0x100), Binary info must be in first 256 bytes of the binary)
LOAD CMakeFiles/tcp_client.dir/tcp_client.cpp.obj
LOAD CMakeFiles/tcp_client.dir/home/pi/pico/pico-sdk/src/rp2_common/pico_stdlib/stdlib.c.obj
LOAD CMakeFiles/tcp_client.dir/home/pi/pico/pico-sdk/src/rp2_common/hardware_gpio/gpio.c.obj
LOAD CMakeFiles/tcp_client.dir/home/pi/pico/pico-sdk/src/rp2_common/hardware_claim/claim.c.obj
LOAD CMakeFiles/tcp_client.dir/home/pi/pico/pico-sdk/src/rp2_common/pico_platform/platform.c.obj
LOAD CMakeFiles/tcp_client.dir/home/pi/pico/pico-sdk/src/rp2_common/hardware_sync/sync.c.obj
LOAD CMakeFiles/tcp_client.dir/home/pi/pico/pico-sdk/src/rp2_common/hardware_uart/uart.c.obj
LOAD CMakeFiles/tcp_client.dir/home/pi/pico/pico-sdk/src/rp2_common/hardware_divider/divider.S.obj
LOAD CMakeFiles/tcp_client.dir/home/pi/pico/pico-sdk/src/common/pico_time/time.c.obj
LOAD CMakeFiles/tcp_client.dir/home/pi/pico/pico-sdk/src/common/pico_time/timeout_helper.c.obj
LOAD CMakeFiles/tcp_client.dir/home/pi/pico/pico-sdk/src/rp2_common/hardware_timer/timer.c.obj
LOAD CMakeFiles/tcp_client.dir/home/pi/pico/pico-sdk/src/common/pico_sync/sem.c.obj
LOAD CMakeFiles/tcp_client.dir/home/pi/pico/pico-sdk/src/common/pico_sync/lock_core.c.obj
LOAD CMakeFiles/tcp_client.dir/home/pi/pico/pico-sdk/src/common/pico_sync/mutex.c.obj
LOAD CMakeFiles/tcp_client.dir/home/pi/pico/pico-sdk/src/common/pico_sync/critical_section.c.obj
LOAD CMakeFiles/tcp_client.dir/home/pi/pico/pico-sdk/src/common/pico_util/datetime.c.obj
LOAD CMakeFiles/tcp_client.dir/home/pi/pico/pico-sdk/src/common/pico_util/pheap.c.obj
LOAD CMakeFiles/tcp_client.dir/home/pi/pico/pico-sdk/src/common/pico_util/queue.c.obj
LOAD CMakeFiles/tcp_client.dir/home/pi/pico/pico-sdk/src/rp2_common/pico_runtime/runtime.c.obj
LOAD CMakeFiles/tcp_client.dir/home/pi/pico/pico-sdk/src/rp2_common/hardware_clocks/clocks.c.obj
LOAD CMakeFiles/tcp_client.dir/home/pi/pico/pico-sdk/src/rp2_common/hardware_irq/irq.c.obj
LOAD CMakeFiles/tcp_client.dir/home/pi/pico/pico-sdk/src/rp2_common/hardware_irq/irq_handler_chain.S.obj
LOAD CMakeFiles/tcp_client.dir/home/pi/pico/pico-sdk/src/rp2_common/hardware_pll/pll.c.obj
LOAD CMakeFiles/tcp_client.dir/home/pi/pico/pico-sdk/src/rp2_common/hardware_vreg/vreg.c.obj
LOAD CMakeFiles/tcp_client.dir/home/pi/pico/pico-sdk/src/rp2_common/hardware_watchdog/watchdog.c.obj
LOAD CMakeFiles/tcp_client.dir/home/pi/pico/pico-sdk/src/rp2_common/hardware_xosc/xosc.c.obj
LOAD CMakeFiles/tcp_client.dir/home/pi/pico/pico-sdk/src/rp2_common/pico_printf/printf.c.obj
LOAD CMakeFiles/tcp_client.dir/home/pi/pico/pico-sdk/src/rp2_common/pico_bit_ops/bit_ops_aeabi.S.obj
LOAD CMakeFiles/tcp_client.dir/home/pi/pico/pico-sdk/src/rp2_common/pico_bootrom/bootrom.c.obj
LOAD CMakeFiles/tcp_client.dir/home/pi/pico/pico-sdk/src/rp2_common/pico_divider/divider.S.obj
LOAD CMakeFiles/tcp_client.dir/home/pi/pico/pico-sdk/src/rp2_common/pico_double/double_aeabi.S.obj
LOAD CMakeFiles/tcp_client.dir/home/pi/pico/pico-sdk/src/rp2_common/pico_double/double_init_rom.c.obj
LOAD CMakeFiles/tcp_client.dir/home/pi/pico/pico-sdk/src/rp2_common/pico_double/double_math.c.obj
LOAD CMakeFiles/tcp_client.dir/home/pi/pico/pico-sdk/src/rp2_common/pico_double/double_v1_rom_shim.S.obj
LOAD CMakeFiles/tcp_client.dir/home/pi/pico/pico-sdk/src/rp2_common/pico_int64_ops/pico_int64_ops_aeabi.S.obj
LOAD CMakeFiles/tcp_client.dir/home/pi/pico/pico-sdk/src/rp2_common/pico_float/float_aeabi.S.obj
LOAD CMakeFiles/tcp_client.dir/home/pi/pico/pico-sdk/src/rp2_common/pico_float/float_init_rom.c.obj
LOAD CMakeFiles/tcp_client.dir/home/pi/pico/pico-sdk/src/rp2_common/pico_float/float_math.c.obj
LOAD CMakeFiles/tcp_client.dir/home/pi/pico/pico-sdk/src/rp2_common/pico_float/float_v1_rom_shim.S.obj
LOAD CMakeFiles/tcp_client.dir/home/pi/pico/pico-sdk/src/rp2_common/pico_malloc/pico_malloc.c.obj
LOAD CMakeFiles/tcp_client.dir/home/pi/pico/pico-sdk/src/rp2_common/pico_mem_ops/mem_ops_aeabi.S.obj
LOAD CMakeFiles/tcp_client.dir/home/pi/pico/pico-sdk/src/rp2_common/pico_standard_link/crt0.S.obj
LOAD CMakeFiles/tcp_client.dir/home/pi/pico/pico-sdk/src/rp2_common/pico_standard_link/new_delete.cpp.obj
LOAD CMakeFiles/tcp_client.dir/home/pi/pico/pico-sdk/src/rp2_common/pico_standard_link/binary_info.c.obj
LOAD CMakeFiles/tcp_client.dir/home/pi/pico/pico-sdk/src/rp2_common/pico_stdio/stdio.c.obj
LOAD CMakeFiles/tcp_client.dir/home/pi/pico/pico-sdk/src/rp2_common/pico_stdio_usb/reset_interface.c.obj
LOAD CMakeFiles/tcp_client.dir/home/pi/pico/pico-sdk/src/rp2_common/pico_stdio_usb/stdio_usb.c.obj
LOAD CMakeFiles/tcp_client.dir/home/pi/pico/pico-sdk/src/rp2_common/pico_stdio_usb/stdio_usb_descriptors.c.obj
LOAD CMakeFiles/tcp_client.dir/home/pi/pico/pico-sdk/lib/tinyusb/src/portable/raspberrypi/rp2040/dcd_rp2040.c.obj
LOAD CMakeFiles/tcp_client.dir/home/pi/pico/pico-sdk/lib/tinyusb/src/portable/raspberrypi/rp2040/rp2040_usb.c.obj
LOAD CMakeFiles/tcp_client.dir/home/pi/pico/pico-sdk/lib/tinyusb/src/device/usbd.c.obj
LOAD CMakeFiles/tcp_client.dir/home/pi/pico/pico-sdk/lib/tinyusb/src/device/usbd_control.c.obj
LOAD CMakeFiles/tcp_client.dir/home/pi/pico/pico-sdk/lib/tinyusb/src/class/audio/audio_device.c.obj
LOAD CMakeFiles/tcp_client.dir/home/pi/pico/pico-sdk/lib/tinyusb/src/class/cdc/cdc_device.c.obj
LOAD CMakeFiles/tcp_client.dir/home/pi/pico/pico-sdk/lib/tinyusb/src/class/dfu/dfu_device.c.obj
LOAD CMakeFiles/tcp_client.dir/home/pi/pico/pico-sdk/lib/tinyusb/src/class/dfu/dfu_rt_device.c.obj
LOAD CMakeFiles/tcp_client.dir/home/pi/pico/pico-sdk/lib/tinyusb/src/class/hid/hid_device.c.obj
LOAD CMakeFiles/tcp_client.dir/home/pi/pico/pico-sdk/lib/tinyusb/src/class/midi/midi_device.c.obj
LOAD CMakeFiles/tcp_client.dir/home/pi/pico/pico-sdk/lib/tinyusb/src/class/msc/msc_device.c.obj
LOAD CMakeFiles/tcp_client.dir/home/pi/pico/pico-sdk/lib/tinyusb/src/class/net/net_device.c.obj
LOAD CMakeFiles/tcp_client.dir/home/pi/pico/pico-sdk/lib/tinyusb/src/class/usbtmc/usbtmc_device.c.obj
LOAD CMakeFiles/tcp_client.dir/home/pi/pico/pico-sdk/lib/tinyusb/src/class/vendor/vendor_device.c.obj
LOAD CMakeFiles/tcp_client.dir/home/pi/pico/pico-sdk/lib/tinyusb/src/tusb.c.obj
LOAD CMakeFiles/tcp_client.dir/home/pi/pico/pico-sdk/lib/tinyusb/src/common/tusb_fifo.c.obj
LOAD CMakeFiles/tcp_client.dir/home/pi/pico/pico-sdk/src/rp2_common/pico_fix/rp2040_usb_device_enumeration/rp2040_usb_device_enumeration.c.obj
LOAD CMakeFiles/tcp_client.dir/home/pi/pico/pico-sdk/src/rp2_common/pico_unique_id/unique_id.c.obj
LOAD CMakeFiles/tcp_client.dir/home/pi/pico/pico-sdk/src/rp2_common/hardware_flash/flash.c.obj
LOAD /tmp/cc4xmRou.o
LOAD /usr/lib/gcc/arm-none-eabi/7.3.1/../../../arm-none-eabi/lib/thumb/v6-m/libstdc++.a
LOAD /usr/lib/gcc/arm-none-eabi/7.3.1/../../../arm-none-eabi/lib/thumb/v6-m/libm.a
START GROUP
LOAD /usr/lib/gcc/arm-none-eabi/7.3.1/thumb/v6-m/libgcc.a
LOAD /usr/lib/gcc/arm-none-eabi/7.3.1/../../../arm-none-eabi/lib/thumb/v6-m/libc.a
END GROUP
START GROUP
LOAD /usr/lib/gcc/arm-none-eabi/7.3.1/thumb/v6-m/libgcc.a
LOAD /usr/lib/gcc/arm-none-eabi/7.3.1/../../../arm-none-eabi/lib/thumb/v6-m/libc.a
LOAD /usr/lib/gcc/arm-none-eabi/7.3.1/../../../arm-none-eabi/lib/thumb/v6-m/libnosys.a
END GROUP
LOAD /usr/lib/gcc/arm-none-eabi/7.3.1/thumb/v6-m/crtend.o
LOAD /usr/lib/gcc/arm-none-eabi/7.3.1/thumb/v6-m/crtn.o
OUTPUT(tcp_client.elf elf32-littlearm)

.ARM.attributes
                0x00000000       0x28
 .ARM.attributes
                0x00000000       0x1e /usr/lib/gcc/arm-none-eabi/7.3.1/thumb/v6-m/crti.o
 .ARM.attributes
                0x0000001e       0x2c /usr/lib/gcc/arm-none-eabi/7.3.1/thumb/v6-m/crtbegin.o
 .ARM.attributes
                0x0000004a       0x32 CMakeFiles/tcp_client.dir/tcp_client.cpp.obj
 .ARM.attributes
                0x0000007c       0x32 CMakeFiles/tcp_client.dir/home/pi/pico/pico-sdk/src/rp2_common/hardware_gpio/gpio.c.obj
 .ARM.attributes
                0x000000ae       0x32 CMakeFiles/tcp_client.dir/home/pi/pico/pico-sdk/src/rp2_common/hardware_claim/claim.c.obj
 .ARM.attributes
                0x000000e0       0x32 CMakeFiles/tcp_client.dir/home/pi/pico/pico-sdk/src/rp2_common/pico_platform/platform.c.obj
 .ARM.attributes
                0x00000112       0x32 CMakeFiles/tcp_client.dir/home/pi/pico/pico-sdk/src/rp2_common/hardware_sync/sync.c.obj
 .ARM.attributes
                0x00000144       0x32 CMakeFiles/tcp_client.dir/home/pi/pico/pico-sdk/src/rp2_common/hardware_uart/uart.c.obj
 .ARM.attributes
                0x00000176       0x32 CMakeFiles/tcp_client.dir/home/pi/pico/pico-sdk/src/common/pico_time/time.c.obj
 .ARM.attributes
                0x000001a8       0x32 CMakeFiles/tcp_client.dir/home/pi/pico/pico-sdk/src/rp2_common/hardware_timer/timer.c.obj
 .ARM.attributes
                0x000001da       0x32 CMakeFiles/tcp_client.dir/home/pi/pico/pico-sdk/src/common/pico_sync/lock_core.c.obj
 .ARM.attributes
                0x0000020c       0x32 CMakeFiles/tcp_client.dir/home/pi/pico/pico-sdk/src/common/pico_sync/mutex.c.obj
 .ARM.attributes
                0x0000023e       0x32 CMakeFiles/tcp_client.dir/home/pi/pico/pico-sdk/src/common/pico_sync/critical_section.c.obj
 .ARM.attributes
                0x00000270       0x32 CMakeFiles/tcp_client.dir/home/pi/pico/pico-sdk/src/common/pico_util/pheap.c.obj
 .ARM.attributes
                0x000002a2       0x32 CMakeFiles/tcp_client.dir/home/pi/pico/pico-sdk/src/rp2_common/pico_runtime/runtime.c.obj
 .ARM.attributes
                0x000002d4       0x32 CMakeFiles/tcp_client.dir/home/pi/pico/pico-sdk/src/rp2_common/hardware_clocks/clocks.c.obj
 .ARM.attributes
                0x00000306       0x32 CMakeFiles/tcp_client.dir/home/pi/pico/pico-sdk/src/rp2_common/hardware_irq/irq.c.obj
 .ARM.attributes
                0x00000338       0x22 CMakeFiles/tcp_client.dir/home/pi/pico/pico-sdk/src/rp2_common/hardware_irq/irq_handler_chain.S.obj
 .ARM.attributes
                0x0000035a       0x32 CMakeFiles/tcp_client.dir/home/pi/pico/pico-sdk/src/rp2_common/hardware_pll/pll.c.obj
 .ARM.attributes
                0x0000038c       0x32 CMakeFiles/tcp_client.dir/home/pi/pico/pico-sdk/src/rp2_common/hardware_watchdog/watchdog.c.obj
 .ARM.attributes
                0x000003be       0x32 CMakeFiles/tcp_client.dir/home/pi/pico/pico-sdk/src/rp2_common/hardware_xosc/xosc.c.obj
 .ARM.attributes
                0x000003f0       0x32 CMakeFiles/tcp_client.dir/home/pi/pico/pico-sdk/src/rp2_common/pico_printf/printf.c.obj
 .ARM.attributes
                0x00000422       0x22 CMakeFiles/tcp_client.dir/home/pi/pico/pico-sdk/src/rp2_common/pico_bit_ops/bit_ops_aeabi.S.obj
 .ARM.attributes
                0x00000444       0x32 CMakeFiles/tcp_client.dir/home/pi/pico/pico-sdk/src/rp2_common/pico_bootrom/bootrom.c.obj
 .ARM.attributes
                0x00000476       0x22 CMakeFiles/tcp_client.dir/home/pi/pico/pico-sdk/src/rp2_common/pico_divider/divider.S.obj
 .ARM.attributes
                0x00000498       0x22 CMakeFiles/tcp_client.dir/home/pi/pico/pico-sdk/src/rp2_common/pico_double/double_aeabi.S.obj
 .ARM.attributes
                0x000004ba       0x32 CMakeFiles/tcp_client.dir/home/pi/pico/pico-sdk/src/rp2_common/pico_double/double_init_rom.c.obj
 .ARM.attributes
                0x000004ec       0x22 CMakeFiles/tcp_client.dir/home/pi/pico/pico-sdk/src/rp2_common/pico_double/double_v1_rom_shim.S.obj
 .ARM.attributes
                0x0000050e       0x22 CMakeFiles/tcp_client.dir/home/pi/pico/pico-sdk/src/rp2_common/pico_int64_ops/pico_int64_ops_aeabi.S.obj
 .ARM.attributes
                0x00000530       0x22 CMakeFiles/tcp_client.dir/home/pi/pico/pico-sdk/src/rp2_common/pico_float/float_aeabi.S.obj
 .ARM.attributes
                0x00000552       0x32 CMakeFiles/tcp_client.dir/home/pi/pico/pico-sdk/src/rp2_common/pico_float/float_init_rom.c.obj
 .ARM.attributes
                0x00000584       0x22 CMakeFiles/tcp_client.dir/home/pi/pico/pico-sdk/src/rp2_common/pico_float/float_v1_rom_shim.S.obj
 .ARM.attributes
                0x000005a6       0x22 CMakeFiles/tcp_client.dir/home/pi/pico/pico-sdk/src/rp2_common/pico_mem_ops/mem_ops_aeabi.S.obj
 .ARM.attributes
                0x000005c8       0x22 CMakeFiles/tcp_client.dir/home/pi/pico/pico-sdk/src/rp2_common/pico_standard_link/crt0.S.obj
 .ARM.attributes
                0x000005ea       0x32 CMakeFiles/tcp_client.dir/home/pi/pico/pico-sdk/src/rp2_common/pico_standard_link/binary_info.c.obj
 .ARM.attributes
                0x0000061c       0x32 CMakeFiles/tcp_client.dir/home/pi/pico/pico-sdk/src/rp2_common/pico_stdio/stdio.c.obj
 .ARM.attributes
                0x0000064e       0x32 CMakeFiles/tcp_client.dir/home/pi/pico/pico-sdk/src/rp2_common/pico_stdio_usb/reset_interface.c.obj
 .ARM.attributes
                0x00000680       0x32 CMakeFiles/tcp_client.dir/home/pi/pico/pico-sdk/src/rp2_common/pico_stdio_usb/stdio_usb.c.obj
 .ARM.attributes
                0x000006b2       0x32 CMakeFiles/tcp_client.dir/home/pi/pico/pico-sdk/src/rp2_common/pico_stdio_usb/stdio_usb_descriptors.c.obj
 .ARM.attributes
                0x000006e4       0x32 CMakeFiles/tcp_client.dir/home/pi/pico/pico-sdk/lib/tinyusb/src/portable/raspberrypi/rp2040/dcd_rp2040.c.obj
 .ARM.attributes
                0x00000716       0x32 CMakeFiles/tcp_client.dir/home/pi/pico/pico-sdk/lib/tinyusb/src/portable/raspberrypi/rp2040/rp2040_usb.c.obj
 .ARM.attributes
                0x00000748       0x32 CMakeFiles/tcp_client.dir/home/pi/pico/pico-sdk/lib/tinyusb/src/device/usbd.c.obj
 .ARM.attributes
                0x0000077a       0x32 CMakeFiles/tcp_client.dir/home/pi/pico/pico-sdk/lib/tinyusb/src/device/usbd_control.c.obj
 .ARM.attributes
                0x000007ac       0x32 CMakeFiles/tcp_client.dir/home/pi/pico/pico-sdk/lib/tinyusb/src/class/cdc/cdc_device.c.obj
 .ARM.attributes
                0x000007de       0x32 CMakeFiles/tcp_client.dir/home/pi/pico/pico-sdk/lib/tinyusb/src/tusb.c.obj
 .ARM.attributes
                0x00000810       0x32 CMakeFiles/tcp_client.dir/home/pi/pico/pico-sdk/lib/tinyusb/src/common/tusb_fifo.c.obj
 .ARM.attributes
                0x00000842       0x32 CMakeFiles/tcp_client.dir/home/pi/pico/pico-sdk/src/rp2_common/pico_unique_id/unique_id.c.obj
 .ARM.attributes
                0x00000874       0x32 CMakeFiles/tcp_client.dir/home/pi/pico/pico-sdk/src/rp2_common/hardware_flash/flash.c.obj
 .ARM.attributes
                0x000008a6       0x22 /tmp/cc4xmRou.o
 .ARM.attributes
                0x000008c8       0x1e /usr/lib/gcc/arm-none-eabi/7.3.1/thumb/v6-m/libgcc.a(_dvmd_tls.o)
 .ARM.attributes
                0x000008e6       0x2c /usr/lib/gcc/arm-none-eabi/7.3.1/../../../arm-none-eabi/lib/thumb/v6-m/libc.a(lib_a-strlen-stub.o)
 .ARM.attributes
                0x00000912       0x2c /usr/lib/gcc/arm-none-eabi/7.3.1/../../../arm-none-eabi/lib/thumb/v6-m/libc.a(lib_a-strstr.o)
 .ARM.attributes
                0x0000093e       0x2c /usr/lib/gcc/arm-none-eabi/7.3.1/../../../arm-none-eabi/lib/thumb/v6-m/libc.a(lib_a-memcmp.o)
 .ARM.attributes
                0x0000096a       0x2c /usr/lib/gcc/arm-none-eabi/7.3.1/../../../arm-none-eabi/lib/thumb/v6-m/libc.a(lib_a-strchr.o)
 .ARM.attributes
                0x00000996       0x2c /usr/lib/gcc/arm-none-eabi/7.3.1/../../../arm-none-eabi/lib/thumb/v6-m/libc.a(lib_a-strnlen.o)
 .ARM.attributes
                0x000009c2       0x2c /usr/lib/gcc/arm-none-eabi/7.3.1/thumb/v6-m/crtend.o

.comment        0x00000000       0xae
 .comment       0x00000000       0x57 /usr/lib/gcc/arm-none-eabi/7.3.1/thumb/v6-m/crtbegin.o
                                 0x58 (size before relaxing)
 .comment       0x00000057       0x58 CMakeFiles/tcp_client.dir/tcp_client.cpp.obj
 .comment       0x00000057       0x58 CMakeFiles/tcp_client.dir/home/pi/pico/pico-sdk/src/rp2_common/hardware_gpio/gpio.c.obj
 .comment       0x00000057       0x58 CMakeFiles/tcp_client.dir/home/pi/pico/pico-sdk/src/rp2_common/hardware_claim/claim.c.obj
 .comment       0x00000057       0x58 CMakeFiles/tcp_client.dir/home/pi/pico/pico-sdk/src/rp2_common/pico_platform/platform.c.obj
 .comment       0x00000057       0x58 CMakeFiles/tcp_client.dir/home/pi/pico/pico-sdk/src/rp2_common/hardware_sync/sync.c.obj
 .comment       0x00000057       0x58 CMakeFiles/tcp_client.dir/home/pi/pico/pico-sdk/src/rp2_common/hardware_uart/uart.c.obj
 .comment       0x00000057       0x58 CMakeFiles/tcp_client.dir/home/pi/pico/pico-sdk/src/common/pico_time/time.c.obj
 .comment       0x00000057       0x58 CMakeFiles/tcp_client.dir/home/pi/pico/pico-sdk/src/rp2_common/hardware_timer/timer.c.obj
 .comment       0x00000057       0x58 CMakeFiles/tcp_client.dir/home/pi/pico/pico-sdk/src/common/pico_sync/lock_core.c.obj
 .comment       0x00000057       0x58 CMakeFiles/tcp_client.dir/home/pi/pico/pico-sdk/src/common/pico_sync/mutex.c.obj
 .comment       0x00000057       0x58 CMakeFiles/tcp_client.dir/home/pi/pico/pico-sdk/src/common/pico_sync/critical_section.c.obj
 .comment       0x00000057       0x58 CMakeFiles/tcp_client.dir/home/pi/pico/pico-sdk/src/common/pico_util/pheap.c.obj
 .comment       0x00000057       0x58 CMakeFiles/tcp_client.dir/home/pi/pico/pico-sdk/src/rp2_common/pico_runtime/runtime.c.obj
 .comment       0x00000057       0x58 CMakeFiles/tcp_client.dir/home/pi/pico/pico-sdk/src/rp2_common/hardware_clocks/clocks.c.obj
 .comment       0x00000057       0x58 CMakeFiles/tcp_client.dir/home/pi/pico/pico-sdk/src/rp2_common/hardware_irq/irq.c.obj
 .comment       0x00000057       0x58 CMakeFiles/tcp_client.dir/home/pi/pico/pico-sdk/src/rp2_common/hardware_pll/pll.c.obj
 .comment       0x00000057       0x58 CMakeFiles/tcp_client.dir/home/pi/pico/pico-sdk/src/rp2_common/hardware_watchdog/watchdog.c.obj
 .comment       0x00000057       0x58 CMakeFiles/tcp_client.dir/home/pi/pico/pico-sdk/src/rp2_common/hardware_xosc/xosc.c.obj
 .comment       0x00000057       0x58 CMakeFiles/tcp_client.dir/home/pi/pico/pico-sdk/src/rp2_common/pico_printf/printf.c.obj
 .comment       0x00000057       0x58 CMakeFiles/tcp_client.dir/home/pi/pico/pico-sdk/src/rp2_common/pico_bootrom/bootrom.c.obj
 .comment       0x00000057       0x58 CMakeFiles/tcp_client.dir/home/pi/pico/pico-sdk/src/rp2_common/pico_double/double_init_rom.c.obj
 .comment       0x00000057       0x58 CMakeFiles/tcp_client.dir/home/pi/pico/pico-sdk/src/rp2_common/pico_float/float_init_rom.c.obj
 .comment       0x00000057       0x58 CMakeFiles/tcp_client.dir/home/pi/pico/pico-sdk/src/rp2_common/pico_standard_link/binary_info.c.obj
 .comment       0x00000057       0x58 CMakeFiles/tcp_client.dir/home/pi/pico/pico-sdk/src/rp2_common/pico_stdio/stdio.c.obj
 .comment       0x00000057       0x58 CMakeFiles/tcp_client.dir/home/pi/pico/pico-sdk/src/rp2_common/pico_stdio_usb/reset_interface.c.obj
 .comment       0x00000057       0x58 CMakeFiles/tcp_client.dir/home/pi/pico/pico-sdk/src/rp2_common/pico_stdio_usb/stdio_usb.c.obj
 .comment       0x00000057       0x58 CMakeFiles/tcp_client.dir/home/pi/pico/pico-sdk/src/rp2_common/pico_stdio_usb/stdio_usb_descriptors.c.obj
 .comment       0x00000057       0x58 CMakeFiles/tcp_client.dir/home/pi/pico/pico-sdk/lib/tinyusb/src/portable/raspberrypi/rp2040/dcd_rp2040.c.obj
 .comment       0x00000057       0x58 CMakeFiles/tcp_client.dir/home/pi/pico/pico-sdk/lib/tinyusb/src/portable/raspberrypi/rp2040/rp2040_usb.c.obj
 .comment       0x00000057       0x58 CMakeFiles/tcp_client.dir/home/pi/pico/pico-sdk/lib/tinyusb/src/device/usbd.c.obj
 .comment       0x00000057       0x58 CMakeFiles/tcp_client.dir/home/pi/pico/pico-sdk/lib/tinyusb/src/device/usbd_control.c.obj
 .comment       0x00000057       0x58 CMakeFiles/tcp_client.dir/home/pi/pico/pico-sdk/lib/tinyusb/src/class/cdc/cdc_device.c.obj
 .comment       0x00000057       0x58 CMakeFiles/tcp_client.dir/home/pi/pico/pico-sdk/lib/tinyusb/src/tusb.c.obj
 .comment       0x00000057       0x58 CMakeFiles/tcp_client.dir/home/pi/pico/pico-sdk/lib/tinyusb/src/common/tusb_fifo.c.obj
 .comment       0x00000057       0x58 CMakeFiles/tcp_client.dir/home/pi/pico/pico-sdk/src/rp2_common/pico_unique_id/unique_id.c.obj
 .comment       0x00000057       0x58 CMakeFiles/tcp_client.dir/home/pi/pico/pico-sdk/src/rp2_common/hardware_flash/flash.c.obj
 .comment       0x00000057       0x57 /usr/lib/gcc/arm-none-eabi/7.3.1/../../../arm-none-eabi/lib/thumb/v6-m/libc.a(lib_a-strlen-stub.o)
                                 0x58 (size before relaxing)
 .comment       0x000000ae       0x58 /usr/lib/gcc/arm-none-eabi/7.3.1/../../../arm-none-eabi/lib/thumb/v6-m/libc.a(lib_a-strstr.o)
 .comment       0x000000ae       0x58 /usr/lib/gcc/arm-none-eabi/7.3.1/../../../arm-none-eabi/lib/thumb/v6-m/libc.a(lib_a-memcmp.o)
 .comment       0x000000ae       0x58 /usr/lib/gcc/arm-none-eabi/7.3.1/../../../arm-none-eabi/lib/thumb/v6-m/libc.a(lib_a-strchr.o)
 .comment       0x000000ae       0x58 /usr/lib/gcc/arm-none-eabi/7.3.1/../../../arm-none-eabi/lib/thumb/v6-m/libc.a(lib_a-strnlen.o)
 .comment       0x000000ae       0x58 /usr/lib/gcc/arm-none-eabi/7.3.1/thumb/v6-m/crtend.o

.debug_line     0x00000000      0x82c
 .debug_line    0x00000000       0x5d /usr/lib/gcc/arm-none-eabi/7.3.1/thumb/v6-m/libgcc.a(_dvmd_tls.o)
 .debug_line    0x0000005d      0x146 /usr/lib/gcc/arm-none-eabi/7.3.1/../../../arm-none-eabi/lib/thumb/v6-m/libc.a(lib_a-strlen-stub.o)
 .debug_line    0x000001a3      0x2e3 /usr/lib/gcc/arm-none-eabi/7.3.1/../../../arm-none-eabi/lib/thumb/v6-m/libc.a(lib_a-strstr.o)
 .debug_line    0x00000486      0x135 /usr/lib/gcc/arm-none-eabi/7.3.1/../../../arm-none-eabi/lib/thumb/v6-m/libc.a(lib_a-memcmp.o)
 .debug_line    0x000005bb      0x149 /usr/lib/gcc/arm-none-eabi/7.3.1/../../../arm-none-eabi/lib/thumb/v6-m/libc.a(lib_a-strchr.o)
 .debug_line    0x00000704      0x128 /usr/lib/gcc/arm-none-eabi/7.3.1/../../../arm-none-eabi/lib/thumb/v6-m/libc.a(lib_a-strnlen.o)

.debug_info     0x00000000     0x32a2
 .debug_info    0x00000000       0x26 /usr/lib/gcc/arm-none-eabi/7.3.1/thumb/v6-m/libgcc.a(_dvmd_tls.o)
 .debug_info    0x00000026      0x8e2 /usr/lib/gcc/arm-none-eabi/7.3.1/../../../arm-none-eabi/lib/thumb/v6-m/libc.a(lib_a-strlen-stub.o)
 .debug_info    0x00000908      0xe92 /usr/lib/gcc/arm-none-eabi/7.3.1/../../../arm-none-eabi/lib/thumb/v6-m/libc.a(lib_a-strstr.o)
 .debug_info    0x0000179a      0x91d /usr/lib/gcc/arm-none-eabi/7.3.1/../../../arm-none-eabi/lib/thumb/v6-m/libc.a(lib_a-memcmp.o)
 .debug_info    0x000020b7      0x915 /usr/lib/gcc/arm-none-eabi/7.3.1/../../../arm-none-eabi/lib/thumb/v6-m/libc.a(lib_a-strchr.o)
 .debug_info    0x000029cc      0x8d6 /usr/lib/gcc/arm-none-eabi/7.3.1/../../../arm-none-eabi/lib/thumb/v6-m/libc.a(lib_a-strnlen.o)

.debug_abbrev   0x00000000      0xa4f
 .debug_abbrev  0x00000000       0x14 /usr/lib/gcc/arm-none-eabi/7.3.1/thumb/v6-m/libgcc.a(_dvmd_tls.o)
 .debug_abbrev  0x00000014      0x1b8 /usr/lib/gcc/arm-none-eabi/7.3.1/../../../arm-none-eabi/lib/thumb/v6-m/libc.a(lib_a-strlen-stub.o)
 .debug_abbrev  0x000001cc      0x349 /usr/lib/gcc/arm-none-eabi/7.3.1/../../../arm-none-eabi/lib/thumb/v6-m/libc.a(lib_a-strstr.o)
 .debug_abbrev  0x00000515      0x1bd /usr/lib/gcc/arm-none-eabi/7.3.1/../../../arm-none-eabi/lib/thumb/v6-m/libc.a(lib_a-memcmp.o)
 .debug_abbrev  0x000006d2      0x1c7 /usr/lib/gcc/arm-none-eabi/7.3.1/../../../arm-none-eabi/lib/thumb/v6-m/libc.a(lib_a-strchr.o)
 .debug_abbrev  0x00000899      0x1b6 /usr/lib/gcc/arm-none-eabi/7.3.1/../../../arm-none-eabi/lib/thumb/v6-m/libc.a(lib_a-strnlen.o)

.debug_aranges  0x00000000       0xc0
 .debug_aranges
                0x00000000       0x20 /usr/lib/gcc/arm-none-eabi/7.3.1/thumb/v6-m/libgcc.a(_dvmd_tls.o)
 .debug_aranges
                0x00000020       0x20 /usr/lib/gcc/arm-none-eabi/7.3.1/../../../arm-none-eabi/lib/thumb/v6-m/libc.a(lib_a-strlen-stub.o)
 .debug_aranges
                0x00000040       0x20 /usr/lib/gcc/arm-none-eabi/7.3.1/../../../arm-none-eabi/lib/thumb/v6-m/libc.a(lib_a-strstr.o)
 .debug_aranges
                0x00000060       0x20 /usr/lib/gcc/arm-none-eabi/7.3.1/../../../arm-none-eabi/lib/thumb/v6-m/libc.a(lib_a-memcmp.o)
 .debug_aranges
                0x00000080       0x20 /usr/lib/gcc/arm-none-eabi/7.3.1/../../../arm-none-eabi/lib/thumb/v6-m/libc.a(lib_a-strchr.o)
 .debug_aranges
                0x000000a0       0x20 /usr/lib/gcc/arm-none-eabi/7.3.1/../../../arm-none-eabi/lib/thumb/v6-m/libc.a(lib_a-strnlen.o)

.debug_str      0x00000000      0x7ef